Microchip MPLAB XC8 Compiler V2.10 ()

Linker command line:

-W-3 --edf=C:\Program Files (x86)\Microchip\xc8\v2.10\pic\dat\en_msgs.txt \
  -cs -h+dist/default/production\fuck_i2c.X.production.sym \
  --cmf=dist/default/production\fuck_i2c.X.production.cmf -z -Q18F46K22 \
  -oC:\Users\louis\AppData\Local\Temp\s4ms.2 --defsym=__MPLAB_BUILD=1 \
  -Mdist/default/production/fuck_i2c.X.production.map -E1 -ver=XC8 \
  --acfsm=1493 -ASTACK=0200h-0F37h -pstack=STACK -ACODE=00h-0FFFFh \
  -ACONST=00h-0FFFFh -ASMALLCONST=01000h-010FFhx240 \
  -AMEDIUMCONST=01000h-0FFFFh -ACOMRAM=01h-05Fh -AABS1=00h-0F37h \
  -ABIGRAM=01h-0F37h -ARAM=060h-0FFh,0100h-01FFhx14,0F00h-0F37h \
  -ABANK0=060h-0FFh -ABANK1=0100h-01FFh -ABANK2=0200h-02FFh \
  -ABANK3=0300h-03FFh -ABANK4=0400h-04FFh -ABANK5=0500h-05FFh \
  -ABANK6=0600h-06FFh -ABANK7=0700h-07FFh -ABANK8=0800h-08FFh \
  -ABANK9=0900h-09FFh -ABANK10=0A00h-0AFFh -ABANK11=0B00h-0BFFh \
  -ABANK12=0C00h-0CFFh -ABANK13=0D00h-0DFFh -ABANK14=0E00h-0EFFh \
  -ABANK15=0F00h-0F37h -ASFR=0F38h-0F5Fh,0F60h-0FFFh \
  -preset_vec=00h,intcode,intcodelo,powerup,init -pramtop=01000h \
  -psmallconst=SMALLCONST -pmediumconst=MEDIUMCONST -pconst=CONST \
  -AFARRAM=00h-00h -ACONFIG=0300000h-030000Dh -pconfig=CONFIG \
  -AIDLOC=0200000h-0200007h -pidloc=IDLOC -AEEDATA=0F00000h-0F003FFh \
  -peeprom_data=EEDATA \
  -prdata=COMRAM,nvrram=COMRAM,nvbit=COMRAM,rbss=COMRAM,rbit=COMRAM \
  -pfarbss=FARRAM,fardata=FARRAM,nvFARRAM=FARRAM \
  -pintsave_regs=BIGRAM,bigbss=BIGRAM,bigdata=BIGRAM -pbss=RAM \
  -pidata=CODE,irdata=CODE,ibigdata=CODE,ifardata=CODE -prparam=COMRAM \
  C:\Users\louis\AppData\Local\Temp\s4ms.o \
  dist/default/production\fuck_i2c.X.production.o 

Object code version is 3.11

Machine type is 18F46K22

Call graph: (short form)




                Name                               Link     Load   Length Selector   Space Scale
C:\Users\louis\AppData\Local\Temp\s4ms.o
                init                                  0        0        4        0       0
                idloc                            200000   200000        8   200000       0
                config                           300000   300000        E   300000       0
dist/default/production\fuck_i2c.X.production.o
                mediumconst                        FCD2     FCD2      32E     7E69       0
                text35                             E2E0     E2E0       36     7170       0
                text34                             E2AC     E2AC       34     7156       0
                text33                             E15A     E15A       18     70AD       0
                text32                             E1F8     E1F8       20     70FC       0
                text31                             E18A     E18A       1A     70C5       0
                text30                             E1DA     E1DA       1E     70ED       0
                text29                             E118     E118       16     708C       0
                text28                             E512     E512       C4     7289       0
                text27                             E4A4     E4A4       6E     7252       0
                text26                             E358     E358       50     71AC       0
                text25                             E448     E448       5C     7224       0
                text24                             E7CE     E7CE      158     73E7       0
                text23                             E1A4     E1A4       1A     70D2       0
                text22                             E5D6     E5D6       F2     72EB       0
                text21                             E0E2     E0E2        A     7071       0
                text20                             E238     E238       24     711C       0
                text19                             E316     E316       42     718B       0
                text18                             E3A8     E3A8       50     71D4       0
                text17                             F812     F812      4C0     7C09       0
                text16                             F04E     F04E      39A     7827       0
                text15                             F3E8     F3E8      42A     79F4       0
                text14                             E6C8     E6C8      106     7364       0
                text13                             EC6E     EC6E      1BE     7637       0
                text12                             EABA     EABA      1B4     755D       0
                text11                             E12E     E12E       16     7097       0
                text10                             E144     E144       16     70A2       0
                text9                              E280     E280       2C     7140       0
                text8                              E218     E218       20     710C       0
                text7                              E104     E104       14     7082       0
                text6                              E172     E172       18     70B9       0
                text5                              E1BE     E1BE       1C     70DF       0
                text4                              E926     E926      194     7493       0
                text3                              E0EC     E0EC        C     7076       0
                text2                              E25C     E25C       24     712E       0
                text1                              E0DA     E0DA        8     706D       0
                text0                              EE2C     EE2C      222     7716       0
                cstackCOMRAM                          1        1       5C        1       1
                cstackBANK0                          90       90       1E       60       1
                bssBANK1                            100      100      100      100       1
                dataBANK0                            AE       AE        C       60       1
                bssBANK0                             60       60       30       60       1
                bssCOMRAM                            5D       5D        3        1       1
                cinit                              E3F8     E3F8       50     71FC       0
                idataBANK0                         E0F8     E0F8        C     E0F8       0

TOTAL           Name                               Link     Load   Length     Space
        CLASS   STACK          

        CLASS   CODE           
                init                                  0        0        4         0
                text35                             E2E0     E2E0       36         0
                text34                             E2AC     E2AC       34         0
                text33                             E15A     E15A       18         0
                text32                             E1F8     E1F8       20         0
                text31                             E18A     E18A       1A         0
                text30                             E1DA     E1DA       1E         0
                text29                             E118     E118       16         0
                text28                             E512     E512       C4         0
                text27                             E4A4     E4A4       6E         0
                text26                             E358     E358       50         0
                text25                             E448     E448       5C         0
                text24                             E7CE     E7CE      158         0
                text23                             E1A4     E1A4       1A         0
                text22                             E5D6     E5D6       F2         0
                text21                             E0E2     E0E2        A         0
                text20                             E238     E238       24         0
                text19                             E316     E316       42         0
                text18                             E3A8     E3A8       50         0
                text17                             F812     F812      4C0         0
                text16                             F04E     F04E      39A         0
                text15                             F3E8     F3E8      42A         0
                text14                             E6C8     E6C8      106         0
                text13                             EC6E     EC6E      1BE         0
                text12                             EABA     EABA      1B4         0
                text11                             E12E     E12E       16         0
                text10                             E144     E144       16         0
                text9                              E280     E280       2C         0
                text8                              E218     E218       20         0
                text7                              E104     E104       14         0
                text6                              E172     E172       18         0
                text5                              E1BE     E1BE       1C         0
                text4                              E926     E926      194         0
                text3                              E0EC     E0EC        C         0
                text2                              E25C     E25C       24         0
                text1                              E0DA     E0DA        8         0
                text0                              EE2C     EE2C      222         0
                cinit                              E3F8     E3F8       50         0
                idataBANK0                         E0F8     E0F8        C         0

        CLASS   CONST          

        CLASS   SMALLCONST     

        CLASS   MEDIUMCONST    
                mediumconst                        FCD2     FCD2      32E         0

        CLASS   COMRAM         
                cstackCOMRAM                          1        1       5C         1
                bssCOMRAM                            5D       5D        3         1

        CLASS   ABS1           

        CLASS   BIGRAM         

        CLASS   RAM            

        CLASS   BANK0          
                cstackBANK0                          90       90       1E         1
                dataBANK0                            AE       AE        C         1
                bssBANK0                             60       60       30         1

        CLASS   BANK1          
                bssBANK1                            100      100      100         1

        CLASS   BANK2          

        CLASS   BANK3          

        CLASS   BANK4          

        CLASS   BANK5          

        CLASS   BANK6          

        CLASS   BANK7          

        CLASS   BANK8          

        CLASS   BANK9          

        CLASS   BANK10         

        CLASS   BANK11         

        CLASS   BANK12         

        CLASS   BANK13         

        CLASS   BANK14         

        CLASS   BANK15         

        CLASS   SFR            

        CLASS   FARRAM         

        CLASS   CONFIG         
                config                           300000   300000        E         0

        CLASS   IDLOC          
                idloc                            200000   200000        8         0

        CLASS   EEDATA         



SEGMENTS        Name                           Load    Length   Top    Selector   Space  Class

                reset_vec                      000000  000004  000004         0       0  CODE    
                cstackCOMRAM                   000001  00005F  000060         1       1  COMRAM  
                bssBANK0                       000060  00005A  0000BA        60       1  BANK0   
                bssBANK1                       000100  000100  000200       100       1  BANK1   
                text1                          00E0DA  000008  00E0E2      706D       0  CODE    
                text21                         00E0E2  00000A  00E0EC      7071       0  CODE    
                text3                          00E0EC  00000C  00E0F8      7076       0  CODE    
                idataBANK0                     00E0F8  00000C  00E104      E0F8       0  CODE    
                text7                          00E104  000014  00E118      7082       0  CODE    
                text29                         00E118  000016  00E12E      708C       0  CODE    
                text11                         00E12E  000016  00E144      7097       0  CODE    
                text10                         00E144  000016  00E15A      70A2       0  CODE    
                text33                         00E15A  000018  00E172      70AD       0  CODE    
                text6                          00E172  000018  00E18A      70B9       0  CODE    
                text31                         00E18A  00001A  00E1A4      70C5       0  CODE    
                text23                         00E1A4  00001A  00E1BE      70D2       0  CODE    
                text5                          00E1BE  00001C  00E1DA      70DF       0  CODE    
                text30                         00E1DA  00001E  00E1F8      70ED       0  CODE    
                text32                         00E1F8  000020  00E218      70FC       0  CODE    
                text8                          00E218  000020  00E238      710C       0  CODE    
                text20                         00E238  000024  00E25C      711C       0  CODE    
                text2                          00E25C  000024  00E280      712E       0  CODE    
                text9                          00E280  00002C  00E2AC      7140       0  CODE    
                text34                         00E2AC  000034  00E2E0      7156       0  CODE    
                text35                         00E2E0  000036  00E316      7170       0  CODE    
                text19                         00E316  000042  00E358      718B       0  CODE    
                text26                         00E358  000050  00E3A8      71AC       0  CODE    
                text18                         00E3A8  000050  00E3F8      71D4       0  CODE    
                cinit                          00E3F8  000050  00E448      71FC       0  CODE    
                text25                         00E448  00005C  00E4A4      7224       0  CODE    
                text27                         00E4A4  00006E  00E512      7252       0  CODE    
                text28                         00E512  0000C4  00E5D6      7289       0  CODE    
                text22                         00E5D6  0000F2  00E6C8      72EB       0  CODE    
                text14                         00E6C8  000106  00E7CE      7364       0  CODE    
                text24                         00E7CE  000158  00E926      73E7       0  CODE    
                text4                          00E926  000194  00EABA      7493       0  CODE    
                text12                         00EABA  0001B4  00EC6E      755D       0  CODE    
                text13                         00EC6E  0001BE  00EE2C      7637       0  CODE    
                text0                          00EE2C  000222  00F04E      7716       0  CODE    
                text16                         00F04E  00039A  00F3E8      7827       0  CODE    
                text15                         00F3E8  00042A  00F812      79F4       0  CODE    
                text17                         00F812  0004C0  00FCD2      7C09       0  CODE    
                mediumconst                    00FCD2  00032E  010000      7E69       0  MEDIUMCO
                idloc                          200000  000008  200008    200000       0  IDLOC   
                config                         300000  00000E  30000E    300000       0  CONFIG  


UNUSED ADDRESS RANGES

        Name                Unused          Largest block    Delta
        BANK0            0000BA-0000FF               46
        BANK10           000A00-000AFF              100
        BANK11           000B00-000BFF              100
        BANK12           000C00-000CFF              100
        BANK13           000D00-000DFF              100
        BANK14           000E00-000EFF              100
        BANK15           000F00-000F37               38
        BANK2            000200-0002FF              100
        BANK3            000300-0003FF              100
        BANK4            000400-0004FF              100
        BANK5            000500-0005FF              100
        BANK6            000600-0006FF              100
        BANK7            000700-0007FF              100
        BANK8            000800-0008FF              100
        BANK9            000900-0009FF              100
        BIGRAM           0000BA-0000FF               46
                         000200-000F37              D38
        CODE             000004-00E0D9             E0D6
        CONST            000004-00E0D9             E0D6
        EEDATA           F00000-F003FF              400
        MEDIUMCONST      001000-00E0D9             D0DA
        RAM              0000BA-0000FF               46
                         000200-000F37              100
        SFR              000F38-000FFF               28
        SMALLCONST       001000-00E0D9              100
        STACK            000200-000F37              D38

                                  Symbol Table

?___awdiv                                              cstackCOMRAM 000001
?___fladd                                              cstackCOMRAM 000041
?___fldiv                                              cstackCOMRAM 00000F
?___flmul                                              cstackCOMRAM 000028
?___fltol                                              cstackCOMRAM 000051
?___xxtofl                                             cstackCOMRAM 000001
GetMode@masked_reg                                     cstackCOMRAM 000011
GetMode@reg                                            cstackCOMRAM 000012
ReadSXRegister@RegValue                                cstackCOMRAM 000004
ReadSXRegister@address                                 cstackCOMRAM 000005
SPIReceive@data_in                                     cstackCOMRAM 000003
SPIReceive@data_out                                    cstackCOMRAM 000002
SPITransfer@data_out                                   cstackCOMRAM 000002
UARTInit@baudRate                                      cstackCOMRAM 000001
UARTWriteByte@data                                     cstackCOMRAM 000001
UARTWriteByteHex@data                                  cstackCOMRAM 00000E
UARTWriteByteHex@hexa                                  cstackCOMRAM 00000C
UARTWriteStr@i                                         cstackCOMRAM 000006
UARTWriteStr@string                                    cstackCOMRAM 000002
UARTWriteStrLn@i                                       cstackCOMRAM 000006
UARTWriteStrLn@string                                  cstackCOMRAM 000002
WriteSXRegister@address                                cstackCOMRAM 000007
WriteSXRegister@data                                   cstackCOMRAM 000006
_ADCON0                                                (abs)        000FC2
_ADCON0bits                                            (abs)        000FC2
_ADCON1                                                (abs)        000FC1
_ADCON1bits                                            (abs)        000FC1
_ADCON2                                                (abs)        000FC0
_ADCON2bits                                            (abs)        000FC0
_ADC_result                                            bssBANK0     00008E
_ADRESH                                                (abs)        000FC4
_ADRESL                                                (abs)        000FC3
_ANSELAbits                                            (abs)        000F38
_ANSELC                                                (abs)        000F3A
_ANSELCbits                                            (abs)        000F3A
_ANSELD                                                (abs)        000F3B
_ANSELDbits                                            (abs)        000F3B
_ANSELE                                                (abs)        000F3C
_AntennaTX                                             text33       00E15A
_BAUDCON1bits                                          (abs)        000FB8
_CCP5CONbits                                           (abs)        000F54
_GetMode                                               text24       00E7CE
_INTCON                                                (abs)        000FF2
_INTCONbits                                            (abs)        000FF2
_InitModule                                            text22       00E5D6
_InitRFLoRaPins                                        text21       00E0E2
_LATBbits                                              (abs)        000F8A
_LATEbits                                              (abs)        000F8D
_OSCCON                                                (abs)        000FD3
_OSCCONbits                                            (abs)        000FD3
_PEIE                                                  (abs)        007F96
_PIE1bits                                              (abs)        000F9D
_PIR1bits                                              (abs)        000F9E
_PIR2bits                                              (abs)        000FA1
_PIR3bits                                              (abs)        000FA4
_RCIE                                                  (abs)        007CED
_RCIF                                                  (abs)        007CF5
_RCREG1                                                (abs)        000FAE
_RCSTA1                                                (abs)        000FAB
_RCSTA1bits                                            (abs)        000FAB
_ReadSXRegister                                        text30       00E1DA
_ResetRFModule                                         text20       00E238
_SPBRG1                                                (abs)        000FAF
_SPBRGH1                                               (abs)        000FB0
_SPIInit                                               text19       00E316
_SPIReceive                                            text32       00E1F8
_SPITransfer                                           text31       00E18A
_SSP1ADD                                               (abs)        000FC8
_SSP1BUF                                               (abs)        000FC9
_SSP1CON1bits                                          (abs)        000FC6
_SSP1CON2                                              (abs)        000FC5
_SSP1CON2bits                                          (abs)        000FC5
_SSP1STATbits                                          (abs)        000FC7
_SSP2BUF                                               (abs)        000F6F
_SSP2CON1                                              (abs)        000F6C
_SSP2STATbits                                          (abs)        000F6D
_T0CON                                                 (abs)        000FD5
_TRISA                                                 (abs)        000F92
_TRISAbits                                             (abs)        000F92
_TRISB                                                 (abs)        000F93
_TRISBbits                                             (abs)        000F93
_TRISC                                                 (abs)        000F94
_TRISCbits                                             (abs)        000F94
_TRISDbits                                             (abs)        000F95
_TRISEbits                                             (abs)        000F96
_TXREG1                                                (abs)        000FAD
_TXSTA1                                                (abs)        000FAC
_TXSTA1bits                                            (abs)        000FAC
_UARTInit                                              text35       00E2E0
_UARTWriteByte                                         text29       00E118
_UARTWriteByteHex                                      text27       00E4A4
_UARTWriteStr                                          text26       00E358
_UARTWriteStrLn                                        text25       00E448
_VREFCON0bits                                          (abs)        000F42
_WriteSXRegister                                       text23       00E1A4
__CFG_BOREN$SBORDIS                                    (abs)        000000
__CFG_BORV$190                                         (abs)        000000
__CFG_CCP2MX$PORTC1                                    (abs)        000000
__CFG_CCP3MX$PORTB5                                    (abs)        000000
__CFG_CP0$OFF                                          (abs)        000000
__CFG_CP1$OFF                                          (abs)        000000
__CFG_CPB$OFF                                          (abs)        000000
__CFG_CPD$OFF                                          (abs)        000000
__CFG_EBTR0$OFF                                        (abs)        000000
__CFG_EBTR1$OFF                                        (abs)        000000
__CFG_EBTRB$OFF                                        (abs)        000000
__CFG_FCMEN$OFF                                        (abs)        000000
__CFG_FOSC$INTIO7                                      (abs)        000000
__CFG_HFOFST$ON                                        (abs)        000000
__CFG_IESO$OFF                                         (abs)        000000
__CFG_LVP$OFF                                          (abs)        000000
__CFG_MCLRE$EXTMCLR                                    (abs)        000000
__CFG_P2BMX$PORTD2                                     (abs)        000000
__CFG_PBADEN$OFF                                       (abs)        000000
__CFG_PLLCFG$OFF                                       (abs)        000000
__CFG_PRICLKEN$ON                                      (abs)        000000
__CFG_PWRTEN$ON                                        (abs)        000000
__CFG_STVREN$ON                                        (abs)        000000
__CFG_T3CMX$PORTC0                                     (abs)        000000
__CFG_WDTEN$OFF                                        (abs)        000000
__CFG_WDTPS$32768                                      (abs)        000000
__CFG_WRT0$OFF                                         (abs)        000000
__CFG_WRT1$OFF                                         (abs)        000000
__CFG_WRTB$OFF                                         (abs)        000000
__CFG_WRTC$OFF                                         (abs)        000000
__CFG_WRTD$OFF                                         (abs)        000000
__CFG_XINST$OFF                                        (abs)        000000
__HRAM                                                 (abs)        000000
__Habs1                                                abs1         000000
__Hbank0                                               bank0        000000
__Hbank1                                               bank1        000000
__Hbank10                                              bank10       000000
__Hbank11                                              bank11       000000
__Hbank12                                              bank12       000000
__Hbank13                                              bank13       000000
__Hbank14                                              bank14       000000
__Hbank15                                              bank15       000000
__Hbank2                                               bank2        000000
__Hbank3                                               bank3        000000
__Hbank4                                               bank4        000000
__Hbank5                                               bank5        000000
__Hbank6                                               bank6        000000
__Hbank7                                               bank7        000000
__Hbank8                                               bank8        000000
__Hbank9                                               bank9        000000
__Hbigbss                                              bigbss       000000
__Hbigdata                                             bigdata      000000
__Hbigram                                              bigram       000000
__Hbss                                                 bss          000000
__HbssBANK0                                            bssBANK0     000000
__HbssBANK1                                            bssBANK1     000000
__HbssCOMRAM                                           bssCOMRAM    000000
__Hcinit                                               cinit        000000
__Hclrtext                                             clrtext      000000
__Hcomram                                              comram       000000
__Hconfig                                              config       30000E
__Hconst                                               const        000000
__HcstackBANK0                                         cstackBANK0  000000
__HcstackCOMRAM                                        cstackCOMRAM 000000
__Hdata                                                data         000000
__HdataBANK0                                           dataBANK0    000000
__Heeprom_data                                         eeprom_data  000000
__Hfarbss                                              farbss       000000
__Hfardata                                             fardata      000000
__Hibigdata                                            ibigdata     000000
__Hidata                                               idata        000000
__HidataBANK0                                          idataBANK0   000000
__Hidloc                                               idloc        200008
__Hifardata                                            ifardata     000000
__Hinit                                                init         000004
__Hintcode                                             intcode      000000
__Hintcode_body                                        intcode_body 000000
__Hintcodelo                                           intcodelo    000000
__Hintentry                                            intentry     000000
__Hintret                                              intret       000000
__Hintsave_regs                                        intsave_regs 000000
__Hirdata                                              irdata       000000
__Hmediumconst                                         mediumconst  010000
__HnvFARRAM                                            nvFARRAM     000000
__Hnvbit                                               nvbit        000000
__Hnvrram                                              nvrram       000000
__Hparam                                               rparam       000000
__Hpowerup                                             powerup      000000
__Hram                                                 ram          000000
__Hramtop                                              ramtop       001000
__Hrbit                                                rbit         000000
__Hrbss                                                rbss         000000
__Hrdata                                               rdata        000000
__Hreset_vec                                           reset_vec    000000
__Hrparam                                              rparam       000000
__Hsfr                                                 sfr          000000
__Hsmallconst                                          smallconst   000000
__Hspace_0                                             (abs)        30000E
__Hspace_1                                             (abs)        000200
__Hspace_2                                             (abs)        000000
__Hstack                                               stack        000000
__Hstruct                                              struct       000000
__Htemp                                                temp         000000
__Htext                                                text         000000
__Htext0                                               text0        000000
__Htext1                                               text1        000000
__Htext10                                              text10       000000
__Htext11                                              text11       000000
__Htext12                                              text12       000000
__Htext13                                              text13       000000
__Htext14                                              text14       000000
__Htext15                                              text15       000000
__Htext16                                              text16       000000
__Htext17                                              text17       000000
__Htext18                                              text18       000000
__Htext19                                              text19       000000
__Htext2                                               text2        000000
__Htext20                                              text20       000000
__Htext21                                              text21       000000
__Htext22                                              text22       000000
__Htext23                                              text23       000000
__Htext24                                              text24       000000
__Htext25                                              text25       000000
__Htext26                                              text26       000000
__Htext27                                              text27       000000
__Htext28                                              text28       000000
__Htext29                                              text29       000000
__Htext3                                               text3        000000
__Htext30                                              text30       000000
__Htext31                                              text31       000000
__Htext32                                              text32       000000
__Htext33                                              text33       000000
__Htext34                                              text34       000000
__Htext35                                              text35       000000
__Htext4                                               text4        000000
__Htext5                                               text5        000000
__Htext6                                               text6        000000
__Htext7                                               text7        000000
__Htext8                                               text8        000000
__Htext9                                               text9        000000
__LRAM                                                 (abs)        000001
__Labs1                                                abs1         000000
__Lbank0                                               bank0        000000
__Lbank1                                               bank1        000000
__Lbank10                                              bank10       000000
__Lbank11                                              bank11       000000
__Lbank12                                              bank12       000000
__Lbank13                                              bank13       000000
__Lbank14                                              bank14       000000
__Lbank15                                              bank15       000000
__Lbank2                                               bank2        000000
__Lbank3                                               bank3        000000
__Lbank4                                               bank4        000000
__Lbank5                                               bank5        000000
__Lbank6                                               bank6        000000
__Lbank7                                               bank7        000000
__Lbank8                                               bank8        000000
__Lbank9                                               bank9        000000
__Lbigbss                                              bigbss       000000
__Lbigdata                                             bigdata      000000
__Lbigram                                              bigram       000000
__Lbss                                                 bss          000000
__LbssBANK0                                            bssBANK0     000000
__LbssBANK1                                            bssBANK1     000000
__LbssCOMRAM                                           bssCOMRAM    000000
__Lcinit                                               cinit        000000
__Lclrtext                                             clrtext      000000
__Lcomram                                              comram       000000
__Lconfig                                              config       300000
__Lconst                                               const        000000
__LcstackBANK0                                         cstackBANK0  000000
__LcstackCOMRAM                                        cstackCOMRAM 000000
__Ldata                                                data         000000
__LdataBANK0                                           dataBANK0    000000
__Leeprom_data                                         eeprom_data  000000
__Lfarbss                                              farbss       000000
__Lfardata                                             fardata      000000
__Libigdata                                            ibigdata     000000
__Lidata                                               idata        000000
__LidataBANK0                                          idataBANK0   000000
__Lidloc                                               idloc        200000
__Lifardata                                            ifardata     000000
__Linit                                                init         000000
__Lintcode                                             intcode      000000
__Lintcode_body                                        intcode_body 000000
__Lintcodelo                                           intcodelo    000000
__Lintentry                                            intentry     000000
__Lintret                                              intret       000000
__Lintsave_regs                                        intsave_regs 000000
__Lirdata                                              irdata       000000
__Lmediumconst                                         mediumconst  00FCD2
__LnvFARRAM                                            nvFARRAM     000000
__Lnvbit                                               nvbit        000000
__Lnvrram                                              nvrram       000000
__Lparam                                               rparam       000000
__Lpowerup                                             powerup      000000
__Lram                                                 ram          000000
__Lramtop                                              ramtop       001000
__Lrbit                                                rbit         000000
__Lrbss                                                rbss         000000
__Lrdata                                               rdata        000000
__Lreset_vec                                           reset_vec    000000
__Lrparam                                              rparam       000000
__Lsfr                                                 sfr          000000
__Lsmallconst                                          smallconst   000000
__Lspace_0                                             (abs)        000000
__Lspace_1                                             (abs)        000000
__Lspace_2                                             (abs)        000000
__Lstack                                               stack        000000
__Lstruct                                              struct       000000
__Ltemp                                                temp         000000
__Ltext                                                text         000000
__Ltext0                                               text0        000000
__Ltext1                                               text1        000000
__Ltext10                                              text10       000000
__Ltext11                                              text11       000000
__Ltext12                                              text12       000000
__Ltext13                                              text13       000000
__Ltext14                                              text14       000000
__Ltext15                                              text15       000000
__Ltext16                                              text16       000000
__Ltext17                                              text17       000000
__Ltext18                                              text18       000000
__Ltext19                                              text19       000000
__Ltext2                                               text2        000000
__Ltext20                                              text20       000000
__Ltext21                                              text21       000000
__Ltext22                                              text22       000000
__Ltext23                                              text23       000000
__Ltext24                                              text24       000000
__Ltext25                                              text25       000000
__Ltext26                                              text26       000000
__Ltext27                                              text27       000000
__Ltext28                                              text28       000000
__Ltext29                                              text29       000000
__Ltext3                                               text3        000000
__Ltext30                                              text30       000000
__Ltext31                                              text31       000000
__Ltext32                                              text32       000000
__Ltext33                                              text33       000000
__Ltext34                                              text34       000000
__Ltext35                                              text35       000000
__Ltext4                                               text4        000000
__Ltext5                                               text5        000000
__Ltext6                                               text6        000000
__Ltext7                                               text7        000000
__Ltext8                                               text8        000000
__Ltext9                                               text9        000000
__S0                                                   (abs)        30000E
__S1                                                   (abs)        000200
__S2                                                   (abs)        000000
___awdiv                                               text28       00E512
___awdiv@counter                                       cstackCOMRAM 000005
___awdiv@dividend                                      cstackCOMRAM 000001
___awdiv@divisor                                       cstackCOMRAM 000003
___awdiv@quotient                                      cstackCOMRAM 000007
___awdiv@sign                                          cstackCOMRAM 000006
___fladd                                               text17       00F812
___fladd@a                                             cstackCOMRAM 000045
___fladd@aexp                                          cstackCOMRAM 00004E
___fladd@b                                             cstackCOMRAM 000041
___fladd@bexp                                          cstackCOMRAM 00004F
___fladd@grs                                           cstackCOMRAM 000050
___fladd@signs                                         cstackCOMRAM 00004D
___fldiv                                               text16       00F04E
___fldiv@a                                             cstackCOMRAM 000013
___fldiv@aexp                                          cstackCOMRAM 000027
___fldiv@b                                             cstackCOMRAM 00000F
___fldiv@bexp                                          cstackCOMRAM 000026
___fldiv@grs                                           cstackCOMRAM 000022
___fldiv@new_exp                                       cstackCOMRAM 000020
___fldiv@rem                                           cstackCOMRAM 00001B
___fldiv@sign                                          cstackCOMRAM 00001F
___flmul                                               text15       00F3E8
___flmul@a                                             cstackCOMRAM 00002C
___flmul@aexp                                          cstackCOMRAM 000039
___flmul@b                                             cstackCOMRAM 000028
___flmul@bexp                                          cstackCOMRAM 00003A
___flmul@grs                                           cstackCOMRAM 000035
___flmul@prod                                          cstackCOMRAM 00003B
___flmul@sign                                          cstackCOMRAM 000034
___flmul@temp                                          cstackCOMRAM 00003F
___fltol                                               text14       00E6C8
___fltol@exp1                                          cstackCOMRAM 00005A
___fltol@f1                                            cstackCOMRAM 000051
___fltol@sign1                                         cstackCOMRAM 000059
___inthi_sp                                            stack        000000
___intlo_sp                                            stack        000000
___param_bank                                          (abs)        000000
___rparam_used                                         (abs)        000001
___sp                                                  stack        000000
___xxtofl                                              text12       00EABA
___xxtofl@arg                                          cstackCOMRAM 00000B
___xxtofl@exp                                          cstackCOMRAM 00000A
___xxtofl@sign                                         cstackCOMRAM 000009
___xxtofl@val                                          cstackCOMRAM 000001
__accesstop                                            (abs)        000060
__activetblptr                                         (abs)        000002
__end_of_AntennaTX                                     text33       00E172
__end_of_GetMode                                       text24       00E926
__end_of_InitModule                                    text22       00E6C8
__end_of_InitRFLoRaPins                                text21       00E0EC
__end_of_ReadSXRegister                                text30       00E1F8
__end_of_ResetRFModule                                 text20       00E25C
__end_of_SPIInit                                       text19       00E358
__end_of_SPIReceive                                    text32       00E218
__end_of_SPITransfer                                   text31       00E1A4
__end_of_UARTInit                                      text35       00E316
__end_of_UARTWriteByte                                 text29       00E12E
__end_of_UARTWriteByteHex                              text27       00E512
__end_of_UARTWriteStr                                  text26       00E3A8
__end_of_UARTWriteStrLn                                text25       00E4A4
__end_of_WriteSXRegister                               text23       00E1BE
__end_of___awdiv                                       text28       00E5D6
__end_of___fladd                                       text17       00FCD2
__end_of___fldiv                                       text16       00F3E8
__end_of___flmul                                       text15       00F812
__end_of___fltol                                       text14       00E7CE
__end_of___xxtofl                                      text12       00EC6E
__end_of__initialization                               cinit        00E43E
__end_of_i2c_ACK                                       text11       00E144
__end_of_i2c_NAK                                       text10       00E15A
__end_of_i2c_init                                      text34       00E2E0
__end_of_i2c_read                                      text8        00E238
__end_of_i2c_start                                     text7        00E118
__end_of_i2c_stop                                      text6        00E18A
__end_of_i2c_waitForIdle                               text9        00E2AC
__end_of_i2c_write                                     text5        00E1DA
__end_of_init_LORA_communication                       text18       00E3F8
__end_of_load_FIFO_with_temp_humidity_voltage          text13       00EE2C
__end_of_main                                          text0        00F04E
__end_of_measure_humidity_temp_HIH6021                 text4        00EABA
__end_of_reset_IRQs                                    text3        00E0F8
__end_of_set_TX_and_transmit                           text2        00E280
__end_of_wait_for_transmission                         text1        00E0E2
__initialization                                       cinit        00E3F8
__mediumconst                                          mediumconst  00FCD2
__pbssBANK0                                            bssBANK0     000060
__pbssBANK1                                            bssBANK1     000100
__pbssCOMRAM                                           bssCOMRAM    00005D
__pcinit                                               cinit        00E3F8
__pcstackBANK0                                         cstackBANK0  000090
__pcstackCOMRAM                                        cstackCOMRAM 000001
__pdataBANK0                                           dataBANK0    0000AE
__pidataBANK0                                          idataBANK0   00E0F8
__pmediumconst                                         mediumconst  00FCD2
__ptext0                                               text0        00EE2C
__ptext1                                               text1        00E0DA
__ptext10                                              text10       00E144
__ptext11                                              text11       00E12E
__ptext12                                              text12       00EABA
__ptext13                                              text13       00EC6E
__ptext14                                              text14       00E6C8
__ptext15                                              text15       00F3E8
__ptext16                                              text16       00F04E
__ptext17                                              text17       00F812
__ptext18                                              text18       00E3A8
__ptext19                                              text19       00E316
__ptext2                                               text2        00E25C
__ptext20                                              text20       00E238
__ptext21                                              text21       00E0E2
__ptext22                                              text22       00E5D6
__ptext23                                              text23       00E1A4
__ptext24                                              text24       00E7CE
__ptext25                                              text25       00E448
__ptext26                                              text26       00E358
__ptext27                                              text27       00E4A4
__ptext28                                              text28       00E512
__ptext29                                              text29       00E118
__ptext3                                               text3        00E0EC
__ptext30                                              text30       00E1DA
__ptext31                                              text31       00E18A
__ptext32                                              text32       00E1F8
__ptext33                                              text33       00E15A
__ptext34                                              text34       00E2AC
__ptext35                                              text35       00E2E0
__ptext4                                               text4        00E926
__ptext5                                               text5        00E1BE
__ptext6                                               text6        00E172
__ptext7                                               text7        00E104
__ptext8                                               text8        00E218
__ptext9                                               text9        00E280
__ramtop                                               ramtop       001000
__size_of_AntennaTX                                    (abs)        000000
__size_of_GetMode                                      (abs)        000000
__size_of_InitModule                                   (abs)        000000
__size_of_InitRFLoRaPins                               (abs)        000000
__size_of_ReadSXRegister                               (abs)        000000
__size_of_ResetRFModule                                (abs)        000000
__size_of_SPIInit                                      (abs)        000000
__size_of_SPIReceive                                   (abs)        000000
__size_of_SPITransfer                                  (abs)        000000
__size_of_UARTInit                                     (abs)        000000
__size_of_UARTWriteByte                                (abs)        000000
__size_of_UARTWriteByteHex                             (abs)        000000
__size_of_UARTWriteStr                                 (abs)        000000
__size_of_UARTWriteStrLn                               (abs)        000000
__size_of_WriteSXRegister                              (abs)        000000
__size_of___awdiv                                      (abs)        000000
__size_of___fladd                                      (abs)        000000
__size_of___fldiv                                      (abs)        000000
__size_of___flmul                                      (abs)        000000
__size_of___fltol                                      (abs)        000000
__size_of___xxtofl                                     (abs)        000000
__size_of_i2c_ACK                                      (abs)        000000
__size_of_i2c_NAK                                      (abs)        000000
__size_of_i2c_init                                     (abs)        000000
__size_of_i2c_read                                     (abs)        000000
__size_of_i2c_start                                    (abs)        000000
__size_of_i2c_stop                                     (abs)        000000
__size_of_i2c_waitForIdle                              (abs)        000000
__size_of_i2c_write                                    (abs)        000000
__size_of_init_LORA_communication                      (abs)        000000
__size_of_load_FIFO_with_temp_humidity_voltage         (abs)        000000
__size_of_main                                         (abs)        000000
__size_of_measure_humidity_temp_HIH6021                (abs)        000000
__size_of_reset_IRQs                                   (abs)        000000
__size_of_set_TX_and_transmit                          (abs)        000000
__size_of_wait_for_transmission                        (abs)        000000
__smallconst                                           smallconst   000000
_accu_v                                                bssBANK0     000084
_accu_v2                                               bssBANK0     000082
_bat_voltage0                                          bssBANK0     00008A
_bat_voltage1                                          bssBANK0     00008B
_bat_voltage_decim_part                                bssCOMRAM    00005E
_bat_voltage_unit                                      bssCOMRAM    00005F
_battery_voltage                                       dataBANK0    0000AE
_battery_voltage_int                                   dataBANK0    0000B6
_header0                                               bssBANK0     00008C
_header1                                               bssBANK0     00008D
_humidity                                              bssBANK0     00006E
_humidityHL                                            bssBANK0     000076
_i                                                     bssBANK0     00007C
_i2c_ACK                                               text11       00E12E
_i2c_NAK                                               text10       00E144
_i2c_init                                              text34       00E2AC
_i2c_read                                              text8        00E218
_i2c_start                                             text7        00E104
_i2c_stop                                              text6        00E172
_i2c_waitForIdle                                       text9        00E280
_i2c_write                                             text5        00E1BE
_idN                                                   dataBANK0    0000B4
_idR                                                   dataBANK0    0000B5
_idT                                                   bssBANK0     000086
_id_node                                               dataBANK0    0000B9
_id_reseau                                             dataBANK0    0000B7
_id_trame                                              dataBANK0    0000B8
_init_LORA_communication                               text18       00E3A8
_load_FIFO_with_temp_humidity_voltage                  text13       00EC6E
_main                                                  text0        00EE2C
_measure_humidity_temp_HIH6021                         text4        00E926
_panel_voltage0                                        bssBANK0     000088
_panel_voltage1                                        bssCOMRAM    00005D
_reg_val                                               bssBANK0     000089
_reset_IRQs                                            text3        00E0EC
_send_data                                             bssBANK0     000087
_set_TX_and_transmit                                   text2        00E25C
_temp_AT                                               bssBANK0     00007E
_temperature                                           bssBANK0     00006A
_temperatureHL                                         bssBANK0     000078
_timer_tick                                            bssBANK0     00007A
_txBuffer                                              bssBANK1     000100
_txMsg                                                 bssBANK0     000060
_var1                                                  dataBANK0    0000B3
_var2                                                  dataBANK0    0000B2
_volts                                                 bssBANK0     000072
_volts_cV                                              bssBANK0     000080
_volts_divider                                         bssBANK0     000066
_wait_for_transmission                                 text1        00E0DA
end_of_initialization                                  cinit        00E43E
i2c_read@i2cReadData                                   cstackCOMRAM 000002
i2c_write@i2cWriteData                                 cstackCOMRAM 000002
intlevel0                                              text         000000
intlevel1                                              text         000000
intlevel2                                              text         000000
intlevel3                                              text         000000
load_FIFO_with_temp_humidity_voltage@b_battery_voltage cstackBANK0  0000A6
load_FIFO_with_temp_humidity_voltage@b_humidity        cstackBANK0  0000A5
load_FIFO_with_temp_humidity_voltage@b_temperature     cstackBANK0  0000A4
load_FIFO_with_temp_humidity_voltage@battery_voltage   cstackBANK0  000092
load_FIFO_with_temp_humidity_voltage@humidity          cstackBANK0  00009A
load_FIFO_with_temp_humidity_voltage@i                 cstackBANK0  0000A7
load_FIFO_with_temp_humidity_voltage@id_node           cstackBANK0  000091
load_FIFO_with_temp_humidity_voltage@id_reseau         cstackBANK0  000090
load_FIFO_with_temp_humidity_voltage@temperature       cstackBANK0  000096
load_FIFO_with_temp_humidity_voltage@txMsg             cstackBANK0  00009E
measure_humidity_temp_HIH6021@humidity_HIH6021_H       cstackCOMRAM 000054
measure_humidity_temp_HIH6021@humidity_HIH6021_L       cstackCOMRAM 000055
measure_humidity_temp_HIH6021@temperature_HIH6021_H    cstackCOMRAM 000056
measure_humidity_temp_HIH6021@temperature_HIH6021_L    cstackCOMRAM 000057
stackhi                                                (abs)        000F37
stacklo                                                (abs)        000200
start                                                  init         000000
start_initialization                                   cinit        00E3F8


FUNCTION INFORMATION:

 *************** function _main *****************
 Defined at:
		line 169 in file "test_i2c.c"
 Parameters:    Size  Location     Type
  argc            2   25[BANK0 ] int 
  argv            3   27[BANK0 ] PTR PTR unsigned char 
 Auto vars:     Size  Location     Type
		None
 Return value:  Size  Location     Type
                  2   25[BANK0 ] int 
 Registers used:
		wreg, fsr2l, fsr2h, status,2, status,0, tblptrl, tblptrh, tblptru, prodl, prodh, cstack
 Tracked objects:
		On entry : 
		On exit  : 
		Unchanged: 
 Data sizes:     COMRAM   BANK0   BANK1   BANK2   BANK3   BANK4   BANK5   BANK6   BANK7   BANK8   BANK9  BANK10  BANK11  BANK12  BANK13  BANK14  BANK15
      Params:         0       5       0       0       0       0       0       0       0       0       0       0       0       0       0       0       0
      Locals:         0       0       0       0       0       0       0       0       0       0       0       0       0       0       0       0       0
      Temps:          2       0       0       0       0       0       0       0       0       0       0       0       0       0       0       0       0
      Totals:         2       5       0       0       0       0       0       0       0       0       0       0       0       0       0       0       0
Total ram usage:        7 bytes
 Hardware stack levels required when called:    4
 This function calls:
		_ReadSXRegister
		_UARTInit
		_UARTWriteByteHex
		_UARTWriteStr
		_UARTWriteStrLn
		_WriteSXRegister
		_i2c_init
		_init_LORA_communication
		_load_FIFO_with_temp_humidity_voltage
		_measure_humidity_temp_HIH6021
		_reset_IRQs
		_set_TX_and_transmit
		_wait_for_transmission
 This function is called by:
		Startup code after reset
 This function uses a non-reentrant model


 *************** function _wait_for_transmission *****************
 Defined at:
		line 55 in file "LoRa_com.c"
 Parameters:    Size  Location     Type
		None
 Auto vars:     Size  Location     Type
  reg_val         1    0        unsigned char 
 Return value:  Size  Location     Type
                  1    wreg      void 
 Registers used:
		wreg, status,2, status,0, cstack
 Tracked objects:
		On entry : 
		On exit  : 
		Unchanged: 
 Data sizes:     COMRAM   BANK0   BANK1   BANK2   BANK3   BANK4   BANK5   BANK6   BANK7   BANK8   BANK9  BANK10  BANK11  BANK12  BANK13  BANK14  BANK15
      Params:         0       0       0       0       0       0       0       0       0       0       0       0       0       0       0       0       0
      Locals:         1       0       0       0       0       0       0       0       0       0       0       0       0       0       0       0       0
      Temps:          0       0       0       0       0       0       0       0       0       0       0       0       0       0       0       0       0
      Totals:         1       0       0       0       0       0       0       0       0       0       0       0       0       0       0       0       0
Total ram usage:        1 bytes
 Hardware stack levels used:    1
 Hardware stack levels required when called:    2
 This function calls:
		_ReadSXRegister
 This function is called by:
		_main
 This function uses a non-reentrant model


 *************** function _set_TX_and_transmit *****************
 Defined at:
		line 48 in file "LoRa_com.c"
 Parameters:    Size  Location     Type
		None
 Auto vars:     Size  Location     Type
		None
 Return value:  Size  Location     Type
                  1    wreg      void 
 Registers used:
		wreg, status,2, status,0, cstack
 Tracked objects:
		On entry : 
		On exit  : 
		Unchanged: 
 Data sizes:     COMRAM   BANK0   BANK1   BANK2   BANK3   BANK4   BANK5   BANK6   BANK7   BANK8   BANK9  BANK10  BANK11  BANK12  BANK13  BANK14  BANK15
      Params:         0       0       0       0       0       0       0       0       0       0       0       0       0       0       0       0       0
      Locals:         0       0       0       0       0       0       0       0       0       0       0       0       0       0       0       0       0
      Temps:          2       0       0       0       0       0       0       0       0       0       0       0       0       0       0       0       0
      Totals:         2       0       0       0       0       0       0       0       0       0       0       0       0       0       0       0       0
Total ram usage:        2 bytes
 Hardware stack levels used:    1
 Hardware stack levels required when called:    2
 This function calls:
		_WriteSXRegister
 This function is called by:
		_main
 This function uses a non-reentrant model


 *************** function _reset_IRQs *****************
 Defined at:
		line 63 in file "LoRa_com.c"
 Parameters:    Size  Location     Type
		None
 Auto vars:     Size  Location     Type
		None
 Return value:  Size  Location     Type
                  1    wreg      void 
 Registers used:
		wreg, status,2, status,0, cstack
 Tracked objects:
		On entry : 
		On exit  : 
		Unchanged: 
 Data sizes:     COMRAM   BANK0   BANK1   BANK2   BANK3   BANK4   BANK5   BANK6   BANK7   BANK8   BANK9  BANK10  BANK11  BANK12  BANK13  BANK14  BANK15
      Params:         0       0       0       0       0       0       0       0       0       0       0       0       0       0       0       0       0
      Locals:         0       0       0       0       0       0       0       0       0       0       0       0       0       0       0       0       0
      Temps:          0       0       0       0       0       0       0       0       0       0       0       0       0       0       0       0       0
      Totals:         0       0       0       0       0       0       0       0       0       0       0       0       0       0       0       0       0
Total ram usage:        0 bytes
 Hardware stack levels used:    1
 Hardware stack levels required when called:    2
 This function calls:
		_WriteSXRegister
 This function is called by:
		_main
 This function uses a non-reentrant model


 *************** function _measure_humidity_temp_HIH6021 *****************
 Defined at:
		line 328 in file "test_i2c.c"
 Parameters:    Size  Location     Type
		None
 Auto vars:     Size  Location     Type
  temperature_    1   86[COMRAM] unsigned char 
  temperature_    1   85[COMRAM] unsigned char 
  humidity_HIH    1   84[COMRAM] unsigned char 
  humidity_HIH    1   83[COMRAM] unsigned char 
 Return value:  Size  Location     Type
                  1    wreg      void 
 Registers used:
		wreg, status,2, status,0, prodl, prodh, cstack
 Tracked objects:
		On entry : 
		On exit  : 
		Unchanged: 
 Data sizes:     COMRAM   BANK0   BANK1   BANK2   BANK3   BANK4   BANK5   BANK6   BANK7   BANK8   BANK9  BANK10  BANK11  BANK12  BANK13  BANK14  BANK15
      Params:         0       0       0       0       0       0       0       0       0       0       0       0       0       0       0       0       0
      Locals:         4       0       0       0       0       0       0       0       0       0       0       0       0       0       0       0       0
      Temps:          3       0       0       0       0       0       0       0       0       0       0       0       0       0       0       0       0
      Totals:         7       0       0       0       0       0       0       0       0       0       0       0       0       0       0       0       0
Total ram usage:        7 bytes
 Hardware stack levels used:    1
 Hardware stack levels required when called:    2
 This function calls:
		___fladd
		___fldiv
		___flmul
		___xxtofl
		_i2c_ACK
		_i2c_NAK
		_i2c_read
		_i2c_start
		_i2c_stop
		_i2c_write
 This function is called by:
		_main
 This function uses a non-reentrant model


 *************** function _i2c_write *****************
 Defined at:
		line 177 in file "i2c.c"
 Parameters:    Size  Location     Type
  i2cWriteData    1    wreg     unsigned char 
 Auto vars:     Size  Location     Type
  i2cWriteData    1    1[COMRAM] unsigned char 
 Return value:  Size  Location     Type
                  1    wreg      void 
 Registers used:
		wreg, status,2, status,0, cstack
 Tracked objects:
		On entry : 
		On exit  : 
		Unchanged: 
 Data sizes:     COMRAM   BANK0   BANK1   BANK2   BANK3   BANK4   BANK5   BANK6   BANK7   BANK8   BANK9  BANK10  BANK11  BANK12  BANK13  BANK14  BANK15
      Params:         0       0       0       0       0       0       0       0       0       0       0       0       0       0       0       0       0
      Locals:         1       0       0       0       0       0       0       0       0       0       0       0       0       0       0       0       0
      Temps:          0       0       0       0       0       0       0       0       0       0       0       0       0       0       0       0       0
      Totals:         1       0       0       0       0       0       0       0       0       0       0       0       0       0       0       0       0
Total ram usage:        1 bytes
 Hardware stack levels used:    1
 Hardware stack levels required when called:    1
 This function calls:
		_i2c_waitForIdle
 This function is called by:
		_measure_humidity_temp_HIH6021
 This function uses a non-reentrant model


 *************** function _i2c_stop *****************
 Defined at:
		line 111 in file "i2c.c"
 Parameters:    Size  Location     Type
		None
 Auto vars:     Size  Location     Type
		None
 Return value:  Size  Location     Type
                  1    wreg      void 
 Registers used:
		wreg, status,2, status,0, cstack
 Tracked objects:
		On entry : 
		On exit  : 
		Unchanged: 
 Data sizes:     COMRAM   BANK0   BANK1   BANK2   BANK3   BANK4   BANK5   BANK6   BANK7   BANK8   BANK9  BANK10  BANK11  BANK12  BANK13  BANK14  BANK15
      Params:         0       0       0       0       0       0       0       0       0       0       0       0       0       0       0       0       0
      Locals:         0       0       0       0       0       0       0       0       0       0       0       0       0       0       0       0       0
      Temps:          0       0       0       0       0       0       0       0       0       0       0       0       0       0       0       0       0
      Totals:         0       0       0       0       0       0       0       0       0       0       0       0       0       0       0       0       0
Total ram usage:        0 bytes
 Hardware stack levels used:    1
 Hardware stack levels required when called:    1
 This function calls:
		_i2c_waitForIdle
 This function is called by:
		_measure_humidity_temp_HIH6021
 This function uses a non-reentrant model


 *************** function _i2c_start *****************
 Defined at:
		line 84 in file "i2c.c"
 Parameters:    Size  Location     Type
		None
 Auto vars:     Size  Location     Type
		None
 Return value:  Size  Location     Type
                  1    wreg      void 
 Registers used:
		None
 Tracked objects:
		On entry : 
		On exit  : 
		Unchanged: 
 Data sizes:     COMRAM   BANK0   BANK1   BANK2   BANK3   BANK4   BANK5   BANK6   BANK7   BANK8   BANK9  BANK10  BANK11  BANK12  BANK13  BANK14  BANK15
      Params:         0       0       0       0       0       0       0       0       0       0       0       0       0       0       0       0       0
      Locals:         0       0       0       0       0       0       0       0       0       0       0       0       0       0       0       0       0
      Temps:          0       0       0       0       0       0       0       0       0       0       0       0       0       0       0       0       0
      Totals:         0       0       0       0       0       0       0       0       0       0       0       0       0       0       0       0       0
Total ram usage:        0 bytes
 Hardware stack levels used:    1
 This function calls:
		Nothing
 This function is called by:
		_measure_humidity_temp_HIH6021
 This function uses a non-reentrant model


 *************** function _i2c_read *****************
 Defined at:
		line 155 in file "i2c.c"
 Parameters:    Size  Location     Type
		None
 Auto vars:     Size  Location     Type
  i2cReadData     1    1[COMRAM] unsigned char 
 Return value:  Size  Location     Type
                  1    wreg      unsigned char 
 Registers used:
		wreg, status,2, status,0, cstack
 Tracked objects:
		On entry : 
		On exit  : 
		Unchanged: 
 Data sizes:     COMRAM   BANK0   BANK1   BANK2   BANK3   BANK4   BANK5   BANK6   BANK7   BANK8   BANK9  BANK10  BANK11  BANK12  BANK13  BANK14  BANK15
      Params:         0       0       0       0       0       0       0       0       0       0       0       0       0       0       0       0       0
      Locals:         1       0       0       0       0       0       0       0       0       0       0       0       0       0       0       0       0
      Temps:          0       0       0       0       0       0       0       0       0       0       0       0       0       0       0       0       0
      Totals:         1       0       0       0       0       0       0       0       0       0       0       0       0       0       0       0       0
Total ram usage:        1 bytes
 Hardware stack levels used:    1
 Hardware stack levels required when called:    1
 This function calls:
		_i2c_waitForIdle
 This function is called by:
		_measure_humidity_temp_HIH6021
 This function uses a non-reentrant model


 *************** function _i2c_waitForIdle *****************
 Defined at:
		line 71 in file "i2c.c"
 Parameters:    Size  Location     Type
		None
 Auto vars:     Size  Location     Type
		None
 Return value:  Size  Location     Type
                  1    wreg      void 
 Registers used:
		wreg, status,2, status,0
 Tracked objects:
		On entry : 
		On exit  : 
		Unchanged: 
 Data sizes:     COMRAM   BANK0   BANK1   BANK2   BANK3   BANK4   BANK5   BANK6   BANK7   BANK8   BANK9  BANK10  BANK11  BANK12  BANK13  BANK14  BANK15
      Params:         0       0       0       0       0       0       0       0       0       0       0       0       0       0       0       0       0
      Locals:         0       0       0       0       0       0       0       0       0       0       0       0       0       0       0       0       0
      Temps:          1       0       0       0       0       0       0       0       0       0       0       0       0       0       0       0       0
      Totals:         1       0       0       0       0       0       0       0       0       0       0       0       0       0       0       0       0
Total ram usage:        1 bytes
 Hardware stack levels used:    1
 This function calls:
		Nothing
 This function is called by:
		_i2c_stop
		_i2c_read
		_i2c_write
		_i2c_repStart
 This function uses a non-reentrant model


 *************** function _i2c_NAK *****************
 Defined at:
		line 139 in file "i2c.c"
 Parameters:    Size  Location     Type
		None
 Auto vars:     Size  Location     Type
		None
 Return value:  Size  Location     Type
                  1    wreg      void 
 Registers used:
		None
 Tracked objects:
		On entry : 
		On exit  : 
		Unchanged: 
 Data sizes:     COMRAM   BANK0   BANK1   BANK2   BANK3   BANK4   BANK5   BANK6   BANK7   BANK8   BANK9  BANK10  BANK11  BANK12  BANK13  BANK14  BANK15
      Params:         0       0       0       0       0       0       0       0       0       0       0       0       0       0       0       0       0
      Locals:         0       0       0       0       0       0       0       0       0       0       0       0       0       0       0       0       0
      Temps:          0       0       0       0       0       0       0       0       0       0       0       0       0       0       0       0       0
      Totals:         0       0       0       0       0       0       0       0       0       0       0       0       0       0       0       0       0
Total ram usage:        0 bytes
 Hardware stack levels used:    1
 This function calls:
		Nothing
 This function is called by:
		_measure_humidity_temp_HIH6021
 This function uses a non-reentrant model


 *************** function _i2c_ACK *****************
 Defined at:
		line 125 in file "i2c.c"
 Parameters:    Size  Location     Type
		None
 Auto vars:     Size  Location     Type
		None
 Return value:  Size  Location     Type
                  1    wreg      void 
 Registers used:
		None
 Tracked objects:
		On entry : 
		On exit  : 
		Unchanged: 
 Data sizes:     COMRAM   BANK0   BANK1   BANK2   BANK3   BANK4   BANK5   BANK6   BANK7   BANK8   BANK9  BANK10  BANK11  BANK12  BANK13  BANK14  BANK15
      Params:         0       0       0       0       0       0       0       0       0       0       0       0       0       0       0       0       0
      Locals:         0       0       0       0       0       0       0       0       0       0       0       0       0       0       0       0       0
      Temps:          0       0       0       0       0       0       0       0       0       0       0       0       0       0       0       0       0
[...]
 Return value:  Size  Location     Type
                  1    wreg      void 
 Registers used:
		wreg, status,2, status,0, tblptrl, tblptrh, tblptru, cstack
 Tracked objects:
		On entry : 
		On exit  : 
		Unchanged: 
 Data sizes:     COMRAM   BANK0   BANK1   BANK2   BANK3   BANK4   BANK5   BANK6   BANK7   BANK8   BANK9  BANK10  BANK11  BANK12  BANK13  BANK14  BANK15
      Params:         2       0       0       0       0       0       0       0       0       0       0       0       0       0       0       0       0
      Locals:         1       0       0       0       0       0       0       0       0       0       0       0       0       0       0       0       0
      Temps:          2       0       0       0       0       0       0       0       0       0       0       0       0       0       0       0       0
      Totals:         5       0       0       0       0       0       0       0       0       0       0       0       0       0       0       0       0
Total ram usage:        5 bytes
 Hardware stack levels used:    1
 Hardware stack levels required when called:    1
 This function calls:
		_UARTWriteByte
 This function is called by:
		_main
		_GetMode
		_CheckConfiguration
 This function uses a non-reentrant model


 *************** function _UARTWriteStr *****************
 Defined at:
		line 64 in file "uart.c"
 Parameters:    Size  Location     Type
  string          2    1[COMRAM] PTR unsigned char 
		 -> STR_40(19), STR_39(29), STR_38(19), STR_37(25), 
		 -> STR_36(20), STR_35(28), STR_34(27), STR_33(27), 
		 -> STR_32(26), STR_31(23), STR_30(23), STR_29(19), 
		 -> STR_28(24), STR_27(27), STR_26(27), STR_25(23), 
		 -> STR_24(13), STR_23(13), STR_22(17), STR_21(19), 
		 -> STR_20(17), STR_19(17), STR_18(17), STR_4(17), 
		 -> STR_3(33), 
 Auto vars:     Size  Location     Type
  i               1    5[COMRAM] unsigned char 
 Return value:  Size  Location     Type
                  1    wreg      void 
 Registers used:
		wreg, status,2, status,0, tblptrl, tblptrh, tblptru, cstack
 Tracked objects:
		On entry : 
		On exit  : 
		Unchanged: 
 Data sizes:     COMRAM   BANK0   BANK1   BANK2   BANK3   BANK4   BANK5   BANK6   BANK7   BANK8   BANK9  BANK10  BANK11  BANK12  BANK13  BANK14  BANK15
      Params:         2       0       0       0       0       0       0       0       0       0       0       0       0       0       0       0       0
      Locals:         1       0       0       0       0       0       0       0       0       0       0       0       0       0       0       0       0
      Temps:          2       0       0       0       0       0       0       0       0       0       0       0       0       0       0       0       0
      Totals:         5       0       0       0       0       0       0       0       0       0       0       0       0       0       0       0       0
Total ram usage:        5 bytes
 Hardware stack levels used:    1
 Hardware stack levels required when called:    1
 This function calls:
		_UARTWriteByte
 This function is called by:
		_main
		_GetMode
		_CheckConfiguration
 This function uses a non-reentrant model


 *************** function _UARTWriteByteHex *****************
 Defined at:
		line 83 in file "uart.c"
 Parameters:    Size  Location     Type
  data            1    wreg     unsigned char 
 Auto vars:     Size  Location     Type
  data            1   13[COMRAM] unsigned char 
  hexa            2   11[COMRAM] PTR unsigned char 
		 -> STR_41(17), 
 Return value:  Size  Location     Type
                  1    wreg      void 
 Registers used:
		wreg, status,2, status,0, tblptrl, tblptrh, tblptru, cstack
 Tracked objects:
		On entry : 
		On exit  : 
		Unchanged: 
 Data sizes:     COMRAM   BANK0   BANK1   BANK2   BANK3   BANK4   BANK5   BANK6   BANK7   BANK8   BANK9  BANK10  BANK11  BANK12  BANK13  BANK14  BANK15
      Params:         0       0       0       0       0       0       0       0       0       0       0       0       0       0       0       0       0
      Locals:         3       0       0       0       0       0       0       0       0       0       0       0       0       0       0       0       0
      Temps:          3       0       0       0       0       0       0       0       0       0       0       0       0       0       0       0       0
      Totals:         6       0       0       0       0       0       0       0       0       0       0       0       0       0       0       0       0
Total ram usage:        6 bytes
 Hardware stack levels used:    1
 Hardware stack levels required when called:    1
 This function calls:
		_UARTWriteByte
		___awdiv
 This function is called by:
		_main
		_GetMode
		_PrintSXRegContent
 This function uses a non-reentrant model


 *************** function ___awdiv *****************
 Defined at:
		line 7 in file "C:\Program Files (x86)\Microchip\xc8\v2.10\pic\sources\c99\common\awdiv.c"
 Parameters:    Size  Location     Type
  dividend        2    0[COMRAM] int 
  divisor         2    2[COMRAM] int 
 Auto vars:     Size  Location     Type
  quotient        2    6[COMRAM] int 
  sign            1    5[COMRAM] unsigned char 
  counter         1    4[COMRAM] unsigned char 
 Return value:  Size  Location     Type
                  2    0[COMRAM] int 
 Registers used:
		wreg, status,2, status,0
 Tracked objects:
		On entry : 
		On exit  : 
		Unchanged: 
 Data sizes:     COMRAM   BANK0   BANK1   BANK2   BANK3   BANK4   BANK5   BANK6   BANK7   BANK8   BANK9  BANK10  BANK11  BANK12  BANK13  BANK14  BANK15
      Params:         4       0       0       0       0       0       0       0       0       0       0       0       0       0       0       0       0
      Locals:         4       0       0       0       0       0       0       0       0       0       0       0       0       0       0       0       0
      Temps:          0       0       0       0       0       0       0       0       0       0       0       0       0       0       0       0       0
      Totals:         8       0       0       0       0       0       0       0       0       0       0       0       0       0       0       0       0
Total ram usage:        8 bytes
 Hardware stack levels used:    1
 This function calls:
		Nothing
 This function is called by:
		_UARTWriteByteHex
 This function uses a non-reentrant model


 *************** function _UARTWriteByte *****************
 Defined at:
		line 52 in file "uart.c"
 Parameters:    Size  Location     Type
  data            1    wreg     unsigned char 
 Auto vars:     Size  Location     Type
  data            1    0[COMRAM] unsigned char 
 Return value:  Size  Location     Type
                  1    wreg      void 
 Registers used:
		wreg
 Tracked objects:
		On entry : 
		On exit  : 
		Unchanged: 
 Data sizes:     COMRAM   BANK0   BANK1   BANK2   BANK3   BANK4   BANK5   BANK6   BANK7   BANK8   BANK9  BANK10  BANK11  BANK12  BANK13  BANK14  BANK15
      Params:         0       0       0       0       0       0       0       0       0       0       0       0       0       0       0       0       0
      Locals:         1       0       0       0       0       0       0       0       0       0       0       0       0       0       0       0       0
      Temps:          0       0       0       0       0       0       0       0       0       0       0       0       0       0       0       0       0
      Totals:         1       0       0       0       0       0       0       0       0       0       0       0       0       0       0       0       0
Total ram usage:        1 bytes
 Hardware stack levels used:    1
 This function calls:
		Nothing
 This function is called by:
		_UARTWriteStr
		_UARTWriteStrLn
		_UARTWriteByteHex
 This function uses a non-reentrant model


 *************** function _ReadSXRegister *****************
 Defined at:
		line 29 in file "SX1272.c"
 Parameters:    Size  Location     Type
  address         1    wreg     unsigned char 
 Auto vars:     Size  Location     Type
  address         1    4[COMRAM] unsigned char 
  RegValue        1    3[COMRAM] unsigned char 
 Return value:  Size  Location     Type
                  1    wreg      unsigned char 
 Registers used:
		wreg, status,2, status,0, cstack
 Tracked objects:
		On entry : 
		On exit  : 
		Unchanged: 
 Data sizes:     COMRAM   BANK0   BANK1   BANK2   BANK3   BANK4   BANK5   BANK6   BANK7   BANK8   BANK9  BANK10  BANK11  BANK12  BANK13  BANK14  BANK15
      Params:         0       0       0       0       0       0       0       0       0       0       0       0       0       0       0       0       0
      Locals:         2       0       0       0       0       0       0       0       0       0       0       0       0       0       0       0       0
      Temps:          0       0       0       0       0       0       0       0       0       0       0       0       0       0       0       0       0
      Totals:         2       0       0       0       0       0       0       0       0       0       0       0       0       0       0       0       0
Total ram usage:        2 bytes
 Hardware stack levels used:    1
 Hardware stack levels required when called:    1
 This function calls:
		_SPIReceive
		_SPITransfer
 This function is called by:
		_main
		_GetMode
		_load_FIFO_with_temp_humidity_voltage
		_wait_for_transmission
 This function uses a non-reentrant model


 *************** function _SPITransfer *****************
 Defined at:
		line 41 in file "spi.c"
 Parameters:    Size  Location     Type
  data_out        1    wreg     unsigned char 
 Auto vars:     Size  Location     Type
  data_out        1    1[COMRAM] unsigned char 
  dummy_byte      1    0        unsigned char 
 Return value:  Size  Location     Type
                  1    wreg      void 
 Registers used:
		wreg
 Tracked objects:
		On entry : 
		On exit  : 
		Unchanged: 
 Data sizes:     COMRAM   BANK0   BANK1   BANK2   BANK3   BANK4   BANK5   BANK6   BANK7   BANK8   BANK9  BANK10  BANK11  BANK12  BANK13  BANK14  BANK15
      Params:         0       0       0       0       0       0       0       0       0       0       0       0       0       0       0       0       0
      Locals:         2       0       0       0       0       0       0       0       0       0       0       0       0       0       0       0       0
      Temps:          0       0       0       0       0       0       0       0       0       0       0       0       0       0       0       0       0
      Totals:         2       0       0       0       0       0       0       0       0       0       0       0       0       0       0       0       0
Total ram usage:        2 bytes
 Hardware stack levels used:    1
 This function calls:
		Nothing
 This function is called by:
		_WriteSXRegister
		_ReadSXRegister
		_PrintSXRegContent
 This function uses a non-reentrant model


 *************** function _SPIReceive *****************
 Defined at:
		line 50 in file "spi.c"
 Parameters:    Size  Location     Type
  data_out        1    wreg     unsigned char 
 Auto vars:     Size  Location     Type
  data_out        1    1[COMRAM] unsigned char 
  data_in         1    2[COMRAM] unsigned char 
  dummy_byte      1    0        unsigned char 
 Return value:  Size  Location     Type
                  1    wreg      unsigned char 
 Registers used:
		wreg, status,2
 Tracked objects:
		On entry : 
		On exit  : 
		Unchanged: 
 Data sizes:     COMRAM   BANK0   BANK1   BANK2   BANK3   BANK4   BANK5   BANK6   BANK7   BANK8   BANK9  BANK10  BANK11  BANK12  BANK13  BANK14  BANK15
      Params:         0       0       0       0       0       0       0       0       0       0       0       0       0       0       0       0       0
      Locals:         3       0       0       0       0       0       0       0       0       0       0       0       0       0       0       0       0
      Temps:          0       0       0       0       0       0       0       0       0       0       0       0       0       0       0       0       0
      Totals:         3       0       0       0       0       0       0       0       0       0       0       0       0       0       0       0       0
Total ram usage:        3 bytes
 Hardware stack levels used:    1
 This function calls:
		Nothing
 This function is called by:
		_ReadSXRegister
		_PrintSXRegContent
 This function uses a non-reentrant model


 *************** function _AntennaTX *****************
 Defined at:
		line 34 in file "RF_LoRa_868_SO.c"
 Parameters:    Size  Location     Type
		None
 Auto vars:     Size  Location     Type
		None
 Return value:  Size  Location     Type
                  1    wreg      void 
 Registers used:
		wreg
 Tracked objects:
		On entry : 
		On exit  : 
		Unchanged: 
 Data sizes:     COMRAM   BANK0   BANK1   BANK2   BANK3   BANK4   BANK5   BANK6   BANK7   BANK8   BANK9  BANK10  BANK11  BANK12  BANK13  BANK14  BANK15
      Params:         0       0       0       0       0       0       0       0       0       0       0       0       0       0       0       0       0
      Locals:         0       0       0       0       0       0       0       0       0       0       0       0       0       0       0       0       0
      Temps:          1       0       0       0       0       0       0       0       0       0       0       0       0       0       0       0       0
      Totals:         1       0       0       0       0       0       0       0       0       0       0       0       0       0       0       0       0
Total ram usage:        1 bytes
 Hardware stack levels used:    1
 This function calls:
		Nothing
 This function is called by:
		_init_LORA_communication
 This function uses a non-reentrant model


 *************** function _i2c_init *****************
 Defined at:
		line 18 in file "i2c.c"
 Parameters:    Size  Location     Type
		None
 Auto vars:     Size  Location     Type
		None
 Return value:  Size  Location     Type
                  1    wreg      void 
 Registers used:
		wreg, status,2
 Tracked objects:
		On entry : 
		On exit  : 
		Unchanged: 
 Data sizes:     COMRAM   BANK0   BANK1   BANK2   BANK3   BANK4   BANK5   BANK6   BANK7   BANK8   BANK9  BANK10  BANK11  BANK12  BANK13  BANK14  BANK15
      Params:         0       0       0       0       0       0       0       0       0       0       0       0       0       0       0       0       0
      Locals:         0       0       0       0       0       0       0       0       0       0       0       0       0       0       0       0       0
      Temps:          0       0       0       0       0       0       0       0       0       0       0       0       0       0       0       0       0
      Totals:         0       0       0       0       0       0       0       0       0       0       0       0       0       0       0       0       0
Total ram usage:        0 bytes
 Hardware stack levels used:    1
 This function calls:
		Nothing
 This function is called by:
		_main
 This function uses a non-reentrant model


 *************** function _UARTInit *****************
 Defined at:
		line 16 in file "uart.c"
 Parameters:    Size  Location     Type
  baudRate        2    0[COMRAM] unsigned int 
 Auto vars:     Size  Location     Type
		None
 Return value:  Size  Location     Type
                  1    wreg      void 
 Registers used:
		wreg, status,2
 Tracked objects:
		On entry : 
		On exit  : 
		Unchanged: 
 Data sizes:     COMRAM   BANK0   BANK1   BANK2   BANK3   BANK4   BANK5   BANK6   BANK7   BANK8   BANK9  BANK10  BANK11  BANK12  BANK13  BANK14  BANK15
      Params:         2       0       0       0       0       0       0       0       0       0       0       0       0       0       0       0       0
      Locals:         0       0       0       0       0       0       0       0       0       0       0       0       0       0       0       0       0
      Temps:          0       0       0       0       0       0       0       0       0       0       0       0       0       0       0       0       0
      Totals:         2       0       0       0       0       0       0       0       0       0       0       0       0       0       0       0       0
Total ram usage:        2 bytes
 Hardware stack levels used:    1
 This function calls:
		Nothing
 This function is called by:
		_main
 This function uses a non-reentrant model



MODULE INFORMATION

Module		Function		Class		Link	Load	Size
uart.c
		_UARTWriteStr  		CODE           	E358	0000	81
		_UARTWriteByte 		CODE           	E118	0000	23
		_UARTWriteByteHex		CODE           	E4A4	0000	111
		_UARTInit      		CODE           	E2E0	0000	55
		_UARTWriteStrLn		CODE           	E448	0000	93

uart.c estimated size: 363

C:\Program Files (x86)\Microchip\xc8\v2.10\pic\sources\c99\common\xxtofl.c
		___xxtofl      		CODE           	EABA	0000	437

C:\Program Files (x86)\Microchip\xc8\v2.10\pic\sources\c99\common\xxtofl.c estimated size: 437

C:\Program Files (x86)\Microchip\xc8\v2.10\pic\sources\c99\common\awdiv.c
		___awdiv       		CODE           	E512	0000	197

C:\Program Files (x86)\Microchip\xc8\v2.10\pic\sources\c99\common\awdiv.c estimated size: 197

C:\Program Files (x86)\Microchip\xc8\v2.10\pic\sources\c99\common\fltol.c
		___fltol       		CODE           	E6C8	0000	263

C:\Program Files (x86)\Microchip\xc8\v2.10\pic\sources\c99\common\fltol.c estimated size: 263

i2c.c
		_i2c_NAK       		CODE           	E144	0000	23
		_i2c_start     		CODE           	E104	0000	21
		_i2c_waitForIdle		CODE           	E280	0000	45
		_i2c_ACK       		CODE           	E12E	0000	23
		_i2c_write     		CODE           	E1BE	0000	29
		_i2c_stop      		CODE           	E172	0000	25
		_i2c_read      		CODE           	E218	0000	33
		_i2c_init      		CODE           	E2AC	0000	53

i2c.c estimated size: 252

C:\Program Files (x86)\Microchip\xc8\v2.10\pic\sources\c99\common\sprcmul.c
		___flmul       		CODE           	F3E8	0000	1067

C:\Program Files (x86)\Microchip\xc8\v2.10\pic\sources\c99\common\sprcmul.c estimated size: 1067

C:\Program Files (x86)\Microchip\xc8\v2.10\pic\sources\c99\common\sprcdiv.c
		___fldiv       		CODE           	F04E	0000	923

C:\Program Files (x86)\Microchip\xc8\v2.10\pic\sources\c99\common\sprcdiv.c estimated size: 923

test_i2c.c
		_main          		CODE           	EE2C	0000	547
		_measure_humidity_temp_HIH6021		CODE           	E926	0000	405

test_i2c.c estimated size: 952

SX1272.c
		_ReadSXRegister		CODE           	E1DA	0000	31
		_GetMode       		CODE           	E7CE	0000	345
		_InitModule    		CODE           	E5D6	0000	243
		_WriteSXRegister		CODE           	E1A4	0000	27

SX1272.c estimated size: 646

spi.c
		_SPITransfer   		CODE           	E18A	0000	27
		_SPIReceive    		CODE           	E1F8	0000	33
		_SPIInit       		CODE           	E316	0000	67

spi.c estimated size: 127

shared
		__initialization		CODE           	E3F8	0000	71

shared estimated size: 71

RF_LoRa_868_SO.c
		_ResetRFModule 		CODE           	E238	0000	37
		_AntennaTX     		CODE           	E15A	0000	25
		_InitRFLoRaPins		CODE           	E0E2	0000	11

RF_LoRa_868_SO.c estimated size: 73

C:\Program Files (x86)\Microchip\xc8\v2.10\pic\sources\c99\common\sprcadd.c
		___fladd       		CODE           	F812	0000	1217

C:\Program Files (x86)\Microchip\xc8\v2.10\pic\sources\c99\common\sprcadd.c estimated size: 1217

LoRa_com.c
		_set_TX_and_transmit		CODE           	E25C	0000	37
		_load_FIFO_with_temp_humidity_voltage		CODE           	EC6E	0000	447
		_init_LORA_communication		CODE           	E3A8	0000	81
		_wait_for_transmission		CODE           	E0DA	0000	9
		_reset_IRQs    		CODE           	E0EC	0000	13

LoRa_com.c estimated size: 587

