Microchip MPLAB XC8 Compiler V2.10 ()

Linker command line:

-W-3 --edf=C:\Program Files (x86)\Microchip\xc8\v2.10\pic\dat\en_msgs.txt \
  -cs -h+dist/default/production\fuck_i2c.X.production.sym \
  --cmf=dist/default/production\fuck_i2c.X.production.cmf -z -Q18F46K22 \
  -oC:\Users\louis\AppData\Local\Temp\s8tc.2 --defsym=__MPLAB_BUILD=1 \
  -Mdist/default/production/fuck_i2c.X.production.map -E1 -ver=XC8 \
  --acfsm=1493 -ASTACK=0200h-0F37h -pstack=STACK -ACODE=00h-0FFFFh \
  -ACONST=00h-0FFFFh -ASMALLCONST=01000h-010FFhx240 \
  -AMEDIUMCONST=01000h-0FFFFh -ACOMRAM=01h-05Fh -AABS1=00h-0F37h \
  -ABIGRAM=01h-0F37h -ARAM=060h-0FFh,0100h-01FFhx14,0F00h-0F37h \
  -ABANK0=060h-0FFh -ABANK1=0100h-01FFh -ABANK2=0200h-02FFh \
  -ABANK3=0300h-03FFh -ABANK4=0400h-04FFh -ABANK5=0500h-05FFh \
  -ABANK6=0600h-06FFh -ABANK7=0700h-07FFh -ABANK8=0800h-08FFh \
  -ABANK9=0900h-09FFh -ABANK10=0A00h-0AFFh -ABANK11=0B00h-0BFFh \
  -ABANK12=0C00h-0CFFh -ABANK13=0D00h-0DFFh -ABANK14=0E00h-0EFFh \
  -ABANK15=0F00h-0F37h -ASFR=0F38h-0F5Fh,0F60h-0FFFh \
  -preset_vec=00h,intcode,intcodelo,powerup,init -pramtop=01000h \
  -psmallconst=SMALLCONST -pmediumconst=MEDIUMCONST -pconst=CONST \
  -AFARRAM=00h-00h -ACONFIG=0300000h-030000Dh -pconfig=CONFIG \
  -AIDLOC=0200000h-0200007h -pidloc=IDLOC -AEEDATA=0F00000h-0F003FFh \
  -peeprom_data=EEDATA \
  -prdata=COMRAM,nvrram=COMRAM,nvbit=COMRAM,rbss=COMRAM,rbit=COMRAM \
  -pfarbss=FARRAM,fardata=FARRAM,nvFARRAM=FARRAM \
  -pintsave_regs=BIGRAM,bigbss=BIGRAM,bigdata=BIGRAM -pbss=RAM \
  -pidata=CODE,irdata=CODE,ibigdata=CODE,ifardata=CODE -prparam=COMRAM \
  C:\Users\louis\AppData\Local\Temp\s8tc.o \
  dist/default/production\fuck_i2c.X.production.o 

Object code version is 3.11

Machine type is 18F46K22

Call graph: (short form)




                Name                               Link     Load   Length Selector   Space Scale
C:\Users\louis\AppData\Local\Temp\s8tc.o
                init                                  0        0        4        0       0
                idloc                            200000   200000        8   200000       0
                config                           300000   300000        E   300000       0
dist/default/production\fuck_i2c.X.production.o
                mediumconst                        FCF4     FCF4      30C     7E7A       0
                text45                             E070     E070       36     7038       0
                text44                             E03C     E03C       34     701E       0
                text43                             E0A6     E0A6       3C     7053       0
                text42                             DF00     DF00       1A     6F80       0
                text41                             DE50     DE50       14     6F28       0
                text40                             DE40     DE40       10     6F20       0
                text39                             DE14     DE14        A     6F0A       0
                text38                             DE78     DE78       16     6F3C       0
                text37                             DED0     DED0       18     6F68       0
                text36                             DF88     DF88       20     6FC4       0
                text35                             DF1A     DF1A       1A     6F8D       0
                text34                             DF6A     DF6A       1E     6FB5       0
                text33                             DE8E     DE8E       16     6F47       0
                text32                             E460     E460       C4     7230       0
                text31                             E2D0     E2D0       6E     7168       0
                text30                             E170     E170       50     70B8       0
                text29                             E210     E210       5C     7108       0
                text28                             E71C     E71C      158     738E       0
                text27                             DF34     DF34       1A     6F9A       0
                text26                             E524     E524       F2     7292       0
                text25                             DE1E     DE1E        A     6F0F       0
                text24                             DFC8     DFC8       24     6FE4       0
                text23                             E0E2     E0E2       42     7071       0
                text22                             E1C0     E1C0       50     70E0       0
                text21                             F40A     F40A      42A     7A05       0
                text20                             E616     E616      106     730B       0
                text19                             E3B2     E3B2       AE     71D9       0
                text18                             F834     F834      4C0     7C1A       0
                text17                             F070     F070      39A     7838       0
                text16                             EEAE     EEAE      1C2     7757       0
                text15                             E33E     E33E       74     719F       0
                text14                             E26C     E26C       64     7136       0
                text13                             ECFA     ECFA      1B4     767D       0
                text12                             E9D4     E9D4      192     74EA       0
                text11                             DEA4     DEA4       16     6F52       0
                text10                             DEBA     DEBA       16     6F5D       0
                text9                              E010     E010       2C     7008       0
                text8                              DFA8     DFA8       20     6FD4       0
                text7                              DE64     DE64       14     6F32       0
                text6                              DEE8     DEE8       18     6F74       0
                text5                              DF4E     DF4E       1C     6FA7       0
                text4                              EB66     EB66      194     75B3       0
                text3                              DE28     DE28        C     6F14       0
                text2                              DFEC     DFEC       24     6FF6       0
                text1                              DE0C     DE0C        8     6F06       0
                text0                              E874     E874      160     743A       0
                cstackCOMRAM                          1        1       5E        1       1
                cstackBANK0                          92       92       1F       60       1
                bssBANK1                            100      100      100      100       1
                dataBANK0                            B1       B1        C       60       1
                bssBANK0                             60       60       32       60       1
                bssCOMRAM                            5F       5F        1        1       1
                cinit                              E124     E124       4C     7092       0
                idataBANK0                         DE34     DE34        C     DE34       0

TOTAL           Name                               Link     Load   Length     Space
        CLASS   STACK          

        CLASS   CODE           
                init                                  0        0        4         0
                text45                             E070     E070       36         0
                text44                             E03C     E03C       34         0
                text43                             E0A6     E0A6       3C         0
                text42                             DF00     DF00       1A         0
                text41                             DE50     DE50       14         0
                text40                             DE40     DE40       10         0
                text39                             DE14     DE14        A         0
                text38                             DE78     DE78       16         0
                text37                             DED0     DED0       18         0
                text36                             DF88     DF88       20         0
                text35                             DF1A     DF1A       1A         0
                text34                             DF6A     DF6A       1E         0
                text33                             DE8E     DE8E       16         0
                text32                             E460     E460       C4         0
                text31                             E2D0     E2D0       6E         0
                text30                             E170     E170       50         0
                text29                             E210     E210       5C         0
                text28                             E71C     E71C      158         0
                text27                             DF34     DF34       1A         0
                text26                             E524     E524       F2         0
                text25                             DE1E     DE1E        A         0
                text24                             DFC8     DFC8       24         0
                text23                             E0E2     E0E2       42         0
                text22                             E1C0     E1C0       50         0
                text21                             F40A     F40A      42A         0
                text20                             E616     E616      106         0
                text19                             E3B2     E3B2       AE         0
                text18                             F834     F834      4C0         0
                text17                             F070     F070      39A         0
                text16                             EEAE     EEAE      1C2         0
                text15                             E33E     E33E       74         0
                text14                             E26C     E26C       64         0
                text13                             ECFA     ECFA      1B4         0
                text12                             E9D4     E9D4      192         0
                text11                             DEA4     DEA4       16         0
                text10                             DEBA     DEBA       16         0
                text9                              E010     E010       2C         0
                text8                              DFA8     DFA8       20         0
                text7                              DE64     DE64       14         0
                text6                              DEE8     DEE8       18         0
                text5                              DF4E     DF4E       1C         0
                text4                              EB66     EB66      194         0
                text3                              DE28     DE28        C         0
                text2                              DFEC     DFEC       24         0
                text1                              DE0C     DE0C        8         0
                text0                              E874     E874      160         0
                cinit                              E124     E124       4C         0
                idataBANK0                         DE34     DE34        C         0

        CLASS   CONST          

        CLASS   SMALLCONST     

        CLASS   MEDIUMCONST    
                mediumconst                        FCF4     FCF4      30C         0

        CLASS   COMRAM         
                cstackCOMRAM                          1        1       5E         1
                bssCOMRAM                            5F       5F        1         1

        CLASS   ABS1           

        CLASS   BIGRAM         

        CLASS   RAM            

        CLASS   BANK0          
                cstackBANK0                          92       92       1F         1
                dataBANK0                            B1       B1        C         1
                bssBANK0                             60       60       32         1

        CLASS   BANK1          
                bssBANK1                            100      100      100         1

        CLASS   BANK2          

        CLASS   BANK3          

        CLASS   BANK4          

        CLASS   BANK5          

        CLASS   BANK6          

        CLASS   BANK7          

        CLASS   BANK8          

        CLASS   BANK9          

        CLASS   BANK10         

        CLASS   BANK11         

        CLASS   BANK12         

        CLASS   BANK13         

        CLASS   BANK14         

        CLASS   BANK15         

        CLASS   SFR            

        CLASS   FARRAM         

        CLASS   CONFIG         
                config                           300000   300000        E         0

        CLASS   IDLOC          
                idloc                            200000   200000        8         0

        CLASS   EEDATA         



SEGMENTS        Name                           Load    Length   Top    Selector   Space  Class

                reset_vec                      000000  000004  000004         0       0  CODE    
                cstackCOMRAM                   000001  00005F  000060         1       1  COMRAM  
                bssBANK0                       000060  00005D  0000BD        60       1  BANK0   
                bssBANK1                       000100  000100  000200       100       1  BANK1   
                text1                          00DE0C  000008  00DE14      6F06       0  CODE    
                text39                         00DE14  00000A  00DE1E      6F0A       0  CODE    
                text25                         00DE1E  00000A  00DE28      6F0F       0  CODE    
                text3                          00DE28  00000C  00DE34      6F14       0  CODE    
                idataBANK0                     00DE34  00000C  00DE40      DE34       0  CODE    
                text40                         00DE40  000010  00DE50      6F20       0  CODE    
                text41                         00DE50  000014  00DE64      6F28       0  CODE    
                text7                          00DE64  000014  00DE78      6F32       0  CODE    
                text38                         00DE78  000016  00DE8E      6F3C       0  CODE    
                text33                         00DE8E  000016  00DEA4      6F47       0  CODE    
                text11                         00DEA4  000016  00DEBA      6F52       0  CODE    
                text10                         00DEBA  000016  00DED0      6F5D       0  CODE    
                text37                         00DED0  000018  00DEE8      6F68       0  CODE    
                text6                          00DEE8  000018  00DF00      6F74       0  CODE    
                text42                         00DF00  00001A  00DF1A      6F80       0  CODE    
                text35                         00DF1A  00001A  00DF34      6F8D       0  CODE    
                text27                         00DF34  00001A  00DF4E      6F9A       0  CODE    
                text5                          00DF4E  00001C  00DF6A      6FA7       0  CODE    
                text34                         00DF6A  00001E  00DF88      6FB5       0  CODE    
                text36                         00DF88  000020  00DFA8      6FC4       0  CODE    
                text8                          00DFA8  000020  00DFC8      6FD4       0  CODE    
                text24                         00DFC8  000024  00DFEC      6FE4       0  CODE    
                text2                          00DFEC  000024  00E010      6FF6       0  CODE    
                text9                          00E010  00002C  00E03C      7008       0  CODE    
                text44                         00E03C  000034  00E070      701E       0  CODE    
                text45                         00E070  000036  00E0A6      7038       0  CODE    
                text43                         00E0A6  00003C  00E0E2      7053       0  CODE    
                text23                         00E0E2  000042  00E124      7071       0  CODE    
                cinit                          00E124  00004C  00E170      7092       0  CODE    
                text30                         00E170  000050  00E1C0      70B8       0  CODE    
                text22                         00E1C0  000050  00E210      70E0       0  CODE    
                text29                         00E210  00005C  00E26C      7108       0  CODE    
                text14                         00E26C  000064  00E2D0      7136       0  CODE    
                text31                         00E2D0  00006E  00E33E      7168       0  CODE    
                text15                         00E33E  000074  00E3B2      719F       0  CODE    
                text19                         00E3B2  0000AE  00E460      71D9       0  CODE    
                text32                         00E460  0000C4  00E524      7230       0  CODE    
                text26                         00E524  0000F2  00E616      7292       0  CODE    
                text20                         00E616  000106  00E71C      730B       0  CODE    
                text28                         00E71C  000158  00E874      738E       0  CODE    
                text0                          00E874  000160  00E9D4      743A       0  CODE    
                text12                         00E9D4  000192  00EB66      74EA       0  CODE    
                text4                          00EB66  000194  00ECFA      75B3       0  CODE    
                text13                         00ECFA  0001B4  00EEAE      767D       0  CODE    
                text16                         00EEAE  0001C2  00F070      7757       0  CODE    
                text17                         00F070  00039A  00F40A      7838       0  CODE    
                text21                         00F40A  00042A  00F834      7A05       0  CODE    
                text18                         00F834  0004C0  00FCF4      7C1A       0  CODE    
                mediumconst                    00FCF4  00030C  010000      7E7A       0  MEDIUMCO
                idloc                          200000  000008  200008    200000       0  IDLOC   
                config                         300000  00000E  30000E    300000       0  CONFIG  


UNUSED ADDRESS RANGES

        Name                Unused          Largest block    Delta
        BANK0            0000BD-0000FF               43
        BANK10           000A00-000AFF              100
        BANK11           000B00-000BFF              100
        BANK12           000C00-000CFF              100
        BANK13           000D00-000DFF              100
        BANK14           000E00-000EFF              100
        BANK15           000F00-000F37               38
        BANK2            000200-0002FF              100
        BANK3            000300-0003FF              100
        BANK4            000400-0004FF              100
        BANK5            000500-0005FF              100
        BANK6            000600-0006FF              100
        BANK7            000700-0007FF              100
        BANK8            000800-0008FF              100
        BANK9            000900-0009FF              100
        BIGRAM           0000BD-0000FF               43
                         000200-000F37              D38
        CODE             000004-00DE0B             DE08
        CONST            000004-00DE0B             DE08
        EEDATA           F00000-F003FF              400
        MEDIUMCONST      001000-00DE0B             CE0C
        RAM              0000BD-0000FF               43
                         000200-000F37              100
        SFR              000F38-000FFF               28
        SMALLCONST       001000-00DE0B              100
        STACK            000200-000F37              D38

                                  Symbol Table

?___awdiv                                              cstackCOMRAM 000001
?___fladd                                              cstackCOMRAM 000041
?___fldiv                                              cstackCOMRAM 00000F
?___flmul                                              cstackCOMRAM 000028
?___fltol                                              cstackCOMRAM 000051
?___lwdiv                                              cstackCOMRAM 000001
?___lwmod                                              cstackCOMRAM 000008
?___xxtofl                                             cstackCOMRAM 000001
GetMode@masked_reg                                     cstackCOMRAM 000011
GetMode@reg                                            cstackCOMRAM 000012
ReadSXRegister@RegValue                                cstackCOMRAM 000004
ReadSXRegister@address                                 cstackCOMRAM 000005
SPIReceive@data_in                                     cstackCOMRAM 000003
SPIReceive@data_out                                    cstackCOMRAM 000002
SPITransfer@data_out                                   cstackCOMRAM 000002
UARTInit@baudRate                                      cstackCOMRAM 000001
UARTWriteByte@data                                     cstackCOMRAM 000001
UARTWriteByteHex@data                                  cstackCOMRAM 00000E
UARTWriteByteHex@hexa                                  cstackCOMRAM 00000C
UARTWriteStr@i                                         cstackCOMRAM 000006
UARTWriteStr@string                                    cstackCOMRAM 000002
UARTWriteStrLn@i                                       cstackCOMRAM 000006
UARTWriteStrLn@string                                  cstackCOMRAM 000002
WriteSXRegister@address                                cstackCOMRAM 000007
WriteSXRegister@data                                   cstackCOMRAM 000006
_ADCON0                                                (abs)        000FC2
_ADCON0bits                                            (abs)        000FC2
_ADCON1                                                (abs)        000FC1
_ADCON1bits                                            (abs)        000FC1
_ADCON2                                                (abs)        000FC0
_ADCON2bits                                            (abs)        000FC0
_ADC_result                                            bssBANK0     000090
_ADRESH                                                (abs)        000FC4
_ADRESL                                                (abs)        000FC3
_ANSELAbits                                            (abs)        000F38
_ANSELC                                                (abs)        000F3A
_ANSELCbits                                            (abs)        000F3A
_ANSELD                                                (abs)        000F3B
_ANSELDbits                                            (abs)        000F3B
_ANSELE                                                (abs)        000F3C
_AntennaTX                                             text37       00DED0
_BAUDCON1bits                                          (abs)        000FB8
_CCP5CONbits                                           (abs)        000F54
_GetMode                                               text28       00E71C
_INTCON                                                (abs)        000FF2
_INTCONbits                                            (abs)        000FF2
_InitModule                                            text26       00E524
_InitRFLoRaPins                                        text25       00DE1E
_LATBbits                                              (abs)        000F8A
_LATEbits                                              (abs)        000F8D
_OSCCON                                                (abs)        000FD3
_OSCCONbits                                            (abs)        000FD3
_PEIE                                                  (abs)        007F96
_PIE1bits                                              (abs)        000F9D
_PIR1bits                                              (abs)        000F9E
_PIR2bits                                              (abs)        000FA1
_PIR3bits                                              (abs)        000FA4
_RCIE                                                  (abs)        007CED
_RCIF                                                  (abs)        007CF5
_RCREG1                                                (abs)        000FAE
_RCSTA1                                                (abs)        000FAB
_RCSTA1bits                                            (abs)        000FAB
_ReadSXRegister                                        text34       00DF6A
_ResetRFModule                                         text24       00DFC8
_SPBRG1                                                (abs)        000FAF
_SPBRGH1                                               (abs)        000FB0
_SPIInit                                               text23       00E0E2
_SPIReceive                                            text36       00DF88
_SPITransfer                                           text35       00DF1A
_SSP1ADD                                               (abs)        000FC8
_SSP1BUF                                               (abs)        000FC9
_SSP1CON1bits                                          (abs)        000FC6
_SSP1CON2                                              (abs)        000FC5
_SSP1CON2bits                                          (abs)        000FC5
_SSP1STATbits                                          (abs)        000FC7
_SSP2BUF                                               (abs)        000F6F
_SSP2CON1                                              (abs)        000F6C
_SSP2STATbits                                          (abs)        000F6D
_T0CON                                                 (abs)        000FD5
_TRISA                                                 (abs)        000F92
_TRISAbits                                             (abs)        000F92
_TRISB                                                 (abs)        000F93
_TRISBbits                                             (abs)        000F93
_TRISC                                                 (abs)        000F94
_TRISCbits                                             (abs)        000F94
_TRISDbits                                             (abs)        000F95
_TRISEbits                                             (abs)        000F96
_TXREG1                                                (abs)        000FAD
_TXSTA1                                                (abs)        000FAC
_TXSTA1bits                                            (abs)        000FAC
_UARTInit                                              text45       00E070
_UARTWriteByte                                         text33       00DE8E
_UARTWriteByteHex                                      text31       00E2D0
_UARTWriteStr                                          text30       00E170
_UARTWriteStrLn                                        text29       00E210
_VREFCON0bits                                          (abs)        000F42
_WriteSXRegister                                       text27       00DF34
__CFG_BOREN$SBORDIS                                    (abs)        000000
__CFG_BORV$190                                         (abs)        000000
__CFG_CCP2MX$PORTC1                                    (abs)        000000
__CFG_CCP3MX$PORTB5                                    (abs)        000000
__CFG_CP0$OFF                                          (abs)        000000
__CFG_CP1$OFF                                          (abs)        000000
__CFG_CPB$OFF                                          (abs)        000000
__CFG_CPD$OFF                                          (abs)        000000
__CFG_EBTR0$OFF                                        (abs)        000000
__CFG_EBTR1$OFF                                        (abs)        000000
__CFG_EBTRB$OFF                                        (abs)        000000
__CFG_FCMEN$OFF                                        (abs)        000000
__CFG_FOSC$INTIO7                                      (abs)        000000
__CFG_HFOFST$ON                                        (abs)        000000
__CFG_IESO$OFF                                         (abs)        000000
__CFG_LVP$OFF                                          (abs)        000000
__CFG_MCLRE$EXTMCLR                                    (abs)        000000
__CFG_P2BMX$PORTD2                                     (abs)        000000
__CFG_PBADEN$OFF                                       (abs)        000000
__CFG_PLLCFG$OFF                                       (abs)        000000
__CFG_PRICLKEN$ON                                      (abs)        000000
__CFG_PWRTEN$ON                                        (abs)        000000
__CFG_STVREN$ON                                        (abs)        000000
__CFG_T3CMX$PORTC0                                     (abs)        000000
__CFG_WDTEN$OFF                                        (abs)        000000
__CFG_WDTPS$32768                                      (abs)        000000
__CFG_WRT0$OFF                                         (abs)        000000
__CFG_WRT1$OFF                                         (abs)        000000
__CFG_WRTB$OFF                                         (abs)        000000
__CFG_WRTC$OFF                                         (abs)        000000
__CFG_WRTD$OFF                                         (abs)        000000
__CFG_XINST$OFF                                        (abs)        000000
__HRAM                                                 (abs)        000000
__Habs1                                                abs1         000000
__Hbank0                                               bank0        000000
__Hbank1                                               bank1        000000
__Hbank10                                              bank10       000000
__Hbank11                                              bank11       000000
__Hbank12                                              bank12       000000
__Hbank13                                              bank13       000000
__Hbank14                                              bank14       000000
__Hbank15                                              bank15       000000
__Hbank2                                               bank2        000000
__Hbank3                                               bank3        000000
__Hbank4                                               bank4        000000
__Hbank5                                               bank5        000000
__Hbank6                                               bank6        000000
__Hbank7                                               bank7        000000
__Hbank8                                               bank8        000000
__Hbank9                                               bank9        000000
__Hbigbss                                              bigbss       000000
__Hbigdata                                             bigdata      000000
__Hbigram                                              bigram       000000
__Hbss                                                 bss          000000
__HbssBANK0                                            bssBANK0     000000
__HbssBANK1                                            bssBANK1     000000
__HbssCOMRAM                                           bssCOMRAM    000000
__Hcinit                                               cinit        000000
__Hclrtext                                             clrtext      000000
__Hcomram                                              comram       000000
__Hconfig                                              config       30000E
__Hconst                                               const        000000
__HcstackBANK0                                         cstackBANK0  000000
__HcstackCOMRAM                                        cstackCOMRAM 000000
__Hdata                                                data         000000
__HdataBANK0                                           dataBANK0    000000
__Heeprom_data                                         eeprom_data  000000
__Hfarbss                                              farbss       000000
__Hfardata                                             fardata      000000
__Hibigdata                                            ibigdata     000000
__Hidata                                               idata        000000
__HidataBANK0                                          idataBANK0   000000
__Hidloc                                               idloc        200008
__Hifardata                                            ifardata     000000
__Hinit                                                init         000004
__Hintcode                                             intcode      000000
__Hintcode_body                                        intcode_body 000000
__Hintcodelo                                           intcodelo    000000
__Hintentry                                            intentry     000000
__Hintret                                              intret       000000
__Hintsave_regs                                        intsave_regs 000000
__Hirdata                                              irdata       000000
__Hmediumconst                                         mediumconst  010000
__HnvFARRAM                                            nvFARRAM     000000
__Hnvbit                                               nvbit        000000
__Hnvrram                                              nvrram       000000
__Hparam                                               rparam       000000
__Hpowerup                                             powerup      000000
__Hram                                                 ram          000000
__Hramtop                                              ramtop       001000
__Hrbit                                                rbit         000000
__Hrbss                                                rbss         000000
__Hrdata                                               rdata        000000
__Hreset_vec                                           reset_vec    000000
__Hrparam                                              rparam       000000
__Hsfr                                                 sfr          000000
__Hsmallconst                                          smallconst   000000
__Hspace_0                                             (abs)        30000E
__Hspace_1                                             (abs)        000200
__Hspace_2                                             (abs)        000000
__Hstack                                               stack        000000
__Hstruct                                              struct       000000
__Htemp                                                temp         000000
__Htext                                                text         000000
__Htext0                                               text0        000000
__Htext1                                               text1        000000
__Htext10                                              text10       000000
__Htext11                                              text11       000000
__Htext12                                              text12       000000
__Htext13                                              text13       000000
__Htext14                                              text14       000000
__Htext15                                              text15       000000
__Htext16                                              text16       000000
__Htext17                                              text17       000000
__Htext18                                              text18       000000
__Htext19                                              text19       000000
__Htext2                                               text2        000000
__Htext20                                              text20       000000
__Htext21                                              text21       000000
__Htext22                                              text22       000000
__Htext23                                              text23       000000
__Htext24                                              text24       000000
__Htext25                                              text25       000000
__Htext26                                              text26       000000
__Htext27                                              text27       000000
__Htext28                                              text28       000000
__Htext29                                              text29       000000
__Htext3                                               text3        000000
__Htext30                                              text30       000000
__Htext31                                              text31       000000
__Htext32                                              text32       000000
__Htext33                                              text33       000000
__Htext34                                              text34       000000
__Htext35                                              text35       000000
__Htext36                                              text36       000000
__Htext37                                              text37       000000
__Htext38                                              text38       000000
__Htext39                                              text39       000000
__Htext4                                               text4        000000
__Htext40                                              text40       000000
__Htext41                                              text41       000000
__Htext42                                              text42       000000
__Htext43                                              text43       000000
__Htext44                                              text44       000000
__Htext45                                              text45       000000
__Htext5                                               text5        000000
__Htext6                                               text6        000000
__Htext7                                               text7        000000
__Htext8                                               text8        000000
__Htext9                                               text9        000000
__LRAM                                                 (abs)        000001
__Labs1                                                abs1         000000
__Lbank0                                               bank0        000000
__Lbank1                                               bank1        000000
__Lbank10                                              bank10       000000
__Lbank11                                              bank11       000000
__Lbank12                                              bank12       000000
__Lbank13                                              bank13       000000
__Lbank14                                              bank14       000000
__Lbank15                                              bank15       000000
__Lbank2                                               bank2        000000
__Lbank3                                               bank3        000000
__Lbank4                                               bank4        000000
__Lbank5                                               bank5        000000
__Lbank6                                               bank6        000000
__Lbank7                                               bank7        000000
__Lbank8                                               bank8        000000
__Lbank9                                               bank9        000000
__Lbigbss                                              bigbss       000000
__Lbigdata                                             bigdata      000000
__Lbigram                                              bigram       000000
__Lbss                                                 bss          000000
__LbssBANK0                                            bssBANK0     000000
__LbssBANK1                                            bssBANK1     000000
__LbssCOMRAM                                           bssCOMRAM    000000
__Lcinit                                               cinit        000000
__Lclrtext                                             clrtext      000000
__Lcomram                                              comram       000000
__Lconfig                                              config       300000
__Lconst                                               const        000000
__LcstackBANK0                                         cstackBANK0  000000
__LcstackCOMRAM                                        cstackCOMRAM 000000
__Ldata                                                data         000000
__LdataBANK0                                           dataBANK0    000000
__Leeprom_data                                         eeprom_data  000000
__Lfarbss                                              farbss       000000
__Lfardata                                             fardata      000000
__Libigdata                                            ibigdata     000000
__Lidata                                               idata        000000
__LidataBANK0                                          idataBANK0   000000
__Lidloc                                               idloc        200000
__Lifardata                                            ifardata     000000
__Linit                                                init         000000
__Lintcode                                             intcode      000000
__Lintcode_body                                        intcode_body 000000
__Lintcodelo                                           intcodelo    000000
__Lintentry                                            intentry     000000
__Lintret                                              intret       000000
__Lintsave_regs                                        intsave_regs 000000
__Lirdata                                              irdata       000000
__Lmediumconst                                         mediumconst  00FCF4
__LnvFARRAM                                            nvFARRAM     000000
__Lnvbit                                               nvbit        000000
__Lnvrram                                              nvrram       000000
__Lparam                                               rparam       000000
__Lpowerup                                             powerup      000000
__Lram                                                 ram          000000
__Lramtop                                              ramtop       001000
__Lrbit                                                rbit         000000
__Lrbss                                                rbss         000000
__Lrdata                                               rdata        000000
__Lreset_vec                                           reset_vec    000000
__Lrparam                                              rparam       000000
__Lsfr                                                 sfr          000000
__Lsmallconst                                          smallconst   000000
__Lspace_0                                             (abs)        000000
__Lspace_1                                             (abs)        000000
__Lspace_2                                             (abs)        000000
__Lstack                                               stack        000000
__Lstruct                                              struct       000000
__Ltemp                                                temp         000000
__Ltext                                                text         000000
__Ltext0                                               text0        000000
__Ltext1                                               text1        000000
__Ltext10                                              text10       000000
__Ltext11                                              text11       000000
__Ltext12                                              text12       000000
__Ltext13                                              text13       000000
__Ltext14                                              text14       000000
__Ltext15                                              text15       000000
__Ltext16                                              text16       000000
__Ltext17                                              text17       000000
__Ltext18                                              text18       000000
__Ltext19                                              text19       000000
__Ltext2                                               text2        000000
__Ltext20                                              text20       000000
__Ltext21                                              text21       000000
__Ltext22                                              text22       000000
__Ltext23                                              text23       000000
__Ltext24                                              text24       000000
__Ltext25                                              text25       000000
__Ltext26                                              text26       000000
__Ltext27                                              text27       000000
__Ltext28                                              text28       000000
__Ltext29                                              text29       000000
__Ltext3                                               text3        000000
__Ltext30                                              text30       000000
__Ltext31                                              text31       000000
__Ltext32                                              text32       000000
__Ltext33                                              text33       000000
__Ltext34                                              text34       000000
__Ltext35                                              text35       000000
__Ltext36                                              text36       000000
__Ltext37                                              text37       000000
__Ltext38                                              text38       000000
__Ltext39                                              text39       000000
__Ltext4                                               text4        000000
__Ltext40                                              text40       000000
__Ltext41                                              text41       000000
__Ltext42                                              text42       000000
__Ltext43                                              text43       000000
__Ltext44                                              text44       000000
__Ltext45                                              text45       000000
__Ltext5                                               text5        000000
__Ltext6                                               text6        000000
__Ltext7                                               text7        000000
__Ltext8                                               text8        000000
__Ltext9                                               text9        000000
__S0                                                   (abs)        30000E
__S1                                                   (abs)        000200
__S2                                                   (abs)        000000
___awdiv                                               text32       00E460
___awdiv@counter                                       cstackCOMRAM 000005
___awdiv@dividend                                      cstackCOMRAM 000001
___awdiv@divisor                                       cstackCOMRAM 000003
___awdiv@quotient                                      cstackCOMRAM 000007
___awdiv@sign                                          cstackCOMRAM 000006
___fladd                                               text18       00F834
___fladd@a                                             cstackCOMRAM 000045
___fladd@aexp                                          cstackCOMRAM 00004E
___fladd@b                                             cstackCOMRAM 000041
___fladd@bexp                                          cstackCOMRAM 00004F
___fladd@grs                                           cstackCOMRAM 000050
___fladd@signs                                         cstackCOMRAM 00004D
___fldiv                                               text17       00F070
___fldiv@a                                             cstackCOMRAM 000013
___fldiv@aexp                                          cstackCOMRAM 000027
___fldiv@b                                             cstackCOMRAM 00000F
___fldiv@bexp                                          cstackCOMRAM 000026
___fldiv@grs                                           cstackCOMRAM 000022
___fldiv@new_exp                                       cstackCOMRAM 000020
___fldiv@rem                                           cstackCOMRAM 00001B
___fldiv@sign                                          cstackCOMRAM 00001F
___flmul                                               text21       00F40A
___flmul@a                                             cstackCOMRAM 00002C
___flmul@aexp                                          cstackCOMRAM 000039
___flmul@b                                             cstackCOMRAM 000028
___flmul@bexp                                          cstackCOMRAM 00003A
___flmul@grs                                           cstackCOMRAM 000035
___flmul@prod                                          cstackCOMRAM 00003B
___flmul@sign                                          cstackCOMRAM 000034
___flmul@temp                                          cstackCOMRAM 00003F
___fltol                                               text20       00E616
___fltol@exp1                                          cstackCOMRAM 00005A
___fltol@f1                                            cstackCOMRAM 000051
___fltol@sign1                                         cstackCOMRAM 000059
___inthi_sp                                            stack        000000
___intlo_sp                                            stack        000000
___lwdiv                                               text15       00E33E
___lwdiv@counter                                       cstackCOMRAM 000007
___lwdiv@dividend                                      cstackCOMRAM 000001
___lwdiv@divisor                                       cstackCOMRAM 000003
___lwdiv@quotient                                      cstackCOMRAM 000005
___lwmod                                               text14       00E26C
___lwmod@counter                                       cstackCOMRAM 00000C
___lwmod@dividend                                      cstackCOMRAM 000008
___lwmod@divisor                                       cstackCOMRAM 00000A
___param_bank                                          (abs)        000000
___rparam_used                                         (abs)        000001
___sp                                                  stack        000000
___xxtofl                                              text13       00ECFA
___xxtofl@arg                                          cstackCOMRAM 00000B
___xxtofl@exp                                          cstackCOMRAM 00000A
___xxtofl@sign                                         cstackCOMRAM 000009
___xxtofl@val                                          cstackCOMRAM 000001
__accesstop                                            (abs)        000060
__activetblptr                                         (abs)        000002
__end_of_AntennaTX                                     text37       00DEE8
__end_of_GetMode                                       text28       00E874
__end_of_InitModule                                    text26       00E616
__end_of_InitRFLoRaPins                                text25       00DE28
__end_of_ReadSXRegister                                text34       00DF88
__end_of_ResetRFModule                                 text24       00DFEC
__end_of_SPIInit                                       text23       00E124
__end_of_SPIReceive                                    text36       00DFA8
__end_of_SPITransfer                                   text35       00DF34
__end_of_UARTInit                                      text45       00E0A6
__end_of_UARTWriteByte                                 text33       00DEA4
__end_of_UARTWriteByteHex                              text31       00E33E
__end_of_UARTWriteStr                                  text30       00E1C0
__end_of_UARTWriteStrLn                                text29       00E26C
__end_of_WriteSXRegister                               text27       00DF4E
__end_of___awdiv                                       text32       00E524
__end_of___fladd                                       text18       00FCF4
__end_of___fldiv                                       text17       00F40A
__end_of___flmul                                       text21       00F834
__end_of___fltol                                       text20       00E71C
__end_of___lwdiv                                       text15       00E3B2
__end_of___lwmod                                       text14       00E2D0
__end_of___xxtofl                                      text13       00EEAE
__end_of__initialization                               cinit        00E166
__end_of_i2c_ACK                                       text11       00DEBA
__end_of_i2c_NAK                                       text10       00DED0
__end_of_i2c_init                                      text44       00E070
__end_of_i2c_read                                      text8        00DFC8
__end_of_i2c_start                                     text7        00DE78
__end_of_i2c_stop                                      text6        00DF00
__end_of_i2c_waitForIdle                               text9        00E03C
__end_of_i2c_write                                     text5        00DF6A
__end_of_init_F46K22                                   text38       00DE8E
__end_of_init_F46K22_ADC                               text43       00E0E2
__end_of_init_F46K22_AN                                text42       00DF1A
__end_of_init_F46K22_CLK                               text41       00DE64
__end_of_init_F46K22_IO                                text40       00DE50
__end_of_init_F46K22_TMR                               text39       00DE1E
__end_of_init_LORA_communication                       text22       00E210
__end_of_load_FIFO_with_init_values                    text19       00E460
__end_of_load_FIFO_with_temp_humidity_voltage          text16       00F070
__end_of_main                                          text0        00E9D4
__end_of_measure_battery                               text12       00EB66
__end_of_measure_humidity_temp_HIH6021                 text4        00ECFA
__end_of_reset_IRQs                                    text3        00DE34
__end_of_set_TX_and_transmit                           text2        00E010
__end_of_wait_for_transmission                         text1        00DE14
__initialization                                       cinit        00E124
__mediumconst                                          mediumconst  00FCF4
__pbssBANK0                                            bssBANK0     000060
__pbssBANK1                                            bssBANK1     000100
__pbssCOMRAM                                           bssCOMRAM    00005F
__pcinit                                               cinit        00E124
__pcstackBANK0                                         cstackBANK0  000092
__pcstackCOMRAM                                        cstackCOMRAM 000001
__pdataBANK0                                           dataBANK0    0000B1
__pidataBANK0                                          idataBANK0   00DE34
__pmediumconst                                         mediumconst  00FCF4
__ptext0                                               text0        00E874
__ptext1                                               text1        00DE0C
__ptext10                                              text10       00DEBA
__ptext11                                              text11       00DEA4
__ptext12                                              text12       00E9D4
__ptext13                                              text13       00ECFA
__ptext14                                              text14       00E26C
__ptext15                                              text15       00E33E
__ptext16                                              text16       00EEAE
__ptext17                                              text17       00F070
__ptext18                                              text18       00F834
__ptext19                                              text19       00E3B2
__ptext2                                               text2        00DFEC
__ptext20                                              text20       00E616
__ptext21                                              text21       00F40A
__ptext22                                              text22       00E1C0
__ptext23                                              text23       00E0E2
__ptext24                                              text24       00DFC8
__ptext25                                              text25       00DE1E
__ptext26                                              text26       00E524
__ptext27                                              text27       00DF34
__ptext28                                              text28       00E71C
__ptext29                                              text29       00E210
__ptext3                                               text3        00DE28
__ptext30                                              text30       00E170
__ptext31                                              text31       00E2D0
__ptext32                                              text32       00E460
__ptext33                                              text33       00DE8E
__ptext34                                              text34       00DF6A
__ptext35                                              text35       00DF1A
__ptext36                                              text36       00DF88
__ptext37                                              text37       00DED0
__ptext38                                              text38       00DE78
__ptext39                                              text39       00DE14
__ptext4                                               text4        00EB66
__ptext40                                              text40       00DE40
__ptext41                                              text41       00DE50
__ptext42                                              text42       00DF00
__ptext43                                              text43       00E0A6
__ptext44                                              text44       00E03C
__ptext45                                              text45       00E070
__ptext5                                               text5        00DF4E
__ptext6                                               text6        00DEE8
__ptext7                                               text7        00DE64
__ptext8                                               text8        00DFA8
__ptext9                                               text9        00E010
__ramtop                                               ramtop       001000
__size_of_AntennaTX                                    (abs)        000000
__size_of_GetMode                                      (abs)        000000
__size_of_InitModule                                   (abs)        000000
__size_of_InitRFLoRaPins                               (abs)        000000
__size_of_ReadSXRegister                               (abs)        000000
__size_of_ResetRFModule                                (abs)        000000
__size_of_SPIInit                                      (abs)        000000
__size_of_SPIReceive                                   (abs)        000000
__size_of_SPITransfer                                  (abs)        000000
__size_of_UARTInit                                     (abs)        000000
__size_of_UARTWriteByte                                (abs)        000000
__size_of_UARTWriteByteHex                             (abs)        000000
__size_of_UARTWriteStr                                 (abs)        000000
__size_of_UARTWriteStrLn                               (abs)        000000
__size_of_WriteSXRegister                              (abs)        000000
__size_of___awdiv                                      (abs)        000000
__size_of___fladd                                      (abs)        000000
__size_of___fldiv                                      (abs)        000000
__size_of___flmul                                      (abs)        000000
__size_of___fltol                                      (abs)        000000
__size_of___lwdiv                                      (abs)        000000
__size_of___lwmod                                      (abs)        000000
__size_of___xxtofl                                     (abs)        000000
__size_of_i2c_ACK                                      (abs)        000000
__size_of_i2c_NAK                                      (abs)        000000
__size_of_i2c_init                                     (abs)        000000
__size_of_i2c_read                                     (abs)        000000
__size_of_i2c_start                                    (abs)        000000
__size_of_i2c_stop                                     (abs)        000000
__size_of_i2c_waitForIdle                              (abs)        000000
__size_of_i2c_write                                    (abs)        000000
__size_of_init_F46K22                                  (abs)        000000
__size_of_init_F46K22_ADC                              (abs)        000000
__size_of_init_F46K22_AN                               (abs)        000000
__size_of_init_F46K22_CLK                              (abs)        000000
__size_of_init_F46K22_IO                               (abs)        000000
__size_of_init_F46K22_TMR                              (abs)        000000
__size_of_init_LORA_communication                      (abs)        000000
__size_of_load_FIFO_with_init_values                   (abs)        000000
__size_of_load_FIFO_with_temp_humidity_voltage         (abs)        000000
__size_of_main                                         (abs)        000000
__size_of_measure_battery                              (abs)        000000
__size_of_measure_humidity_temp_HIH6021                (abs)        000000
__size_of_reset_IRQs                                   (abs)        000000
__size_of_set_TX_and_transmit                          (abs)        000000
__size_of_wait_for_transmission                        (abs)        000000
__smallconst                                           smallconst   000000
_accu_v                                                bssBANK0     000084
_accu_v2                                               bssBANK0     000082
_bat_voltage0                                          bssBANK0     00008C
_bat_voltage1                                          bssBANK0     00008D
_bat_voltage_decim_part                                bssBANK0     00008B
_bat_voltage_unit                                      bssCOMRAM    00005F
_battery_voltage                                       dataBANK0    0000B1
_battery_voltage_int                                   dataBANK0    0000B9
_header0                                               bssBANK0     00008E
_header1                                               bssBANK0     00008F
_humidity                                              bssBANK0     00006E
_humidityHL                                            bssBANK0     000076
_i                                                     bssBANK0     00007C
_i2c_ACK                                               text11       00DEA4
_i2c_NAK                                               text10       00DEBA
_i2c_init                                              text44       00E03C
_i2c_read                                              text8        00DFA8
_i2c_start                                             text7        00DE64
_i2c_stop                                              text6        00DEE8
_i2c_waitForIdle                                       text9        00E010
_i2c_write                                             text5        00DF4E
_idN                                                   dataBANK0    0000B7
_idR                                                   dataBANK0    0000B8
_idT                                                   bssBANK0     000086
_id_node                                               dataBANK0    0000BC
_id_reseau                                             dataBANK0    0000BA
_id_trame                                              dataBANK0    0000BB
_init_F46K22                                           text38       00DE78
_init_F46K22_ADC                                       text43       00E0A6
_init_F46K22_AN                                        text42       00DF00
_init_F46K22_CLK                                       text41       00DE50
_init_F46K22_IO                                        text40       00DE40
_init_F46K22_TMR                                       text39       00DE14
_init_LORA_communication                               text22       00E1C0
_load_FIFO_with_init_values                            text19       00E3B2
_load_FIFO_with_temp_humidity_voltage                  text16       00EEAE
_main                                                  text0        00E874
_measure_battery                                       text12       00E9D4
_measure_humidity_temp_HIH6021                         text4        00EB66
_panel_voltage0                                        bssBANK0     000088
_panel_voltage1                                        bssBANK0     000089
_reg_val                                               bssBANK0     00008A
_reset_IRQs                                            text3        00DE28
_send_data                                             bssBANK0     000087
_set_TX_and_transmit                                   text2        00DFEC
_temp_AT                                               bssBANK0     00007E
_temperature                                           bssBANK0     00006A
_temperatureHL                                         bssBANK0     000078
_timer_tick                                            bssBANK0     00007A
_txBuffer                                              bssBANK1     000100
_txMsg                                                 bssBANK0     000060
_var1                                                  dataBANK0    0000B6
_var2                                                  dataBANK0    0000B5
_volts                                                 bssBANK0     000072
_volts_cV                                              bssBANK0     000080
_volts_divider                                         bssBANK0     000066
_wait_for_transmission                                 text1        00DE0C
end_of_initialization                                  cinit        00E166
i2c_read@i2cReadData                                   cstackCOMRAM 000002
i2c_write@i2cWriteData                                 cstackCOMRAM 000002
intlevel0                                              text         000000
intlevel1                                              text         000000
intlevel2                                              text         000000
intlevel3                                              text         000000
load_FIFO_with_init_values@b_battery_voltage           cstackBANK0  00009D
load_FIFO_with_init_values@battery_voltage             cstackBANK0  000094
load_FIFO_with_init_values@i                           cstackBANK0  00009E
load_FIFO_with_init_values@id_node                     cstackBANK0  000093
load_FIFO_with_init_values@id_reseau                   cstackBANK0  000092
load_FIFO_with_init_values@id_trame                    cstackBANK0  000098
load_FIFO_with_init_values@txMsg                       cstackBANK0  000099
load_FIFO_with_temp_humidity_voltage@b_battery_voltage cstackBANK0  0000A9
load_FIFO_with_temp_humidity_voltage@b_humidity        cstackBANK0  0000A8
load_FIFO_with_temp_humidity_voltage@b_temperature     cstackBANK0  0000A7
load_FIFO_with_temp_humidity_voltage@battery_voltage   cstackBANK0  000094
load_FIFO_with_temp_humidity_voltage@humidity          cstackBANK0  00009C
load_FIFO_with_temp_humidity_voltage@i                 cstackBANK0  0000AA
load_FIFO_with_temp_humidity_voltage@id_node           cstackBANK0  000093
load_FIFO_with_temp_humidity_voltage@id_reseau         cstackBANK0  000092
load_FIFO_with_temp_humidity_voltage@id_trame          cstackBANK0  0000A6
load_FIFO_with_temp_humidity_voltage@temperature       cstackBANK0  000098
load_FIFO_with_temp_humidity_voltage@txMsg             cstackBANK0  0000A0
measure_humidity_temp_HIH6021@humidity_HIH6021_H       cstackCOMRAM 000054
measure_humidity_temp_HIH6021@humidity_HIH6021_L       cstackCOMRAM 000055
measure_humidity_temp_HIH6021@temperature_HIH6021_H    cstackCOMRAM 000056
measure_humidity_temp_HIH6021@temperature_HIH6021_L    cstackCOMRAM 000057
stackhi                                                (abs)        000F37
stacklo                                                (abs)        000200
start                                                  init         000000
start_initialization                                   cinit        00E124


FUNCTION INFORMATION:

 *************** function _main *****************
 Defined at:
		line 169 in file "test_i2c.c"
 Parameters:    Size  Location     Type
  argc            2   26[BANK0 ] int 
  argv            3   28[BANK0 ] PTR PTR unsigned char 
 Auto vars:     Size  Location     Type
		None
 Return value:  Size  Location     Type
                  2   26[BANK0 ] int 
 Registers used:
		wreg, fsr2l, fsr2h, status,2, status,0, tblptrl, tblptrh, tblptru, prodl, prodh, cstack
 Tracked objects:
		On entry : 
		On exit  : 
		Unchanged: 
 Data sizes:     COMRAM   BANK0   BANK1   BANK2   BANK3   BANK4   BANK5   BANK6   BANK7   BANK8   BANK9  BANK10  BANK11  BANK12  BANK13  BANK14  BANK15
      Params:         0       5       0       0       0       0       0       0       0       0       0       0       0       0       0       0       0
      Locals:         0       0       0       0       0       0       0       0       0       0       0       0       0       0       0       0       0
      Temps:          2       0       0       0       0       0       0       0       0       0       0       0       0       0       0       0       0
      Totals:         2       5       0       0       0       0       0       0       0       0       0       0       0       0       0       0       0
Total ram usage:        7 bytes
 Hardware stack levels required when called:    4
 This function calls:
		_UARTInit
		_i2c_init
		_init_F46K22
		_init_LORA_communication
		_load_FIFO_with_init_values
		_load_FIFO_with_temp_humidity_voltage
		_measure_battery
		_measure_humidity_temp_HIH6021
		_reset_IRQs
		_set_TX_and_transmit
		_wait_for_transmission
 This function is called by:
		Startup code after reset
 This function uses a non-reentrant model


 *************** function _wait_for_transmission *****************
 Defined at:
		line 75 in file "LoRa_com.c"
 Parameters:    Size  Location     Type
		None
 Auto vars:     Size  Location     Type
  reg_val         1    0        unsigned char 
 Return value:  Size  Location     Type
                  1    wreg      void 
 Registers used:
		wreg, status,2, status,0, cstack
 Tracked objects:
		On entry : 
		On exit  : 
		Unchanged: 
 Data sizes:     COMRAM   BANK0   BANK1   BANK2   BANK3   BANK4   BANK5   BANK6   BANK7   BANK8   BANK9  BANK10  BANK11  BANK12  BANK13  BANK14  BANK15
      Params:         0       0       0       0       0       0       0       0       0       0       0       0       0       0       0       0       0
      Locals:         1       0       0       0       0       0       0       0       0       0       0       0       0       0       0       0       0
      Temps:          0       0       0       0       0       0       0       0       0       0       0       0       0       0       0       0       0
      Totals:         1       0       0       0       0       0       0       0       0       0       0       0       0       0       0       0       0
Total ram usage:        1 bytes
 Hardware stack levels used:    1
 Hardware stack levels required when called:    2
 This function calls:
		_ReadSXRegister
 This function is called by:
		_main
 This function uses a non-reentrant model


 *************** function _set_TX_and_transmit *****************
 Defined at:
		line 68 in file "LoRa_com.c"
 Parameters:    Size  Location     Type
		None
 Auto vars:     Size  Location     Type
		None
 Return value:  Size  Location     Type
                  1    wreg      void 
 Registers used:
		wreg, status,2, status,0, cstack
 Tracked objects:
		On entry : 
		On exit  : 
		Unchanged: 
 Data sizes:     COMRAM   BANK0   BANK1   BANK2   BANK3   BANK4   BANK5   BANK6   BANK7   BANK8   BANK9  BANK10  BANK11  BANK12  BANK13  BANK14  BANK15
      Params:         0       0       0       0       0       0       0       0       0       0       0       0       0       0       0       0       0
      Locals:         0       0       0       0       0       0       0       0       0       0       0       0       0       0       0       0       0
      Temps:          2       0       0       0       0       0       0       0       0       0       0       0       0       0       0       0       0
      Totals:         2       0       0       0       0       0       0       0       0       0       0       0       0       0       0       0       0
Total ram usage:        2 bytes
 Hardware stack levels used:    1
 Hardware stack levels required when called:    2
 This function calls:
		_WriteSXRegister
 This function is called by:
		_main
 This function uses a non-reentrant model


 *************** function _reset_IRQs *****************
 Defined at:
		line 83 in file "LoRa_com.c"
 Parameters:    Size  Location     Type
		None
 Auto vars:     Size  Location     Type
		None
 Return value:  Size  Location     Type
                  1    wreg      void 
 Registers used:
		wreg, status,2, status,0, cstack
 Tracked objects:
		On entry : 
		On exit  : 
		Unchanged: 
 Data sizes:     COMRAM   BANK0   BANK1   BANK2   BANK3   BANK4   BANK5   BANK6   BANK7   BANK8   BANK9  BANK10  BANK11  BANK12  BANK13  BANK14  BANK15
      Params:         0       0       0       0       0       0       0       0       0       0       0       0       0       0       0       0       0
      Locals:         0       0       0       0       0       0       0       0       0       0       0       0       0       0       0       0       0
      Temps:          0       0       0       0       0       0       0       0       0       0       0       0       0       0       0       0       0
      Totals:         0       0       0       0       0       0       0       0       0       0       0       0       0       0       0       0       0
Total ram usage:        0 bytes
 Hardware stack levels used:    1
 Hardware stack levels required when called:    2
 This function calls:
		_WriteSXRegister
 This function is called by:
		_main
 This function uses a non-reentrant model


 *************** function _measure_humidity_temp_HIH6021 *****************
 Defined at:
		line 300 in file "test_i2c.c"
 Parameters:    Size  Location     Type
		None
 Auto vars:     Size  Location     Type
  temperature_    1   86[COMRAM] unsigned char 
  temperature_    1   85[COMRAM] unsigned char 
  humidity_HIH    1   84[COMRAM] unsigned char 
  humidity_HIH    1   83[COMRAM] unsigned char 
 Return value:  Size  Location     Type
                  1    wreg      void 
 Registers used:
		wreg, status,2, status,0, prodl, prodh, cstack
 Tracked objects:
		On entry : 
		On exit  : 
		Unchanged: 
 Data sizes:     COMRAM   BANK0   BANK1   BANK2   BANK3   BANK4   BANK5   BANK6   BANK7   BANK8   BANK9  BANK10  BANK11  BANK12  BANK13  BANK14  BANK15
      Params:         0       0       0       0       0       0       0       0       0       0       0       0       0       0       0       0       0
      Locals:         4       0       0       0       0       0       0       0       0       0       0       0       0       0       0       0       0
      Temps:          3       0       0       0       0       0       0       0       0       0       0       0       0       0       0       0       0
      Totals:         7       0       0       0       0       0       0       0       0       0       0       0       0       0       0       0       0
Total ram usage:        7 bytes
 Hardware stack levels used:    1
 Hardware stack levels required when called:    2
 This function calls:
		___fladd
		___fldiv
		___flmul
		___xxtofl
		_i2c_ACK
		_i2c_NAK
		_i2c_read
		_i2c_start
		_i2c_stop
		_i2c_write
 This function is called by:
		_main
 This function uses a non-reentrant model


 *************** function _i2c_write *****************
 Defined at:
		line 177 in file "i2c.c"
 Parameters:    Size  Location     Type
  i2cWriteData    1    wreg     unsigned char 
 Auto vars:     Size  Location     Type
  i2cWriteData    1    1[COMRAM] unsigned char 
 Return value:  Size  Location     Type
                  1    wreg      void 
 Registers used:
		wreg, status,2, status,0, cstack
 Tracked objects:
		On entry : 
		On exit  : 
		Unchanged: 
 Data sizes:     COMRAM   BANK0   BANK1   BANK2   BANK3   BANK4   BANK5   BANK6   BANK7   BANK8   BANK9  BANK10  BANK11  BANK12  BANK13  BANK14  BANK15
      Params:         0       0       0       0       0       0       0       0       0       0       0       0       0       0       0       0       0
      Locals:         1       0       0       0       0       0       0       0       0       0       0       0       0       0       0       0       0
[...]
Total ram usage:        2 bytes
 Hardware stack levels used:    1
 Hardware stack levels required when called:    1
 This function calls:
		_SPIReceive
		_SPITransfer
 This function is called by:
		_GetMode
		_load_FIFO_with_temp_humidity_voltage
		_load_FIFO_with_init_values
		_wait_for_transmission
 This function uses a non-reentrant model


 *************** function _SPITransfer *****************
 Defined at:
		line 41 in file "spi.c"
 Parameters:    Size  Location     Type
  data_out        1    wreg     unsigned char 
 Auto vars:     Size  Location     Type
  data_out        1    1[COMRAM] unsigned char 
  dummy_byte      1    0        unsigned char 
 Return value:  Size  Location     Type
                  1    wreg      void 
 Registers used:
		wreg
 Tracked objects:
		On entry : 
		On exit  : 
		Unchanged: 
 Data sizes:     COMRAM   BANK0   BANK1   BANK2   BANK3   BANK4   BANK5   BANK6   BANK7   BANK8   BANK9  BANK10  BANK11  BANK12  BANK13  BANK14  BANK15
      Params:         0       0       0       0       0       0       0       0       0       0       0       0       0       0       0       0       0
      Locals:         2       0       0       0       0       0       0       0       0       0       0       0       0       0       0       0       0
      Temps:          0       0       0       0       0       0       0       0       0       0       0       0       0       0       0       0       0
      Totals:         2       0       0       0       0       0       0       0       0       0       0       0       0       0       0       0       0
Total ram usage:        2 bytes
 Hardware stack levels used:    1
 This function calls:
		Nothing
 This function is called by:
		_WriteSXRegister
		_ReadSXRegister
		_PrintSXRegContent
 This function uses a non-reentrant model


 *************** function _SPIReceive *****************
 Defined at:
		line 50 in file "spi.c"
 Parameters:    Size  Location     Type
  data_out        1    wreg     unsigned char 
 Auto vars:     Size  Location     Type
  data_out        1    1[COMRAM] unsigned char 
  data_in         1    2[COMRAM] unsigned char 
  dummy_byte      1    0        unsigned char 
 Return value:  Size  Location     Type
                  1    wreg      unsigned char 
 Registers used:
		wreg, status,2
 Tracked objects:
		On entry : 
		On exit  : 
		Unchanged: 
 Data sizes:     COMRAM   BANK0   BANK1   BANK2   BANK3   BANK4   BANK5   BANK6   BANK7   BANK8   BANK9  BANK10  BANK11  BANK12  BANK13  BANK14  BANK15
      Params:         0       0       0       0       0       0       0       0       0       0       0       0       0       0       0       0       0
      Locals:         3       0       0       0       0       0       0       0       0       0       0       0       0       0       0       0       0
      Temps:          0       0       0       0       0       0       0       0       0       0       0       0       0       0       0       0       0
      Totals:         3       0       0       0       0       0       0       0       0       0       0       0       0       0       0       0       0
Total ram usage:        3 bytes
 Hardware stack levels used:    1
 This function calls:
		Nothing
 This function is called by:
		_ReadSXRegister
		_PrintSXRegContent
 This function uses a non-reentrant model


 *************** function _AntennaTX *****************
 Defined at:
		line 34 in file "RF_LoRa_868_SO.c"
 Parameters:    Size  Location     Type
		None
 Auto vars:     Size  Location     Type
		None
 Return value:  Size  Location     Type
                  1    wreg      void 
 Registers used:
		wreg
 Tracked objects:
		On entry : 
		On exit  : 
		Unchanged: 
 Data sizes:     COMRAM   BANK0   BANK1   BANK2   BANK3   BANK4   BANK5   BANK6   BANK7   BANK8   BANK9  BANK10  BANK11  BANK12  BANK13  BANK14  BANK15
      Params:         0       0       0       0       0       0       0       0       0       0       0       0       0       0       0       0       0
      Locals:         0       0       0       0       0       0       0       0       0       0       0       0       0       0       0       0       0
      Temps:          1       0       0       0       0       0       0       0       0       0       0       0       0       0       0       0       0
      Totals:         1       0       0       0       0       0       0       0       0       0       0       0       0       0       0       0       0
Total ram usage:        1 bytes
 Hardware stack levels used:    1
 This function calls:
		Nothing
 This function is called by:
		_init_LORA_communication
 This function uses a non-reentrant model


 *************** function _init_F46K22 *****************
 Defined at:
		line 4 in file "init_F43K22.c"
 Parameters:    Size  Location     Type
		None
 Auto vars:     Size  Location     Type
		None
 Return value:  Size  Location     Type
                  1    wreg      void 
 Registers used:
		wreg, status,2, cstack
 Tracked objects:
		On entry : 
		On exit  : 
		Unchanged: 
 Data sizes:     COMRAM   BANK0   BANK1   BANK2   BANK3   BANK4   BANK5   BANK6   BANK7   BANK8   BANK9  BANK10  BANK11  BANK12  BANK13  BANK14  BANK15
      Params:         0       0       0       0       0       0       0       0       0       0       0       0       0       0       0       0       0
      Locals:         0       0       0       0       0       0       0       0       0       0       0       0       0       0       0       0       0
      Temps:          0       0       0       0       0       0       0       0       0       0       0       0       0       0       0       0       0
      Totals:         0       0       0       0       0       0       0       0       0       0       0       0       0       0       0       0       0
Total ram usage:        0 bytes
 Hardware stack levels used:    1
 Hardware stack levels required when called:    1
 This function calls:
		_init_F46K22_ADC
		_init_F46K22_AN
		_init_F46K22_CLK
		_init_F46K22_IO
		_init_F46K22_TMR
 This function is called by:
		_main
 This function uses a non-reentrant model


 *************** function _init_F46K22_TMR *****************
 Defined at:
		line 123 in file "init_F43K22.c"
 Parameters:    Size  Location     Type
		None
 Auto vars:     Size  Location     Type
		None
 Return value:  Size  Location     Type
                  1    wreg      void 
 Registers used:
		wreg, status,2
 Tracked objects:
		On entry : 
		On exit  : 
		Unchanged: 
 Data sizes:     COMRAM   BANK0   BANK1   BANK2   BANK3   BANK4   BANK5   BANK6   BANK7   BANK8   BANK9  BANK10  BANK11  BANK12  BANK13  BANK14  BANK15
      Params:         0       0       0       0       0       0       0       0       0       0       0       0       0       0       0       0       0
      Locals:         0       0       0       0       0       0       0       0       0       0       0       0       0       0       0       0       0
      Temps:          0       0       0       0       0       0       0       0       0       0       0       0       0       0       0       0       0
      Totals:         0       0       0       0       0       0       0       0       0       0       0       0       0       0       0       0       0
Total ram usage:        0 bytes
 Hardware stack levels used:    1
 This function calls:
		Nothing
 This function is called by:
		_init_F46K22
 This function uses a non-reentrant model


 *************** function _init_F46K22_IO *****************
 Defined at:
		line 30 in file "init_F43K22.c"
 Parameters:    Size  Location     Type
		None
 Auto vars:     Size  Location     Type
		None
 Return value:  Size  Location     Type
                  1    wreg      void 
 Registers used:
		None
 Tracked objects:
		On entry : 
		On exit  : 
		Unchanged: 
 Data sizes:     COMRAM   BANK0   BANK1   BANK2   BANK3   BANK4   BANK5   BANK6   BANK7   BANK8   BANK9  BANK10  BANK11  BANK12  BANK13  BANK14  BANK15
      Params:         0       0       0       0       0       0       0       0       0       0       0       0       0       0       0       0       0
      Locals:         0       0       0       0       0       0       0       0       0       0       0       0       0       0       0       0       0
      Temps:          0       0       0       0       0       0       0       0       0       0       0       0       0       0       0       0       0
      Totals:         0       0       0       0       0       0       0       0       0       0       0       0       0       0       0       0       0
Total ram usage:        0 bytes
 Hardware stack levels used:    1
 This function calls:
		Nothing
 This function is called by:
		_init_F46K22
 This function uses a non-reentrant model


 *************** function _init_F46K22_CLK *****************
 Defined at:
		line 14 in file "init_F43K22.c"
 Parameters:    Size  Location     Type
		None
 Auto vars:     Size  Location     Type
		None
 Return value:  Size  Location     Type
                  1    wreg      void 
 Registers used:
		wreg, status,2
 Tracked objects:
		On entry : 
		On exit  : 
		Unchanged: 
 Data sizes:     COMRAM   BANK0   BANK1   BANK2   BANK3   BANK4   BANK5   BANK6   BANK7   BANK8   BANK9  BANK10  BANK11  BANK12  BANK13  BANK14  BANK15
      Params:         0       0       0       0       0       0       0       0       0       0       0       0       0       0       0       0       0
      Locals:         0       0       0       0       0       0       0       0       0       0       0       0       0       0       0       0       0
      Temps:          0       0       0       0       0       0       0       0       0       0       0       0       0       0       0       0       0
      Totals:         0       0       0       0       0       0       0       0       0       0       0       0       0       0       0       0       0
Total ram usage:        0 bytes
 Hardware stack levels used:    1
 This function calls:
		Nothing
 This function is called by:
		_init_F46K22
 This function uses a non-reentrant model


 *************** function _init_F46K22_AN *****************
 Defined at:
		line 101 in file "init_F43K22.c"
 Parameters:    Size  Location     Type
		None
 Auto vars:     Size  Location     Type
		None
 Return value:  Size  Location     Type
                  1    wreg      void 
 Registers used:
		wreg, status,2
 Tracked objects:
		On entry : 
		On exit  : 
		Unchanged: 
 Data sizes:     COMRAM   BANK0   BANK1   BANK2   BANK3   BANK4   BANK5   BANK6   BANK7   BANK8   BANK9  BANK10  BANK11  BANK12  BANK13  BANK14  BANK15
      Params:         0       0       0       0       0       0       0       0       0       0       0       0       0       0       0       0       0
      Locals:         0       0       0       0       0       0       0       0       0       0       0       0       0       0       0       0       0
      Temps:          0       0       0       0       0       0       0       0       0       0       0       0       0       0       0       0       0
      Totals:         0       0       0       0       0       0       0       0       0       0       0       0       0       0       0       0       0
Total ram usage:        0 bytes
 Hardware stack levels used:    1
 This function calls:
		Nothing
 This function is called by:
		_init_F46K22
 This function uses a non-reentrant model


 *************** function _init_F46K22_ADC *****************
 Defined at:
		line 61 in file "init_F43K22.c"
 Parameters:    Size  Location     Type
		None
 Auto vars:     Size  Location     Type
		None
 Return value:  Size  Location     Type
                  1    wreg      void 
 Registers used:
		wreg, status,2
 Tracked objects:
		On entry : 
		On exit  : 
		Unchanged: 
 Data sizes:     COMRAM   BANK0   BANK1   BANK2   BANK3   BANK4   BANK5   BANK6   BANK7   BANK8   BANK9  BANK10  BANK11  BANK12  BANK13  BANK14  BANK15
      Params:         0       0       0       0       0       0       0       0       0       0       0       0       0       0       0       0       0
      Locals:         0       0       0       0       0       0       0       0       0       0       0       0       0       0       0       0       0
      Temps:          0       0       0       0       0       0       0       0       0       0       0       0       0       0       0       0       0
      Totals:         0       0       0       0       0       0       0       0       0       0       0       0       0       0       0       0       0
Total ram usage:        0 bytes
 Hardware stack levels used:    1
 This function calls:
		Nothing
 This function is called by:
		_init_F46K22
 This function uses a non-reentrant model


 *************** function _i2c_init *****************
 Defined at:
		line 18 in file "i2c.c"
 Parameters:    Size  Location     Type
		None
 Auto vars:     Size  Location     Type
		None
 Return value:  Size  Location     Type
                  1    wreg      void 
 Registers used:
		wreg, status,2
 Tracked objects:
		On entry : 
		On exit  : 
		Unchanged: 
 Data sizes:     COMRAM   BANK0   BANK1   BANK2   BANK3   BANK4   BANK5   BANK6   BANK7   BANK8   BANK9  BANK10  BANK11  BANK12  BANK13  BANK14  BANK15
      Params:         0       0       0       0       0       0       0       0       0       0       0       0       0       0       0       0       0
      Locals:         0       0       0       0       0       0       0       0       0       0       0       0       0       0       0       0       0
      Temps:          0       0       0       0       0       0       0       0       0       0       0       0       0       0       0       0       0
      Totals:         0       0       0       0       0       0       0       0       0       0       0       0       0       0       0       0       0
Total ram usage:        0 bytes
 Hardware stack levels used:    1
 This function calls:
		Nothing
 This function is called by:
		_main
 This function uses a non-reentrant model


 *************** function _UARTInit *****************
 Defined at:
		line 16 in file "uart.c"
 Parameters:    Size  Location     Type
  baudRate        2    0[COMRAM] unsigned int 
 Auto vars:     Size  Location     Type
		None
 Return value:  Size  Location     Type
                  1    wreg      void 
 Registers used:
		wreg, status,2
 Tracked objects:
		On entry : 
		On exit  : 
		Unchanged: 
 Data sizes:     COMRAM   BANK0   BANK1   BANK2   BANK3   BANK4   BANK5   BANK6   BANK7   BANK8   BANK9  BANK10  BANK11  BANK12  BANK13  BANK14  BANK15
      Params:         2       0       0       0       0       0       0       0       0       0       0       0       0       0       0       0       0
      Locals:         0       0       0       0       0       0       0       0       0       0       0       0       0       0       0       0       0
      Temps:          0       0       0       0       0       0       0       0       0       0       0       0       0       0       0       0       0
      Totals:         2       0       0       0       0       0       0       0       0       0       0       0       0       0       0       0       0
Total ram usage:        2 bytes
 Hardware stack levels used:    1
 This function calls:
		Nothing
 This function is called by:
		_main
 This function uses a non-reentrant model



MODULE INFORMATION

Module		Function		Class		Link	Load	Size
init_F43K22.c
		_init_F46K22   		CODE           	DE78	0000	23
		_init_F46K22_AN		CODE           	DF00	0000	27
		_init_F46K22_IO		CODE           	DE40	0000	17
		_init_F46K22_ADC		CODE           	E0A6	0000	61
		_init_F46K22_CLK		CODE           	DE50	0000	21
		_init_F46K22_TMR		CODE           	DE14	0000	11

init_F43K22.c estimated size: 160

uart.c
		_UARTWriteStr  		CODE           	E170	0000	81
		_UARTWriteByte 		CODE           	DE8E	0000	23
		_UARTWriteByteHex		CODE           	E2D0	0000	111
		_UARTInit      		CODE           	E070	0000	55
		_UARTWriteStrLn		CODE           	E210	0000	93

uart.c estimated size: 363

C:\Program Files (x86)\Microchip\xc8\v2.10\pic\sources\c99\common\xxtofl.c
		___xxtofl      		CODE           	ECFA	0000	437

C:\Program Files (x86)\Microchip\xc8\v2.10\pic\sources\c99\common\xxtofl.c estimated size: 437

C:\Program Files (x86)\Microchip\xc8\v2.10\pic\sources\c99\common\lwdiv.c
		___lwdiv       		CODE           	E33E	0000	117

C:\Program Files (x86)\Microchip\xc8\v2.10\pic\sources\c99\common\lwdiv.c estimated size: 117

C:\Program Files (x86)\Microchip\xc8\v2.10\pic\sources\c99\common\awdiv.c
		___awdiv       		CODE           	E460	0000	197

C:\Program Files (x86)\Microchip\xc8\v2.10\pic\sources\c99\common\awdiv.c estimated size: 197

C:\Program Files (x86)\Microchip\xc8\v2.10\pic\sources\c99\common\fltol.c
		___fltol       		CODE           	E616	0000	263

C:\Program Files (x86)\Microchip\xc8\v2.10\pic\sources\c99\common\fltol.c estimated size: 263

i2c.c
		_i2c_NAK       		CODE           	DEBA	0000	23
		_i2c_start     		CODE           	DE64	0000	21
		_i2c_waitForIdle		CODE           	E010	0000	45
		_i2c_ACK       		CODE           	DEA4	0000	23
		_i2c_write     		CODE           	DF4E	0000	29
		_i2c_stop      		CODE           	DEE8	0000	25
		_i2c_read      		CODE           	DFA8	0000	33
		_i2c_init      		CODE           	E03C	0000	53

i2c.c estimated size: 252

C:\Program Files (x86)\Microchip\xc8\v2.10\pic\sources\c99\common\sprcmul.c
		___flmul       		CODE           	F40A	0000	1067

C:\Program Files (x86)\Microchip\xc8\v2.10\pic\sources\c99\common\sprcmul.c estimated size: 1067

C:\Program Files (x86)\Microchip\xc8\v2.10\pic\sources\c99\common\sprcdiv.c
		___fldiv       		CODE           	F070	0000	923

C:\Program Files (x86)\Microchip\xc8\v2.10\pic\sources\c99\common\sprcdiv.c estimated size: 923

test_i2c.c
		_main          		CODE           	E874	0000	353
		_measure_humidity_temp_HIH6021		CODE           	EB66	0000	405
		_measure_battery		CODE           	E9D4	0000	403

test_i2c.c estimated size: 1161

SX1272.c
		_ReadSXRegister		CODE           	DF6A	0000	31
		_GetMode       		CODE           	E71C	0000	345
		_InitModule    		CODE           	E524	0000	243
		_WriteSXRegister		CODE           	DF34	0000	27

SX1272.c estimated size: 646

spi.c
		_SPITransfer   		CODE           	DF1A	0000	27
		_SPIReceive    		CODE           	DF88	0000	33
		_SPIInit       		CODE           	E0E2	0000	67

spi.c estimated size: 127

shared
		__initialization		CODE           	E124	0000	67

shared estimated size: 67

RF_LoRa_868_SO.c
		_ResetRFModule 		CODE           	DFC8	0000	37
		_AntennaTX     		CODE           	DED0	0000	25
		_InitRFLoRaPins		CODE           	DE1E	0000	11

RF_LoRa_868_SO.c estimated size: 73

C:\Program Files (x86)\Microchip\xc8\v2.10\pic\sources\c99\common\sprcadd.c
		___fladd       		CODE           	F834	0000	1217

C:\Program Files (x86)\Microchip\xc8\v2.10\pic\sources\c99\common\sprcadd.c estimated size: 1217

LoRa_com.c
		_set_TX_and_transmit		CODE           	DFEC	0000	37
		_load_FIFO_with_temp_humidity_voltage		CODE           	EEAE	0000	451
		_init_LORA_communication		CODE           	E1C0	0000	81
		_wait_for_transmission		CODE           	DE0C	0000	9
		_load_FIFO_with_init_values		CODE           	E3B2	0000	175
		_reset_IRQs    		CODE           	DE28	0000	13

LoRa_com.c estimated size: 766

C:\Program Files (x86)\Microchip\xc8\v2.10\pic\sources\c99\common\lwmod.c
		___lwmod       		CODE           	E26C	0000	101

C:\Program Files (x86)\Microchip\xc8\v2.10\pic\sources\c99\common\lwmod.c estimated size: 101

