Microchip MPLAB XC8 Compiler V2.10 ()

Linker command line:

-W-3 --edf=C:\Program Files (x86)\Microchip\xc8\v2.10\pic\dat\en_msgs.txt \
  -cs -h+dist/default/production\fuck_i2c.X.production.sym \
  --cmf=dist/default/production\fuck_i2c.X.production.cmf -z -Q18F46K22 \
  -oC:\Users\louis\AppData\Local\Temp\shi4.2 --defsym=__MPLAB_BUILD=1 \
  -Mdist/default/production/fuck_i2c.X.production.map -E1 -ver=XC8 \
  --acfsm=1493 -ASTACK=0200h-0F37h -pstack=STACK -ACODE=00h-0FFFFh \
  -ACONST=00h-0FFFFh -ASMALLCONST=01000h-010FFhx240 \
  -AMEDIUMCONST=01000h-0FFFFh -ACOMRAM=01h-05Fh -AABS1=00h-0F37h \
  -ABIGRAM=01h-0F37h -ARAM=060h-0FFh,0100h-01FFhx14,0F00h-0F37h \
  -ABANK0=060h-0FFh -ABANK1=0100h-01FFh -ABANK2=0200h-02FFh \
  -ABANK3=0300h-03FFh -ABANK4=0400h-04FFh -ABANK5=0500h-05FFh \
  -ABANK6=0600h-06FFh -ABANK7=0700h-07FFh -ABANK8=0800h-08FFh \
  -ABANK9=0900h-09FFh -ABANK10=0A00h-0AFFh -ABANK11=0B00h-0BFFh \
  -ABANK12=0C00h-0CFFh -ABANK13=0D00h-0DFFh -ABANK14=0E00h-0EFFh \
  -ABANK15=0F00h-0F37h -ASFR=0F38h-0F5Fh,0F60h-0FFFh \
  -preset_vec=00h,intcode,intcodelo,powerup,init -pramtop=01000h \
  -psmallconst=SMALLCONST -pmediumconst=MEDIUMCONST -pconst=CONST \
  -AFARRAM=00h-00h -ACONFIG=0300000h-030000Dh -pconfig=CONFIG \
  -AIDLOC=0200000h-0200007h -pidloc=IDLOC -AEEDATA=0F00000h-0F003FFh \
  -peeprom_data=EEDATA \
  -prdata=COMRAM,nvrram=COMRAM,nvbit=COMRAM,rbss=COMRAM,rbit=COMRAM \
  -pfarbss=FARRAM,fardata=FARRAM,nvFARRAM=FARRAM \
  -pintsave_regs=BIGRAM,bigbss=BIGRAM,bigdata=BIGRAM -pbss=RAM \
  -pidata=CODE,irdata=CODE,ibigdata=CODE,ifardata=CODE -prparam=COMRAM \
  C:\Users\louis\AppData\Local\Temp\shi4.o \
  dist/default/production\fuck_i2c.X.production.o 

Object code version is 3.11

Machine type is 18F46K22

Call graph: (short form)




                Name                               Link     Load   Length Selector   Space Scale
C:\Users\louis\AppData\Local\Temp\shi4.o
                init                                  0        0        4        0       0
                idloc                            200000   200000        8   200000       0
                config                           300000   300000        E   300000       0
dist/default/production\fuck_i2c.X.production.o
                mediumconst                        FC6C     FC6C      394     7E36       0
                text31                             E24A     E24A       36     7125       0
                text30                             E62C     E62C      106     7316       0
                text29                             E216     E216       34     710B       0
                text28                             E0E8     E0E8       18     7074       0
                text27                             E186     E186       20     70C3       0
                text26                             E118     E118       1A     708C       0
                text25                             E168     E168       1E     70B4       0
                text24                             E0A6     E0A6       16     7053       0
                text23                             E476     E476       C4     723B       0
                text22                             E408     E408       6E     7204       0
                text21                             E30C     E30C       50     7186       0
                text20                             E3AC     E3AC       5C     71D6       0
                text19                             E732     E732      158     7399       0
                text18                             E132     E132       1A     7099       0
                text17                             E53A     E53A       F2     729D       0
                text16                             E07C     E07C        A     703E       0
                text15                             E1C6     E1C6       24     70E3       0
                text14                             E280     E280       42     7140       0
                text13                             E35C     E35C       50     71AE       0
                text12                             F7AC     F7AC      4C0     7BD6       0
                text11                             EBD2     EBD2      39A     75E9       0
                text10                             F382     F382      42A     79C1       0
                text9                              EA1E     EA1E      1B4     750F       0
                text8                              E0BC     E0BC       16     705E       0
                text7                              E0D2     E0D2       16     7069       0
                text6                              E1EA     E1EA       2C     70F5       0
                text5                              E1A6     E1A6       20     70D3       0
                text4                              E092     E092       14     7049       0
                text3                              E100     E100       18     7080       0
                text2                              E14C     E14C       1C     70A6       0
                text1                              E88A     E88A      194     7445       0
                text0                              EF6C     EF6C      416     77B6       0
                cstackCOMRAM                          1        1       5F        1       1
                cstackBANK0                          9F       9F        5       60       1
                bssBANK1                            100      100      100      100       1
                dataBANK0                            93       93        C       60       1
                bssBANK0                             60       60       33       60       1
                cinit                              E2C2     E2C2       4A     7161       0
                idataBANK0                         E086     E086        C     E086       0

TOTAL           Name                               Link     Load   Length     Space
        CLASS   STACK          

        CLASS   CODE           
                init                                  0        0        4         0
                text31                             E24A     E24A       36         0
                text30                             E62C     E62C      106         0
                text29                             E216     E216       34         0
                text28                             E0E8     E0E8       18         0
                text27                             E186     E186       20         0
                text26                             E118     E118       1A         0
                text25                             E168     E168       1E         0
                text24                             E0A6     E0A6       16         0
                text23                             E476     E476       C4         0
                text22                             E408     E408       6E         0
                text21                             E30C     E30C       50         0
                text20                             E3AC     E3AC       5C         0
                text19                             E732     E732      158         0
                text18                             E132     E132       1A         0
                text17                             E53A     E53A       F2         0
                text16                             E07C     E07C        A         0
                text15                             E1C6     E1C6       24         0
                text14                             E280     E280       42         0
                text13                             E35C     E35C       50         0
                text12                             F7AC     F7AC      4C0         0
                text11                             EBD2     EBD2      39A         0
                text10                             F382     F382      42A         0
                text9                              EA1E     EA1E      1B4         0
                text8                              E0BC     E0BC       16         0
                text7                              E0D2     E0D2       16         0
                text6                              E1EA     E1EA       2C         0
                text5                              E1A6     E1A6       20         0
                text4                              E092     E092       14         0
                text3                              E100     E100       18         0
                text2                              E14C     E14C       1C         0
                text1                              E88A     E88A      194         0
                text0                              EF6C     EF6C      416         0
                cinit                              E2C2     E2C2       4A         0
                idataBANK0                         E086     E086        C         0

        CLASS   CONST          

        CLASS   SMALLCONST     

        CLASS   MEDIUMCONST    
                mediumconst                        FC6C     FC6C      394         0

        CLASS   COMRAM         
                cstackCOMRAM                          1        1       5F         1

        CLASS   ABS1           

        CLASS   BIGRAM         

        CLASS   RAM            

        CLASS   BANK0          
                cstackBANK0                          9F       9F        5         1
                dataBANK0                            93       93        C         1
                bssBANK0                             60       60       33         1

        CLASS   BANK1          
                bssBANK1                            100      100      100         1

        CLASS   BANK2          

        CLASS   BANK3          

        CLASS   BANK4          

        CLASS   BANK5          

        CLASS   BANK6          

        CLASS   BANK7          

        CLASS   BANK8          

        CLASS   BANK9          

        CLASS   BANK10         

        CLASS   BANK11         

        CLASS   BANK12         

        CLASS   BANK13         

        CLASS   BANK14         

        CLASS   BANK15         

        CLASS   SFR            

        CLASS   FARRAM         

        CLASS   CONFIG         
                config                           300000   300000        E         0

        CLASS   IDLOC          
                idloc                            200000   200000        8         0

        CLASS   EEDATA         



SEGMENTS        Name                           Load    Length   Top    Selector   Space  Class

                reset_vec                      000000  000004  000004         0       0  CODE    
                cstackCOMRAM                   000001  00005F  000060         1       1  COMRAM  
                bssBANK0                       000060  000044  0000A4        60       1  BANK0   
                bssBANK1                       000100  000100  000200       100       1  BANK1   
                text16                         00E07C  00000A  00E086      703E       0  CODE    
                idataBANK0                     00E086  00000C  00E092      E086       0  CODE    
                text4                          00E092  000014  00E0A6      7049       0  CODE    
                text24                         00E0A6  000016  00E0BC      7053       0  CODE    
                text8                          00E0BC  000016  00E0D2      705E       0  CODE    
                text7                          00E0D2  000016  00E0E8      7069       0  CODE    
                text28                         00E0E8  000018  00E100      7074       0  CODE    
                text3                          00E100  000018  00E118      7080       0  CODE    
                text26                         00E118  00001A  00E132      708C       0  CODE    
                text18                         00E132  00001A  00E14C      7099       0  CODE    
                text2                          00E14C  00001C  00E168      70A6       0  CODE    
                text25                         00E168  00001E  00E186      70B4       0  CODE    
                text27                         00E186  000020  00E1A6      70C3       0  CODE    
                text5                          00E1A6  000020  00E1C6      70D3       0  CODE    
                text15                         00E1C6  000024  00E1EA      70E3       0  CODE    
                text6                          00E1EA  00002C  00E216      70F5       0  CODE    
                text29                         00E216  000034  00E24A      710B       0  CODE    
                text31                         00E24A  000036  00E280      7125       0  CODE    
                text14                         00E280  000042  00E2C2      7140       0  CODE    
                cinit                          00E2C2  00004A  00E30C      7161       0  CODE    
                text21                         00E30C  000050  00E35C      7186       0  CODE    
                text13                         00E35C  000050  00E3AC      71AE       0  CODE    
                text20                         00E3AC  00005C  00E408      71D6       0  CODE    
                text22                         00E408  00006E  00E476      7204       0  CODE    
                text23                         00E476  0000C4  00E53A      723B       0  CODE    
                text17                         00E53A  0000F2  00E62C      729D       0  CODE    
                text30                         00E62C  000106  00E732      7316       0  CODE    
                text19                         00E732  000158  00E88A      7399       0  CODE    
                text1                          00E88A  000194  00EA1E      7445       0  CODE    
                text9                          00EA1E  0001B4  00EBD2      750F       0  CODE    
                text11                         00EBD2  00039A  00EF6C      75E9       0  CODE    
                text0                          00EF6C  000416  00F382      77B6       0  CODE    
                text10                         00F382  00042A  00F7AC      79C1       0  CODE    
                text12                         00F7AC  0004C0  00FC6C      7BD6       0  CODE    
                mediumconst                    00FC6C  000394  010000      7E36       0  MEDIUMCO
                idloc                          200000  000008  200008    200000       0  IDLOC   
                config                         300000  00000E  30000E    300000       0  CONFIG  


UNUSED ADDRESS RANGES

        Name                Unused          Largest block    Delta
        BANK0            0000A4-0000FF               5C
        BANK10           000A00-000AFF              100
        BANK11           000B00-000BFF              100
        BANK12           000C00-000CFF              100
        BANK13           000D00-000DFF              100
        BANK14           000E00-000EFF              100
        BANK15           000F00-000F37               38
        BANK2            000200-0002FF              100
        BANK3            000300-0003FF              100
        BANK4            000400-0004FF              100
        BANK5            000500-0005FF              100
        BANK6            000600-0006FF              100
        BANK7            000700-0007FF              100
        BANK8            000800-0008FF              100
        BANK9            000900-0009FF              100
        BIGRAM           0000A4-0000FF               5C
                         000200-000F37              D38
        CODE             000004-00E07B             E078
        CONST            000004-00E07B             E078
        EEDATA           F00000-F003FF              400
        MEDIUMCONST      001000-00E07B             D07C
        RAM              0000A4-0000FF               5C
                         000200-000F37              100
        SFR              000F38-000FFF               28
        SMALLCONST       001000-00E07B              100
        STACK            000200-000F37              D38

                                  Symbol Table

?___awdiv                                           cstackCOMRAM 000001
?___fladd                                           cstackCOMRAM 00000F
?___fldiv                                           cstackCOMRAM 000038
?___flmul                                           cstackCOMRAM 00001F
?___fltol                                           cstackCOMRAM 000051
?___xxtofl                                          cstackCOMRAM 000001
GetMode@masked_reg                                  cstackCOMRAM 000011
GetMode@reg                                         cstackCOMRAM 000012
ReadSXRegister@RegValue                             cstackCOMRAM 000004
ReadSXRegister@address                              cstackCOMRAM 000005
SPIReceive@data_in                                  cstackCOMRAM 000003
SPIReceive@data_out                                 cstackCOMRAM 000002
SPITransfer@data_out                                cstackCOMRAM 000002
UARTInit@baudRate                                   cstackCOMRAM 000001
UARTWriteByte@data                                  cstackCOMRAM 000001
UARTWriteByteHex@data                               cstackCOMRAM 00000E
UARTWriteByteHex@hexa                               cstackCOMRAM 00000C
UARTWriteStr@i                                      cstackCOMRAM 000006
UARTWriteStr@string                                 cstackCOMRAM 000002
UARTWriteStrLn@i                                    cstackCOMRAM 000006
UARTWriteStrLn@string                               cstackCOMRAM 000002
WriteSXRegister@address                             cstackCOMRAM 000007
WriteSXRegister@data                                cstackCOMRAM 000006
_ADCON0                                             (abs)        000FC2
_ADCON0bits                                         (abs)        000FC2
_ADCON1                                             (abs)        000FC1
_ADCON1bits                                         (abs)        000FC1
_ADCON2                                             (abs)        000FC0
_ADCON2bits                                         (abs)        000FC0
_ADC_result                                         bssBANK0     000091
_ADRESH                                             (abs)        000FC4
_ADRESL                                             (abs)        000FC3
_ANSELAbits                                         (abs)        000F38
_ANSELC                                             (abs)        000F3A
_ANSELCbits                                         (abs)        000F3A
_ANSELD                                             (abs)        000F3B
_ANSELDbits                                         (abs)        000F3B
_ANSELE                                             (abs)        000F3C
_AntennaTX                                          text28       00E0E8
_BAUDCON1bits                                       (abs)        000FB8
_CCP5CONbits                                        (abs)        000F54
_GetMode                                            text19       00E732
_INTCON                                             (abs)        000FF2
_INTCONbits                                         (abs)        000FF2
_InitModule                                         text17       00E53A
_InitRFLoRaPins                                     text16       00E07C
_LATBbits                                           (abs)        000F8A
_LATEbits                                           (abs)        000F8D
_OSCCON                                             (abs)        000FD3
_OSCCONbits                                         (abs)        000FD3
_PEIE                                               (abs)        007F96
_PIE1bits                                           (abs)        000F9D
_PIR1bits                                           (abs)        000F9E
_PIR2bits                                           (abs)        000FA1
_PIR3bits                                           (abs)        000FA4
_RCIE                                               (abs)        007CED
_RCIF                                               (abs)        007CF5
_RCREG1                                             (abs)        000FAE
_RCSTA1                                             (abs)        000FAB
_RCSTA1bits                                         (abs)        000FAB
_ReadSXRegister                                     text25       00E168
_ResetRFModule                                      text15       00E1C6
_SPBRG1                                             (abs)        000FAF
_SPBRGH1                                            (abs)        000FB0
_SPIInit                                            text14       00E280
_SPIReceive                                         text27       00E186
_SPITransfer                                        text26       00E118
_SSP1ADD                                            (abs)        000FC8
_SSP1BUF                                            (abs)        000FC9
_SSP1CON1bits                                       (abs)        000FC6
_SSP1CON2                                           (abs)        000FC5
_SSP1CON2bits                                       (abs)        000FC5
_SSP1STATbits                                       (abs)        000FC7
_SSP2BUF                                            (abs)        000F6F
_SSP2CON1                                           (abs)        000F6C
_SSP2STATbits                                       (abs)        000F6D
_T0CON                                              (abs)        000FD5
_TRISA                                              (abs)        000F92
_TRISAbits                                          (abs)        000F92
_TRISB                                              (abs)        000F93
_TRISBbits                                          (abs)        000F93
_TRISC                                              (abs)        000F94
_TRISCbits                                          (abs)        000F94
_TRISDbits                                          (abs)        000F95
_TRISEbits                                          (abs)        000F96
_TXREG1                                             (abs)        000FAD
_TXSTA1                                             (abs)        000FAC
_TXSTA1bits                                         (abs)        000FAC
_UARTInit                                           text31       00E24A
_UARTWriteByte                                      text24       00E0A6
_UARTWriteByteHex                                   text22       00E408
_UARTWriteStr                                       text21       00E30C
_UARTWriteStrLn                                     text20       00E3AC
_VREFCON0bits                                       (abs)        000F42
_WriteSXRegister                                    text18       00E132
__CFG_BOREN$SBORDIS                                 (abs)        000000
__CFG_BORV$190                                      (abs)        000000
__CFG_CCP2MX$PORTC1                                 (abs)        000000
__CFG_CCP3MX$PORTB5                                 (abs)        000000
__CFG_CP0$OFF                                       (abs)        000000
__CFG_CP1$OFF                                       (abs)        000000
__CFG_CPB$OFF                                       (abs)        000000
__CFG_CPD$OFF                                       (abs)        000000
__CFG_EBTR0$OFF                                     (abs)        000000
__CFG_EBTR1$OFF                                     (abs)        000000
__CFG_EBTRB$OFF                                     (abs)        000000
__CFG_FCMEN$OFF                                     (abs)        000000
__CFG_FOSC$INTIO7                                   (abs)        000000
__CFG_HFOFST$ON                                     (abs)        000000
__CFG_IESO$OFF                                      (abs)        000000
__CFG_LVP$OFF                                       (abs)        000000
__CFG_MCLRE$EXTMCLR                                 (abs)        000000
__CFG_P2BMX$PORTD2                                  (abs)        000000
__CFG_PBADEN$OFF                                    (abs)        000000
__CFG_PLLCFG$OFF                                    (abs)        000000
__CFG_PRICLKEN$ON                                   (abs)        000000
__CFG_PWRTEN$ON                                     (abs)        000000
__CFG_STVREN$ON                                     (abs)        000000
__CFG_T3CMX$PORTC0                                  (abs)        000000
__CFG_WDTEN$OFF                                     (abs)        000000
__CFG_WDTPS$32768                                   (abs)        000000
__CFG_WRT0$OFF                                      (abs)        000000
__CFG_WRT1$OFF                                      (abs)        000000
__CFG_WRTB$OFF                                      (abs)        000000
__CFG_WRTC$OFF                                      (abs)        000000
__CFG_WRTD$OFF                                      (abs)        000000
__CFG_XINST$OFF                                     (abs)        000000
__HRAM                                              (abs)        000000
__Habs1                                             abs1         000000
__Hbank0                                            bank0        000000
__Hbank1                                            bank1        000000
__Hbank10                                           bank10       000000
__Hbank11                                           bank11       000000
__Hbank12                                           bank12       000000
__Hbank13                                           bank13       000000
__Hbank14                                           bank14       000000
__Hbank15                                           bank15       000000
__Hbank2                                            bank2        000000
__Hbank3                                            bank3        000000
__Hbank4                                            bank4        000000
__Hbank5                                            bank5        000000
__Hbank6                                            bank6        000000
__Hbank7                                            bank7        000000
__Hbank8                                            bank8        000000
__Hbank9                                            bank9        000000
__Hbigbss                                           bigbss       000000
__Hbigdata                                          bigdata      000000
__Hbigram                                           bigram       000000
__Hbss                                              bss          000000
__HbssBANK0                                         bssBANK0     000000
__HbssBANK1                                         bssBANK1     000000
__Hcinit                                            cinit        000000
__Hclrtext                                          clrtext      000000
__Hcomram                                           comram       000000
__Hconfig                                           config       30000E
__Hconst                                            const        000000
__HcstackBANK0                                      cstackBANK0  000000
__HcstackCOMRAM                                     cstackCOMRAM 000000
__Hdata                                             data         000000
__HdataBANK0                                        dataBANK0    000000
__Heeprom_data                                      eeprom_data  000000
__Hfarbss                                           farbss       000000
__Hfardata                                          fardata      000000
__Hibigdata                                         ibigdata     000000
__Hidata                                            idata        000000
__HidataBANK0                                       idataBANK0   000000
__Hidloc                                            idloc        200008
__Hifardata                                         ifardata     000000
__Hinit                                             init         000004
__Hintcode                                          intcode      000000
__Hintcode_body                                     intcode_body 000000
__Hintcodelo                                        intcodelo    000000
__Hintentry                                         intentry     000000
__Hintret                                           intret       000000
__Hintsave_regs                                     intsave_regs 000000
__Hirdata                                           irdata       000000
__Hmediumconst                                      mediumconst  010000
__HnvFARRAM                                         nvFARRAM     000000
__Hnvbit                                            nvbit        000000
__Hnvrram                                           nvrram       000000
__Hparam                                            rparam       000000
__Hpowerup                                          powerup      000000
__Hram                                              ram          000000
__Hramtop                                           ramtop       001000
__Hrbit                                             rbit         000000
__Hrbss                                             rbss         000000
__Hrdata                                            rdata        000000
__Hreset_vec                                        reset_vec    000000
__Hrparam                                           rparam       000000
__Hsfr                                              sfr          000000
__Hsmallconst                                       smallconst   000000
__Hspace_0                                          (abs)        30000E
__Hspace_1                                          (abs)        000200
__Hspace_2                                          (abs)        000000
__Hstack                                            stack        000000
__Hstruct                                           struct       000000
__Htemp                                             temp         000000
__Htext                                             text         000000
__Htext0                                            text0        000000
__Htext1                                            text1        000000
__Htext10                                           text10       000000
__Htext11                                           text11       000000
__Htext12                                           text12       000000
__Htext13                                           text13       000000
__Htext14                                           text14       000000
__Htext15                                           text15       000000
__Htext16                                           text16       000000
__Htext17                                           text17       000000
__Htext18                                           text18       000000
__Htext19                                           text19       000000
__Htext2                                            text2        000000
__Htext20                                           text20       000000
__Htext21                                           text21       000000
__Htext22                                           text22       000000
__Htext23                                           text23       000000
__Htext24                                           text24       000000
__Htext25                                           text25       000000
__Htext26                                           text26       000000
__Htext27                                           text27       000000
__Htext28                                           text28       000000
__Htext29                                           text29       000000
__Htext3                                            text3        000000
__Htext30                                           text30       000000
__Htext31                                           text31       000000
__Htext4                                            text4        000000
__Htext5                                            text5        000000
__Htext6                                            text6        000000
__Htext7                                            text7        000000
__Htext8                                            text8        000000
__Htext9                                            text9        000000
__LRAM                                              (abs)        000001
__Labs1                                             abs1         000000
__Lbank0                                            bank0        000000
__Lbank1                                            bank1        000000
__Lbank10                                           bank10       000000
__Lbank11                                           bank11       000000
__Lbank12                                           bank12       000000
__Lbank13                                           bank13       000000
__Lbank14                                           bank14       000000
__Lbank15                                           bank15       000000
__Lbank2                                            bank2        000000
__Lbank3                                            bank3        000000
__Lbank4                                            bank4        000000
__Lbank5                                            bank5        000000
__Lbank6                                            bank6        000000
__Lbank7                                            bank7        000000
__Lbank8                                            bank8        000000
__Lbank9                                            bank9        000000
__Lbigbss                                           bigbss       000000
__Lbigdata                                          bigdata      000000
__Lbigram                                           bigram       000000
__Lbss                                              bss          000000
__LbssBANK0                                         bssBANK0     000000
__LbssBANK1                                         bssBANK1     000000
__Lcinit                                            cinit        000000
__Lclrtext                                          clrtext      000000
__Lcomram                                           comram       000000
__Lconfig                                           config       300000
__Lconst                                            const        000000
__LcstackBANK0                                      cstackBANK0  000000
__LcstackCOMRAM                                     cstackCOMRAM 000000
__Ldata                                             data         000000
__LdataBANK0                                        dataBANK0    000000
__Leeprom_data                                      eeprom_data  000000
__Lfarbss                                           farbss       000000
__Lfardata                                          fardata      000000
__Libigdata                                         ibigdata     000000
__Lidata                                            idata        000000
__LidataBANK0                                       idataBANK0   000000
__Lidloc                                            idloc        200000
__Lifardata                                         ifardata     000000
__Linit                                             init         000000
__Lintcode                                          intcode      000000
__Lintcode_body                                     intcode_body 000000
__Lintcodelo                                        intcodelo    000000
__Lintentry                                         intentry     000000
__Lintret                                           intret       000000
__Lintsave_regs                                     intsave_regs 000000
__Lirdata                                           irdata       000000
__Lmediumconst                                      mediumconst  00FC6C
__LnvFARRAM                                         nvFARRAM     000000
__Lnvbit                                            nvbit        000000
__Lnvrram                                           nvrram       000000
__Lparam                                            rparam       000000
__Lpowerup                                          powerup      000000
__Lram                                              ram          000000
__Lramtop                                           ramtop       001000
__Lrbit                                             rbit         000000
__Lrbss                                             rbss         000000
__Lrdata                                            rdata        000000
__Lreset_vec                                        reset_vec    000000
__Lrparam                                           rparam       000000
__Lsfr                                              sfr          000000
__Lsmallconst                                       smallconst   000000
__Lspace_0                                          (abs)        000000
__Lspace_1                                          (abs)        000000
__Lspace_2                                          (abs)        000000
__Lstack                                            stack        000000
__Lstruct                                           struct       000000
__Ltemp                                             temp         000000
__Ltext                                             text         000000
__Ltext0                                            text0        000000
__Ltext1                                            text1        000000
__Ltext10                                           text10       000000
__Ltext11                                           text11       000000
__Ltext12                                           text12       000000
__Ltext13                                           text13       000000
__Ltext14                                           text14       000000
__Ltext15                                           text15       000000
__Ltext16                                           text16       000000
__Ltext17                                           text17       000000
__Ltext18                                           text18       000000
__Ltext19                                           text19       000000
__Ltext2                                            text2        000000
__Ltext20                                           text20       000000
__Ltext21                                           text21       000000
__Ltext22                                           text22       000000
__Ltext23                                           text23       000000
__Ltext24                                           text24       000000
__Ltext25                                           text25       000000
__Ltext26                                           text26       000000
__Ltext27                                           text27       000000
__Ltext28                                           text28       000000
__Ltext29                                           text29       000000
__Ltext3                                            text3        000000
__Ltext30                                           text30       000000
__Ltext31                                           text31       000000
__Ltext4                                            text4        000000
__Ltext5                                            text5        000000
__Ltext6                                            text6        000000
__Ltext7                                            text7        000000
__Ltext8                                            text8        000000
__Ltext9                                            text9        000000
__S0                                                (abs)        30000E
__S1                                                (abs)        000200
__S2                                                (abs)        000000
___awdiv                                            text23       00E476
___awdiv@counter                                    cstackCOMRAM 000005
___awdiv@dividend                                   cstackCOMRAM 000001
___awdiv@divisor                                    cstackCOMRAM 000003
___awdiv@quotient                                   cstackCOMRAM 000007
___awdiv@sign                                       cstackCOMRAM 000006
___fladd                                            text12       00F7AC
___fladd@a                                          cstackCOMRAM 000013
___fladd@aexp                                       cstackCOMRAM 00001C
___fladd@b                                          cstackCOMRAM 00000F
___fladd@bexp                                       cstackCOMRAM 00001D
___fladd@grs                                        cstackCOMRAM 00001E
___fladd@signs                                      cstackCOMRAM 00001B
___fldiv                                            text11       00EBD2
___fldiv@a                                          cstackCOMRAM 00003C
___fldiv@aexp                                       cstackCOMRAM 000050
___fldiv@b                                          cstackCOMRAM 000038
___fldiv@bexp                                       cstackCOMRAM 00004F
___fldiv@grs                                        cstackCOMRAM 00004B
___fldiv@new_exp                                    cstackCOMRAM 000049
___fldiv@rem                                        cstackCOMRAM 000044
___fldiv@sign                                       cstackCOMRAM 000048
___flmul                                            text10       00F382
___flmul@a                                          cstackCOMRAM 000023
___flmul@aexp                                       cstackCOMRAM 000030
___flmul@b                                          cstackCOMRAM 00001F
___flmul@bexp                                       cstackCOMRAM 000031
___flmul@grs                                        cstackCOMRAM 00002C
___flmul@prod                                       cstackCOMRAM 000032
___flmul@sign                                       cstackCOMRAM 00002B
___flmul@temp                                       cstackCOMRAM 000036
___fltol                                            text30       00E62C
___fltol@exp1                                       cstackCOMRAM 00005A
___fltol@f1                                         cstackCOMRAM 000051
___fltol@sign1                                      cstackCOMRAM 000059
___inthi_sp                                         stack        000000
___intlo_sp                                         stack        000000
___param_bank                                       (abs)        000000
___rparam_used                                      (abs)        000001
___sp                                               stack        000000
___xxtofl                                           text9        00EA1E
___xxtofl@arg                                       cstackCOMRAM 00000B
___xxtofl@exp                                       cstackCOMRAM 00000A
___xxtofl@sign                                      cstackCOMRAM 000009
___xxtofl@val                                       cstackCOMRAM 000001
__accesstop                                         (abs)        000060
__activetblptr                                      (abs)        000002
__end_of_AntennaTX                                  text28       00E100
__end_of_GetMode                                    text19       00E88A
__end_of_InitModule                                 text17       00E62C
__end_of_InitRFLoRaPins                             text16       00E086
__end_of_ReadSXRegister                             text25       00E186
__end_of_ResetRFModule                              text15       00E1EA
__end_of_SPIInit                                    text14       00E2C2
__end_of_SPIReceive                                 text27       00E1A6
__end_of_SPITransfer                                text26       00E132
__end_of_UARTInit                                   text31       00E280
__end_of_UARTWriteByte                              text24       00E0BC
__end_of_UARTWriteByteHex                           text22       00E476
__end_of_UARTWriteStr                               text21       00E35C
__end_of_UARTWriteStrLn                             text20       00E408
__end_of_WriteSXRegister                            text18       00E14C
__end_of___awdiv                                    text23       00E53A
__end_of___fladd                                    text12       00FC6C
__end_of___fldiv                                    text11       00EF6C
__end_of___flmul                                    text10       00F7AC
__end_of___fltol                                    text30       00E732
__end_of___xxtofl                                   text9        00EBD2
__end_of__initialization                            cinit        00E302
__end_of_i2c_ACK                                    text8        00E0D2
__end_of_i2c_NAK                                    text7        00E0E8
__end_of_i2c_init                                   text29       00E24A
__end_of_i2c_read                                   text5        00E1C6
__end_of_i2c_start                                  text4        00E0A6
__end_of_i2c_stop                                   text3        00E118
__end_of_i2c_waitForIdle                            text6        00E216
__end_of_i2c_write                                  text2        00E168
__end_of_init_LORA_communication                    text13       00E3AC
__end_of_main                                       text0        00F382
__end_of_measure_humidity_temp_HIH6021              text1        00EA1E
__initialization                                    cinit        00E2C2
__mediumconst                                       mediumconst  00FC6C
__pbssBANK0                                         bssBANK0     000060
__pbssBANK1                                         bssBANK1     000100
__pcinit                                            cinit        00E2C2
__pcstackBANK0                                      cstackBANK0  00009F
__pcstackCOMRAM                                     cstackCOMRAM 000001
__pdataBANK0                                        dataBANK0    000093
__pidataBANK0                                       idataBANK0   00E086
__pmediumconst                                      mediumconst  00FC6C
__ptext0                                            text0        00EF6C
__ptext1                                            text1        00E88A
__ptext10                                           text10       00F382
__ptext11                                           text11       00EBD2
__ptext12                                           text12       00F7AC
__ptext13                                           text13       00E35C
__ptext14                                           text14       00E280
__ptext15                                           text15       00E1C6
__ptext16                                           text16       00E07C
__ptext17                                           text17       00E53A
__ptext18                                           text18       00E132
__ptext19                                           text19       00E732
__ptext2                                            text2        00E14C
__ptext20                                           text20       00E3AC
__ptext21                                           text21       00E30C
__ptext22                                           text22       00E408
__ptext23                                           text23       00E476
__ptext24                                           text24       00E0A6
__ptext25                                           text25       00E168
__ptext26                                           text26       00E118
__ptext27                                           text27       00E186
__ptext28                                           text28       00E0E8
__ptext29                                           text29       00E216
__ptext3                                            text3        00E100
__ptext30                                           text30       00E62C
__ptext31                                           text31       00E24A
__ptext4                                            text4        00E092
__ptext5                                            text5        00E1A6
__ptext6                                            text6        00E1EA
__ptext7                                            text7        00E0D2
__ptext8                                            text8        00E0BC
__ptext9                                            text9        00EA1E
__ramtop                                            ramtop       001000
__size_of_AntennaTX                                 (abs)        000000
__size_of_GetMode                                   (abs)        000000
__size_of_InitModule                                (abs)        000000
__size_of_InitRFLoRaPins                            (abs)        000000
__size_of_ReadSXRegister                            (abs)        000000
__size_of_ResetRFModule                             (abs)        000000
__size_of_SPIInit                                   (abs)        000000
__size_of_SPIReceive                                (abs)        000000
__size_of_SPITransfer                               (abs)        000000
__size_of_UARTInit                                  (abs)        000000
__size_of_UARTWriteByte                             (abs)        000000
__size_of_UARTWriteByteHex                          (abs)        000000
__size_of_UARTWriteStr                              (abs)        000000
__size_of_UARTWriteStrLn                            (abs)        000000
__size_of_WriteSXRegister                           (abs)        000000
__size_of___awdiv                                   (abs)        000000
__size_of___fladd                                   (abs)        000000
__size_of___fldiv                                   (abs)        000000
__size_of___flmul                                   (abs)        000000
__size_of___fltol                                   (abs)        000000
__size_of___xxtofl                                  (abs)        000000
__size_of_i2c_ACK                                   (abs)        000000
__size_of_i2c_NAK                                   (abs)        000000
__size_of_i2c_init                                  (abs)        000000
__size_of_i2c_read                                  (abs)        000000
__size_of_i2c_start                                 (abs)        000000
__size_of_i2c_stop                                  (abs)        000000
__size_of_i2c_waitForIdle                           (abs)        000000
__size_of_i2c_write                                 (abs)        000000
__size_of_init_LORA_communication                   (abs)        000000
__size_of_main                                      (abs)        000000
__size_of_measure_humidity_temp_HIH6021             (abs)        000000
__smallconst                                        smallconst   000000
_accu_v                                             bssBANK0     000084
_accu_v2                                            bssBANK0     000082
_bat_voltage0                                       bssBANK0     00008D
_bat_voltage1                                       bssBANK0     00008E
_bat_voltage_decim_part                             bssBANK0     00008B
_bat_voltage_unit                                   bssBANK0     00008C
_battery_voltage                                    dataBANK0    000093
_battery_voltage_int                                dataBANK0    00009B
_header0                                            bssBANK0     00008F
_header1                                            bssBANK0     000090
_humidity                                           bssBANK0     00006E
_humidityHL                                         bssBANK0     000076
_i                                                  bssBANK0     00007C
_i2c_ACK                                            text8        00E0BC
_i2c_NAK                                            text7        00E0D2
_i2c_init                                           text29       00E216
_i2c_read                                           text5        00E1A6
_i2c_start                                          text4        00E092
_i2c_stop                                           text3        00E100
_i2c_waitForIdle                                    text6        00E1EA
_i2c_write                                          text2        00E14C
_idN                                                dataBANK0    000099
_idR                                                dataBANK0    00009A
_idT                                                bssBANK0     000086
_id_node                                            dataBANK0    00009E
_id_reseau                                          dataBANK0    00009C
_id_trame                                           dataBANK0    00009D
_init_LORA_communication                            text13       00E35C
_main                                               text0        00EF6C
_measure_humidity_temp_HIH6021                      text1        00E88A
_panel_voltage0                                     bssBANK0     000088
_panel_voltage1                                     bssBANK0     000089
_reg_val                                            bssBANK0     00008A
_send_data                                          bssBANK0     000087
_temp_AT                                            bssBANK0     00007E
_temperature                                        bssBANK0     00006A
_temperatureHL                                      bssBANK0     000078
_timer_tick                                         bssBANK0     00007A
_txBuffer                                           bssBANK1     000100
_txMsg                                              bssBANK0     000060
_var1                                               dataBANK0    000098
_var2                                               dataBANK0    000097
_volts                                              bssBANK0     000072
_volts_cV                                           bssBANK0     000080
_volts_divider                                      bssBANK0     000066
end_of_initialization                               cinit        00E302
i2c_read@i2cReadData                                cstackCOMRAM 000002
i2c_write@i2cWriteData                              cstackCOMRAM 000002
intlevel0                                           text         000000
intlevel1                                           text         000000
intlevel2                                           text         000000
intlevel3                                           text         000000
main@b_humidity                                     cstackBANK0  0000A3
main@b_temperature                                  cstackBANK0  0000A2
measure_humidity_temp_HIH6021@humidity_HIH6021_H    cstackCOMRAM 000054
measure_humidity_temp_HIH6021@humidity_HIH6021_L    cstackCOMRAM 000055
measure_humidity_temp_HIH6021@temperature_HIH6021_H cstackCOMRAM 000056
measure_humidity_temp_HIH6021@temperature_HIH6021_L cstackCOMRAM 000057
stackhi                                             (abs)        000F37
stacklo                                             (abs)        000200
start                                               init         000000
start_initialization                                cinit        00E2C2


FUNCTION INFORMATION:

 *************** function _main *****************
 Defined at:
		line 169 in file "test_i2c.c"
 Parameters:    Size  Location     Type
  argc            2   90[COMRAM] int 
  argv            3   92[COMRAM] PTR PTR unsigned char 
 Auto vars:     Size  Location     Type
  b_humidity      1    4[BANK0 ] unsigned char 
  b_temperatur    1    3[BANK0 ] unsigned char 
  b_battery_vo    1    0        unsigned char 
 Return value:  Size  Location     Type
                  2   90[COMRAM] int 
 Registers used:
		wreg, fsr2l, fsr2h, status,2, status,0, tblptrl, tblptrh, tblptru, prodl, prodh, cstack
 Tracked objects:
		On entry : 
		On exit  : 
		Unchanged: 
 Data sizes:     COMRAM   BANK0   BANK1   BANK2   BANK3   BANK4   BANK5   BANK6   BANK7   BANK8   BANK9  BANK10  BANK11  BANK12  BANK13  BANK14  BANK15
      Params:         5       0       0       0       0       0       0       0       0       0       0       0       0       0       0       0       0
      Locals:         0       3       0       0       0       0       0       0       0       0       0       0       0       0       0       0       0
      Temps:          0       2       0       0       0       0       0       0       0       0       0       0       0       0       0       0       0
      Totals:         5       5       0       0       0       0       0       0       0       0       0       0       0       0       0       0       0
Total ram usage:       10 bytes
 Hardware stack levels required when called:    4
 This function calls:
		_GetMode
		_ReadSXRegister
		_UARTInit
		_UARTWriteByteHex
		_UARTWriteStr
		_UARTWriteStrLn
		_WriteSXRegister
		___fladd
		___fldiv
		___flmul
		___fltol
		_i2c_init
		_init_LORA_communication
		_measure_humidity_temp_HIH6021
 This function is called by:
		Startup code after reset
 This function uses a non-reentrant model


 *************** function _measure_humidity_temp_HIH6021 *****************
 Defined at:
		line 362 in file "test_i2c.c"
 Parameters:    Size  Location     Type
		None
 Auto vars:     Size  Location     Type
  temperature_    1   86[COMRAM] unsigned char 
  temperature_    1   85[COMRAM] unsigned char 
  humidity_HIH    1   84[COMRAM] unsigned char 
  humidity_HIH    1   83[COMRAM] unsigned char 
 Return value:  Size  Location     Type
                  1    wreg      void 
 Registers used:
		wreg, status,2, status,0, prodl, prodh, cstack
 Tracked objects:
		On entry : 
		On exit  : 
		Unchanged: 
 Data sizes:     COMRAM   BANK0   BANK1   BANK2   BANK3   BANK4   BANK5   BANK6   BANK7   BANK8   BANK9  BANK10  BANK11  BANK12  BANK13  BANK14  BANK15
      Params:         0       0       0       0       0       0       0       0       0       0       0       0       0       0       0       0       0
      Locals:         4       0       0       0       0       0       0       0       0       0       0       0       0       0       0       0       0
      Temps:          3       0       0       0       0       0       0       0       0       0       0       0       0       0       0       0       0
      Totals:         7       0       0       0       0       0       0       0       0       0       0       0       0       0       0       0       0
Total ram usage:        7 bytes
 Hardware stack levels used:    1
 Hardware stack levels required when called:    2
 This function calls:
		___fladd
		___fldiv
		___flmul
		___xxtofl
		_i2c_ACK
		_i2c_NAK
		_i2c_read
		_i2c_start
		_i2c_stop
		_i2c_write
 This function is called by:
		_main
 This function uses a non-reentrant model


 *************** function _i2c_write *****************
 Defined at:
		line 177 in file "i2c.c"
 Parameters:    Size  Location     Type
  i2cWriteData    1    wreg     unsigned char 
 Auto vars:     Size  Location     Type
  i2cWriteData    1    1[COMRAM] unsigned char 
 Return value:  Size  Location     Type
                  1    wreg      void 
 Registers used:
		wreg, status,2, status,0, cstack
 Tracked objects:
		On entry : 
		On exit  : 
		Unchanged: 
 Data sizes:     COMRAM   BANK0   BANK1   BANK2   BANK3   BANK4   BANK5   BANK6   BANK7   BANK8   BANK9  BANK10  BANK11  BANK12  BANK13  BANK14  BANK15
      Params:         0       0       0       0       0       0       0       0       0       0       0       0       0       0       0       0       0
      Locals:         1       0       0       0       0       0       0       0       0       0       0       0       0       0       0       0       0
      Temps:          0       0       0       0       0       0       0       0       0       0       0       0       0       0       0       0       0
      Totals:         1       0       0       0       0       0       0       0       0       0       0       0       0       0       0       0       0
Total ram usage:        1 bytes
 Hardware stack levels used:    1
 Hardware stack levels required when called:    1
 This function calls:
		_i2c_waitForIdle
 This function is called by:
		_measure_humidity_temp_HIH6021
 This function uses a non-reentrant model


 *************** function _i2c_stop *****************
 Defined at:
		line 111 in file "i2c.c"
 Parameters:    Size  Location     Type
		None
 Auto vars:     Size  Location     Type
		None
 Return value:  Size  Location     Type
                  1    wreg      void 
 Registers used:
		wreg, status,2, status,0, cstack
 Tracked objects:
		On entry : 
		On exit  : 
		Unchanged: 
 Data sizes:     COMRAM   BANK0   BANK1   BANK2   BANK3   BANK4   BANK5   BANK6   BANK7   BANK8   BANK9  BANK10  BANK11  BANK12  BANK13  BANK14  BANK15
      Params:         0       0       0       0       0       0       0       0       0       0       0       0       0       0       0       0       0
      Locals:         0       0       0       0       0       0       0       0       0       0       0       0       0       0       0       0       0
      Temps:          0       0       0       0       0       0       0       0       0       0       0       0       0       0       0       0       0
      Totals:         0       0       0       0       0       0       0       0       0       0       0       0       0       0       0       0       0
Total ram usage:        0 bytes
 Hardware stack levels used:    1
 Hardware stack levels required when called:    1
 This function calls:
		_i2c_waitForIdle
 This function is called by:
		_measure_humidity_temp_HIH6021
 This function uses a non-reentrant model


 *************** function _i2c_start *****************
 Defined at:
		line 84 in file "i2c.c"
 Parameters:    Size  Location     Type
		None
 Auto vars:     Size  Location     Type
		None
 Return value:  Size  Location     Type
                  1    wreg      void 
 Registers used:
		None
 Tracked objects:
		On entry : 
		On exit  : 
		Unchanged: 
 Data sizes:     COMRAM   BANK0   BANK1   BANK2   BANK3   BANK4   BANK5   BANK6   BANK7   BANK8   BANK9  BANK10  BANK11  BANK12  BANK13  BANK14  BANK15
      Params:         0       0       0       0       0       0       0       0       0       0       0       0       0       0       0       0       0
      Locals:         0       0       0       0       0       0       0       0       0       0       0       0       0       0       0       0       0
      Temps:          0       0       0       0       0       0       0       0       0       0       0       0       0       0       0       0       0
      Totals:         0       0       0       0       0       0       0       0       0       0       0       0       0       0       0       0       0
Total ram usage:        0 bytes
 Hardware stack levels used:    1
 This function calls:
		Nothing
 This function is called by:
		_measure_humidity_temp_HIH6021
 This function uses a non-reentrant model


 *************** function _i2c_read *****************
 Defined at:
		line 155 in file "i2c.c"
 Parameters:    Size  Location     Type
		None
 Auto vars:     Size  Location     Type
  i2cReadData     1    1[COMRAM] unsigned char 
 Return value:  Size  Location     Type
                  1    wreg      unsigned char 
 Registers used:
		wreg, status,2, status,0, cstack
 Tracked objects:
		On entry : 
		On exit  : 
		Unchanged: 
 Data sizes:     COMRAM   BANK0   BANK1   BANK2   BANK3   BANK4   BANK5   BANK6   BANK7   BANK8   BANK9  BANK10  BANK11  BANK12  BANK13  BANK14  BANK15
      Params:         0       0       0       0       0       0       0       0       0       0       0       0       0       0       0       0       0
      Locals:         1       0       0       0       0       0       0       0       0       0       0       0       0       0       0       0       0
      Temps:          0       0       0       0       0       0       0       0       0       0       0       0       0       0       0       0       0
      Totals:         1       0       0       0       0       0       0       0       0       0       0       0       0       0       0       0       0
Total ram usage:        1 bytes
 Hardware stack levels used:    1
 Hardware stack levels required when called:    1
 This function calls:
		_i2c_waitForIdle
 This function is called by:
		_measure_humidity_temp_HIH6021
 This function uses a non-reentrant model


 *************** function _i2c_waitForIdle *****************
 Defined at:
		line 71 in file "i2c.c"
 Parameters:    Size  Location     Type
		None
 Auto vars:     Size  Location     Type
		None
 Return value:  Size  Location     Type
                  1    wreg      void 
 Registers used:
		wreg, status,2, status,0
 Tracked objects:
		On entry : 
		On exit  : 
		Unchanged: 
 Data sizes:     COMRAM   BANK0   BANK1   BANK2   BANK3   BANK4   BANK5   BANK6   BANK7   BANK8   BANK9  BANK10  BANK11  BANK12  BANK13  BANK14  BANK15
      Params:         0       0       0       0       0       0       0       0       0       0       0       0       0       0       0       0       0
      Locals:         0       0       0       0       0       0       0       0       0       0       0       0       0       0       0       0       0
      Temps:          1       0       0       0       0       0       0       0       0       0       0       0       0       0       0       0       0
      Totals:         1       0       0       0       0       0       0       0       0       0       0       0       0       0       0       0       0
Total ram usage:        1 bytes
 Hardware stack levels used:    1
 This function calls:
		Nothing
 This function is called by:
		_i2c_stop
		_i2c_read
		_i2c_write
		_i2c_repStart
 This function uses a non-reentrant model


 *************** function _i2c_NAK *****************
 Defined at:
		line 139 in file "i2c.c"
 Parameters:    Size  Location     Type
		None
 Auto vars:     Size  Location     Type
		None
 Return value:  Size  Location     Type
                  1    wreg      void 
 Registers used:
		None
 Tracked objects:
		On entry : 
		On exit  : 
		Unchanged: 
 Data sizes:     COMRAM   BANK0   BANK1   BANK2   BANK3   BANK4   BANK5   BANK6   BANK7   BANK8   BANK9  BANK10  BANK11  BANK12  BANK13  BANK14  BANK15
      Params:         0       0       0       0       0       0       0       0       0       0       0       0       0       0       0       0       0
      Locals:         0       0       0       0       0       0       0       0       0       0       0       0       0       0       0       0       0
      Temps:          0       0       0       0       0       0       0       0       0       0       0       0       0       0       0       0       0
      Totals:         0       0       0       0       0       0       0       0       0       0       0       0       0       0       0       0       0
Total ram usage:        0 bytes
 Hardware stack levels used:    1
 This function calls:
		Nothing
 This function is called by:
		_measure_humidity_temp_HIH6021
 This function uses a non-reentrant model


 *************** function _i2c_ACK *****************
 Defined at:
		line 125 in file "i2c.c"
 Parameters:    Size  Location     Type
		None
 Auto vars:     Size  Location     Type
		None
 Return value:  Size  Location     Type
                  1    wreg      void 
 Registers used:
		None
 Tracked objects:
		On entry : 
		On exit  : 
		Unchanged: 
 Data sizes:     COMRAM   BANK0   BANK1   BANK2   BANK3   BANK4   BANK5   BANK6   BANK7   BANK8   BANK9  BANK10  BANK11  BANK12  BANK13  BANK14  BANK15
      Params:         0       0       0       0       0       0       0       0       0       0       0       0       0       0       0       0       0
      Locals:         0       0       0       0       0       0       0       0       0       0       0       0       0       0       0       0       0
      Temps:          0       0       0       0       0       0       0       0       0       0       0       0       0       0       0       0       0
      Totals:         0       0       0       0       0       0       0       0       0       0       0       0       0       0       0       0       0
Total ram usage:        0 bytes
 Hardware stack levels used:    1
 This function calls:
		Nothing
 This function is called by:
		_measure_humidity_temp_HIH6021
 This function uses a non-reentrant model


 *************** function ___xxtofl *****************
 Defined at:
		line 10 in file "C:\Program Files (x86)\Microchip\xc8\v2.10\pic\sources\c99\common\xxtofl.c"
 Parameters:    Size  Location     Type
  sign            1    wreg     unsigned char 
  val             4    0[COMRAM] long 
 Auto vars:     Size  Location     Type
  sign            1    8[COMRAM] unsigned char 
  arg             4   10[COMRAM] unsigned long 
  exp             1    9[COMRAM] unsigned char 
 Return value:  Size  Location     Type
                  4    0[COMRAM] unsigned char 
 Registers used:
		wreg, status,2, status,0
 Tracked objects:
		On entry : 
		On exit  : 
		Unchanged: 
 Data sizes:     COMRAM   BANK0   BANK1   BANK2   BANK3   BANK4   BANK5   BANK6   BANK7   BANK8   BANK9  BANK10  BANK11  BANK12  BANK13  BANK14  BANK15
      Params:         4       0       0       0       0       0       0       0       0       0       0       0       0       0       0       0       0
      Locals:         6       0       0       0       0       0       0       0       0       0       0       0       0       0       0       0       0
      Temps:          4       0       0       0       0       0       0       0       0       0       0       0       0       0       0       0       0
      Totals:        14       0       0       0       0       0       0       0       0       0       0       0       0       0       0       0       0
Total ram usage:       14 bytes
 Hardware stack levels used:    1
 This function calls:
		Nothing
 This function is called by:
		_measure_humidity_temp_HIH6021
		_measure_battery
 This function uses a non-reentrant model


 *************** function ___flmul *****************
 Defined at:
		line 8 in file "C:\Program Files (x86)\Microchip\xc8\v2.10\pic\sources\c99\common\sprcmul.c"
 Parameters:    Size  Location     Type
  b               4   30[COMRAM] unsigned char 
  a               4   34[COMRAM] unsigned char 
 Auto vars:     Size  Location     Type
  prod            4   49[COMRAM] struct .
  grs             4   43[COMRAM] unsigned long 
  temp            2   53[COMRAM] struct .
  bexp            1   48[COMRAM] unsigned char 
  aexp            1   47[COMRAM] unsigned char 
  sign            1   42[COMRAM] unsigned char 
 Return value:  Size  Location     Type
                  4   30[COMRAM] unsigned char 
 Registers used:
		wreg, status,2, status,0, prodl, prodh
 Tracked objects:
		On entry : 
		On exit  : 
		Unchanged: 
 Data sizes:     COMRAM   BANK0   BANK1   BANK2   BANK3   BANK4   BANK5   BANK6   BANK7   BANK8   BANK9  BANK10  BANK11  BANK12  BANK13  BANK14  BANK15
      Params:         8       0       0       0       0       0       0       0       0       0       0       0       0       0       0       0       0
      Locals:        13       0       0       0       0       0       0       0       0       0       0       0       0       0       0       0       0
      Temps:          4       0       0       0       0       0       0       0       0       0       0       0       0       0       0       0       0
      Totals:        25       0       0       0       0       0       0       0       0       0       0       0       0       0       0       0       0
Total ram usage:       25 bytes
 Hardware stack levels used:    1
 This function calls:
		Nothing
 This function is called by:
		_main
		_measure_humidity_temp_HIH6021
		_measure_battery
		_load_FIFO_with_temp_humidity_voltage
 This function uses a non-reentrant model


 *************** function ___fldiv *****************
 Defined at:
		line 11 in file "C:\Program Files (x86)\Microchip\xc8\v2.10\pic\sources\c99\common\sprcdiv.c"
 Parameters:    Size  Location     Type
  b               4   55[COMRAM] unsigned char 
  a               4   59[COMRAM] unsigned char 
 Auto vars:     Size  Location     Type
  grs             4   74[COMRAM] unsigned long 
  rem             4   67[COMRAM] unsigned long 
  new_exp         2   72[COMRAM] short 
  aexp            1   79[COMRAM] unsigned char 
  bexp            1   78[COMRAM] unsigned char 
  sign            1   71[COMRAM] unsigned char 
 Return value:  Size  Location     Type
                  4   55[COMRAM] unsigned char 
 Registers used:
		wreg, status,2, status,0
 Tracked objects:
		On entry : 
		On exit  : 
		Unchanged: 
 Data sizes:     COMRAM   BANK0   BANK1   BANK2   BANK3   BANK4   BANK5   BANK6   BANK7   BANK8   BANK9  BANK10  BANK11  BANK12  BANK13  BANK14  BANK15
      Params:         8       0       0       0       0       0       0       0       0       0       0       0       0       0       0       0       0
      Locals:        13       0       0       0       0       0       0       0       0       0       0       0       0       0       0       0       0
      Temps:          4       0       0       0       0       0       0       0       0       0       0       0       0       0       0       0       0
      Totals:        25       0       0       0       0       0       0       0       0       0       0       0       0       0       0       0       0
Total ram usage:       25 bytes
 Hardware stack levels used:    1
 This function calls:
		Nothing
 This function is called by:
		_main
		_measure_humidity_temp_HIH6021
		_load_FIFO_with_temp_humidity_voltage
 This function uses a non-reentrant model


 *************** function ___fladd *****************
 Defined at:
		line 10 in file "C:\Program Files (x86)\Microchip\xc8\v2.10\pic\sources\c99\common\sprcadd.c"
 Parameters:    Size  Location     Type
  b               4   14[COMRAM] unsigned char 
  a               4   18[COMRAM] unsigned char 
 Auto vars:     Size  Location     Type
  grs             1   29[COMRAM] unsigned char 
  bexp            1   28[COMRAM] unsigned char 
  aexp            1   27[COMRAM] unsigned char 
  signs           1   26[COMRAM] unsigned char 
 Return value:  Size  Location     Type
                  4   14[COMRAM] unsigned char 
 Registers used:
		wreg, status,2, status,0
 Tracked objects:
		On entry : 
		On exit  : 
		Unchanged: 
 Data sizes:     COMRAM   BANK0   BANK1   BANK2   BANK3   BANK4   BANK5   BANK6   BANK7   BANK8   BANK9  BANK10  BANK11  BANK12  BANK13  BANK14  BANK15
      Params:         8       0       0       0       0       0       0       0       0       0       0       0       0       0       0       0       0
      Locals:         4       0       0       0       0       0       0       0       0       0       0       0       0       0       0       0       0
      Temps:          4       0       0       0       0       0       0       0       0       0       0       0       0       0       0       0       0
      Totals:        16       0       0       0       0       0       0       0       0       0       0       0       0       0       0       0       0
Total ram usage:       16 bytes
 Hardware stack levels used:    1
 This function calls:
		Nothing
 This function is called by:
		_main
		_measure_humidity_temp_HIH6021
		_load_FIFO_with_temp_humidity_voltage
 This function uses a non-reentrant model


 *************** function _init_LORA_communication *****************
 Defined at:
		line 7 in file "LoRa_com.c"
 Parameters:    Size  Location     Type
		None
 Auto vars:     Size  Location     Type
		None
 Return value:  Size  Location     Type
                  1    wreg      void 
 Registers used:
		wreg, status,2, status,0, tblptrl, tblptrh, tblptru, cstack
 Tracked objects:
		On entry : 
		On exit  : 
		Unchanged: 
 Data sizes:     COMRAM   BANK0   BANK1   BANK2   BANK3   BANK4   BANK5   BANK6   BANK7   BANK8   BANK9  BANK10  BANK11  BANK12  BANK13  BANK14  BANK15
      Params:         0       0       0       0       0       0       0       0       0       0       0       0       0       0       0       0       0
      Locals:         0       0       0       0       0       0       0       0       0       0       0       0       0       0       0       0       0
      Temps:          2       0       0       0       0       0       0       0       0       0       0       0       0       0       0       0       0
      Totals:         2       0       0       0       0       0       0       0       0       0       0       0       0       0       0       0       0
Total ram usage:        2 bytes
 Hardware stack levels used:    1
 Hardware stack levels required when called:    3
 This function calls:
		_AntennaTX
		_GetMode
		_InitModule
		_InitRFLoRaPins
		_ResetRFModule
		_SPIInit
		_WriteSXRegister
 This function is called by:
		_main
 This function uses a non-reentrant model


 *************** function _SPIInit *****************
 Defined at:
		line 16 in file "spi.c"
 Parameters:    Size  Location     Type
		None
 Auto vars:     Size  Location     Type
		None
 Return value:  Size  Location     Type
                  1    wreg      void 
 Registers used:
		wreg, status,2
 Tracked objects:
		On entry : 
		On exit  : 
		Unchanged: 
 Data sizes:     COMRAM   BANK0   BANK1   BANK2   BANK3   BANK4   BANK5   BANK6   BANK7   BANK8   BANK9  BANK10  BANK11  BANK12  BANK13  BANK14  BANK15
      Params:         0       0       0       0       0       0       0       0       0       0       0       0       0       0       0       0       0
[...]
		 -> STR_54(32), STR_53(33), STR_43(19), STR_42(29), 
		 -> STR_41(19), STR_40(25), STR_39(20), STR_38(28), 
		 -> STR_37(27), STR_36(27), STR_35(26), STR_34(23), 
		 -> STR_33(23), STR_32(19), STR_31(24), STR_30(27), 
		 -> STR_29(27), STR_28(23), STR_27(13), STR_26(13), 
		 -> STR_25(17), STR_24(19), STR_23(17), STR_22(17), 
		 -> STR_21(17), STR_7(17), STR_6(33), STR_3(33), 
 Auto vars:     Size  Location     Type
  i               1    5[COMRAM] unsigned char 
 Return value:  Size  Location     Type
                  1    wreg      void 
 Registers used:
		wreg, status,2, status,0, tblptrl, tblptrh, tblptru, cstack
 Tracked objects:
		On entry : 
		On exit  : 
		Unchanged: 
 Data sizes:     COMRAM   BANK0   BANK1   BANK2   BANK3   BANK4   BANK5   BANK6   BANK7   BANK8   BANK9  BANK10  BANK11  BANK12  BANK13  BANK14  BANK15
      Params:         2       0       0       0       0       0       0       0       0       0       0       0       0       0       0       0       0
      Locals:         1       0       0       0       0       0       0       0       0       0       0       0       0       0       0       0       0
      Temps:          2       0       0       0       0       0       0       0       0       0       0       0       0       0       0       0       0
      Totals:         5       0       0       0       0       0       0       0       0       0       0       0       0       0       0       0       0
Total ram usage:        5 bytes
 Hardware stack levels used:    1
 Hardware stack levels required when called:    1
 This function calls:
		_UARTWriteByte
 This function is called by:
		_main
		_GetMode
		_CheckConfiguration
		_reset_IRQs
 This function uses a non-reentrant model


 *************** function _UARTWriteByteHex *****************
 Defined at:
		line 83 in file "uart.c"
 Parameters:    Size  Location     Type
  data            1    wreg     unsigned char 
 Auto vars:     Size  Location     Type
  data            1   13[COMRAM] unsigned char 
  hexa            2   11[COMRAM] PTR unsigned char 
		 -> STR_44(17), 
 Return value:  Size  Location     Type
                  1    wreg      void 
 Registers used:
		wreg, status,2, status,0, tblptrl, tblptrh, tblptru, cstack
 Tracked objects:
		On entry : 
		On exit  : 
		Unchanged: 
 Data sizes:     COMRAM   BANK0   BANK1   BANK2   BANK3   BANK4   BANK5   BANK6   BANK7   BANK8   BANK9  BANK10  BANK11  BANK12  BANK13  BANK14  BANK15
      Params:         0       0       0       0       0       0       0       0       0       0       0       0       0       0       0       0       0
      Locals:         3       0       0       0       0       0       0       0       0       0       0       0       0       0       0       0       0
      Temps:          3       0       0       0       0       0       0       0       0       0       0       0       0       0       0       0       0
      Totals:         6       0       0       0       0       0       0       0       0       0       0       0       0       0       0       0       0
Total ram usage:        6 bytes
 Hardware stack levels used:    1
 Hardware stack levels required when called:    1
 This function calls:
		_UARTWriteByte
		___awdiv
 This function is called by:
		_main
		_GetMode
		_PrintSXRegContent
		_reset_IRQs
 This function uses a non-reentrant model


 *************** function ___awdiv *****************
 Defined at:
		line 7 in file "C:\Program Files (x86)\Microchip\xc8\v2.10\pic\sources\c99\common\awdiv.c"
 Parameters:    Size  Location     Type
  dividend        2    0[COMRAM] int 
  divisor         2    2[COMRAM] int 
 Auto vars:     Size  Location     Type
  quotient        2    6[COMRAM] int 
  sign            1    5[COMRAM] unsigned char 
  counter         1    4[COMRAM] unsigned char 
 Return value:  Size  Location     Type
                  2    0[COMRAM] int 
 Registers used:
		wreg, status,2, status,0
 Tracked objects:
		On entry : 
		On exit  : 
		Unchanged: 
 Data sizes:     COMRAM   BANK0   BANK1   BANK2   BANK3   BANK4   BANK5   BANK6   BANK7   BANK8   BANK9  BANK10  BANK11  BANK12  BANK13  BANK14  BANK15
      Params:         4       0       0       0       0       0       0       0       0       0       0       0       0       0       0       0       0
      Locals:         4       0       0       0       0       0       0       0       0       0       0       0       0       0       0       0       0
      Temps:          0       0       0       0       0       0       0       0       0       0       0       0       0       0       0       0       0
      Totals:         8       0       0       0       0       0       0       0       0       0       0       0       0       0       0       0       0
Total ram usage:        8 bytes
 Hardware stack levels used:    1
 This function calls:
		Nothing
 This function is called by:
		_UARTWriteByteHex
 This function uses a non-reentrant model


 *************** function _UARTWriteByte *****************
 Defined at:
		line 52 in file "uart.c"
 Parameters:    Size  Location     Type
  data            1    wreg     unsigned char 
 Auto vars:     Size  Location     Type
  data            1    0[COMRAM] unsigned char 
 Return value:  Size  Location     Type
                  1    wreg      void 
 Registers used:
		wreg
 Tracked objects:
		On entry : 
		On exit  : 
		Unchanged: 
 Data sizes:     COMRAM   BANK0   BANK1   BANK2   BANK3   BANK4   BANK5   BANK6   BANK7   BANK8   BANK9  BANK10  BANK11  BANK12  BANK13  BANK14  BANK15
      Params:         0       0       0       0       0       0       0       0       0       0       0       0       0       0       0       0       0
      Locals:         1       0       0       0       0       0       0       0       0       0       0       0       0       0       0       0       0
      Temps:          0       0       0       0       0       0       0       0       0       0       0       0       0       0       0       0       0
      Totals:         1       0       0       0       0       0       0       0       0       0       0       0       0       0       0       0       0
Total ram usage:        1 bytes
 Hardware stack levels used:    1
 This function calls:
		Nothing
 This function is called by:
		_UARTWriteStr
		_UARTWriteStrLn
		_UARTWriteByteHex
 This function uses a non-reentrant model


 *************** function _ReadSXRegister *****************
 Defined at:
		line 29 in file "SX1272.c"
 Parameters:    Size  Location     Type
  address         1    wreg     unsigned char 
 Auto vars:     Size  Location     Type
  address         1    4[COMRAM] unsigned char 
  RegValue        1    3[COMRAM] unsigned char 
 Return value:  Size  Location     Type
                  1    wreg      unsigned char 
 Registers used:
		wreg, status,2, status,0, cstack
 Tracked objects:
		On entry : 
		On exit  : 
		Unchanged: 
 Data sizes:     COMRAM   BANK0   BANK1   BANK2   BANK3   BANK4   BANK5   BANK6   BANK7   BANK8   BANK9  BANK10  BANK11  BANK12  BANK13  BANK14  BANK15
      Params:         0       0       0       0       0       0       0       0       0       0       0       0       0       0       0       0       0
      Locals:         2       0       0       0       0       0       0       0       0       0       0       0       0       0       0       0       0
      Temps:          0       0       0       0       0       0       0       0       0       0       0       0       0       0       0       0       0
      Totals:         2       0       0       0       0       0       0       0       0       0       0       0       0       0       0       0       0
Total ram usage:        2 bytes
 Hardware stack levels used:    1
 Hardware stack levels required when called:    1
 This function calls:
		_SPIReceive
		_SPITransfer
 This function is called by:
		_main
		_GetMode
		_load_FIFO_with_temp_humidity_voltage
		_has_transmitted
		_reset_IRQs
 This function uses a non-reentrant model


 *************** function _SPITransfer *****************
 Defined at:
		line 41 in file "spi.c"
 Parameters:    Size  Location     Type
  data_out        1    wreg     unsigned char 
 Auto vars:     Size  Location     Type
  data_out        1    1[COMRAM] unsigned char 
  dummy_byte      1    0        unsigned char 
 Return value:  Size  Location     Type
                  1    wreg      void 
 Registers used:
		wreg
 Tracked objects:
		On entry : 
		On exit  : 
		Unchanged: 
 Data sizes:     COMRAM   BANK0   BANK1   BANK2   BANK3   BANK4   BANK5   BANK6   BANK7   BANK8   BANK9  BANK10  BANK11  BANK12  BANK13  BANK14  BANK15
      Params:         0       0       0       0       0       0       0       0       0       0       0       0       0       0       0       0       0
      Locals:         2       0       0       0       0       0       0       0       0       0       0       0       0       0       0       0       0
      Temps:          0       0       0       0       0       0       0       0       0       0       0       0       0       0       0       0       0
      Totals:         2       0       0       0       0       0       0       0       0       0       0       0       0       0       0       0       0
Total ram usage:        2 bytes
 Hardware stack levels used:    1
 This function calls:
		Nothing
 This function is called by:
		_WriteSXRegister
		_ReadSXRegister
		_PrintSXRegContent
 This function uses a non-reentrant model


 *************** function _SPIReceive *****************
 Defined at:
		line 50 in file "spi.c"
 Parameters:    Size  Location     Type
  data_out        1    wreg     unsigned char 
 Auto vars:     Size  Location     Type
  data_out        1    1[COMRAM] unsigned char 
  data_in         1    2[COMRAM] unsigned char 
  dummy_byte      1    0        unsigned char 
 Return value:  Size  Location     Type
                  1    wreg      unsigned char 
 Registers used:
		wreg, status,2
 Tracked objects:
		On entry : 
		On exit  : 
		Unchanged: 
 Data sizes:     COMRAM   BANK0   BANK1   BANK2   BANK3   BANK4   BANK5   BANK6   BANK7   BANK8   BANK9  BANK10  BANK11  BANK12  BANK13  BANK14  BANK15
      Params:         0       0       0       0       0       0       0       0       0       0       0       0       0       0       0       0       0
      Locals:         3       0       0       0       0       0       0       0       0       0       0       0       0       0       0       0       0
      Temps:          0       0       0       0       0       0       0       0       0       0       0       0       0       0       0       0       0
      Totals:         3       0       0       0       0       0       0       0       0       0       0       0       0       0       0       0       0
Total ram usage:        3 bytes
 Hardware stack levels used:    1
 This function calls:
		Nothing
 This function is called by:
		_ReadSXRegister
		_PrintSXRegContent
 This function uses a non-reentrant model


 *************** function _AntennaTX *****************
 Defined at:
		line 34 in file "RF_LoRa_868_SO.c"
 Parameters:    Size  Location     Type
		None
 Auto vars:     Size  Location     Type
		None
 Return value:  Size  Location     Type
                  1    wreg      void 
 Registers used:
		wreg
 Tracked objects:
		On entry : 
		On exit  : 
		Unchanged: 
 Data sizes:     COMRAM   BANK0   BANK1   BANK2   BANK3   BANK4   BANK5   BANK6   BANK7   BANK8   BANK9  BANK10  BANK11  BANK12  BANK13  BANK14  BANK15
      Params:         0       0       0       0       0       0       0       0       0       0       0       0       0       0       0       0       0
      Locals:         0       0       0       0       0       0       0       0       0       0       0       0       0       0       0       0       0
      Temps:          1       0       0       0       0       0       0       0       0       0       0       0       0       0       0       0       0
      Totals:         1       0       0       0       0       0       0       0       0       0       0       0       0       0       0       0       0
Total ram usage:        1 bytes
 Hardware stack levels used:    1
 This function calls:
		Nothing
 This function is called by:
		_init_LORA_communication
 This function uses a non-reentrant model


 *************** function _i2c_init *****************
 Defined at:
		line 18 in file "i2c.c"
 Parameters:    Size  Location     Type
		None
 Auto vars:     Size  Location     Type
		None
 Return value:  Size  Location     Type
                  1    wreg      void 
 Registers used:
		wreg, status,2
 Tracked objects:
		On entry : 
		On exit  : 
		Unchanged: 
 Data sizes:     COMRAM   BANK0   BANK1   BANK2   BANK3   BANK4   BANK5   BANK6   BANK7   BANK8   BANK9  BANK10  BANK11  BANK12  BANK13  BANK14  BANK15
      Params:         0       0       0       0       0       0       0       0       0       0       0       0       0       0       0       0       0
      Locals:         0       0       0       0       0       0       0       0       0       0       0       0       0       0       0       0       0
      Temps:          0       0       0       0       0       0       0       0       0       0       0       0       0       0       0       0       0
      Totals:         0       0       0       0       0       0       0       0       0       0       0       0       0       0       0       0       0
Total ram usage:        0 bytes
 Hardware stack levels used:    1
 This function calls:
		Nothing
 This function is called by:
		_main
 This function uses a non-reentrant model


 *************** function ___fltol *****************
 Defined at:
		line 43 in file "C:\Program Files (x86)\Microchip\xc8\v2.10\pic\sources\c99\common\fltol.c"
 Parameters:    Size  Location     Type
  f1              4   80[COMRAM] void 
 Auto vars:     Size  Location     Type
  exp1            1   89[COMRAM] unsigned char 
  sign1           1   88[COMRAM] unsigned char 
 Return value:  Size  Location     Type
                  4   80[COMRAM] long 
 Registers used:
		wreg, status,2, status,0
 Tracked objects:
		On entry : 
		On exit  : 
		Unchanged: 
 Data sizes:     COMRAM   BANK0   BANK1   BANK2   BANK3   BANK4   BANK5   BANK6   BANK7   BANK8   BANK9  BANK10  BANK11  BANK12  BANK13  BANK14  BANK15
      Params:         4       0       0       0       0       0       0       0       0       0       0       0       0       0       0       0       0
      Locals:         2       0       0       0       0       0       0       0       0       0       0       0       0       0       0       0       0
      Temps:          4       0       0       0       0       0       0       0       0       0       0       0       0       0       0       0       0
      Totals:        10       0       0       0       0       0       0       0       0       0       0       0       0       0       0       0       0
Total ram usage:       10 bytes
 Hardware stack levels used:    1
 This function calls:
		Nothing
 This function is called by:
		_main
		_measure_battery
		_load_FIFO_with_temp_humidity_voltage
 This function uses a non-reentrant model


 *************** function _UARTInit *****************
 Defined at:
		line 16 in file "uart.c"
 Parameters:    Size  Location     Type
  baudRate        2    0[COMRAM] unsigned int 
 Auto vars:     Size  Location     Type
		None
 Return value:  Size  Location     Type
                  1    wreg      void 
 Registers used:
		wreg, status,2
 Tracked objects:
		On entry : 
		On exit  : 
		Unchanged: 
 Data sizes:     COMRAM   BANK0   BANK1   BANK2   BANK3   BANK4   BANK5   BANK6   BANK7   BANK8   BANK9  BANK10  BANK11  BANK12  BANK13  BANK14  BANK15
      Params:         2       0       0       0       0       0       0       0       0       0       0       0       0       0       0       0       0
      Locals:         0       0       0       0       0       0       0       0       0       0       0       0       0       0       0       0       0
      Temps:          0       0       0       0       0       0       0       0       0       0       0       0       0       0       0       0       0
      Totals:         2       0       0       0       0       0       0       0       0       0       0       0       0       0       0       0       0
Total ram usage:        2 bytes
 Hardware stack levels used:    1
 This function calls:
		Nothing
 This function is called by:
		_main
 This function uses a non-reentrant model



MODULE INFORMATION

Module		Function		Class		Link	Load	Size
uart.c
		_UARTWriteStr  		CODE           	E30C	0000	81
		_UARTWriteByte 		CODE           	E0A6	0000	23
		_UARTWriteByteHex		CODE           	E408	0000	111
		_UARTInit      		CODE           	E24A	0000	55
		_UARTWriteStrLn		CODE           	E3AC	0000	93

uart.c estimated size: 363

C:\Program Files (x86)\Microchip\xc8\v2.10\pic\sources\c99\common\xxtofl.c
		___xxtofl      		CODE           	EA1E	0000	437

C:\Program Files (x86)\Microchip\xc8\v2.10\pic\sources\c99\common\xxtofl.c estimated size: 437

C:\Program Files (x86)\Microchip\xc8\v2.10\pic\sources\c99\common\awdiv.c
		___awdiv       		CODE           	E476	0000	197

C:\Program Files (x86)\Microchip\xc8\v2.10\pic\sources\c99\common\awdiv.c estimated size: 197

C:\Program Files (x86)\Microchip\xc8\v2.10\pic\sources\c99\common\fltol.c
		___fltol       		CODE           	E62C	0000	263

C:\Program Files (x86)\Microchip\xc8\v2.10\pic\sources\c99\common\fltol.c estimated size: 263

i2c.c
		_i2c_NAK       		CODE           	E0D2	0000	23
		_i2c_start     		CODE           	E092	0000	21
		_i2c_waitForIdle		CODE           	E1EA	0000	45
		_i2c_ACK       		CODE           	E0BC	0000	23
		_i2c_write     		CODE           	E14C	0000	29
		_i2c_stop      		CODE           	E100	0000	25
		_i2c_read      		CODE           	E1A6	0000	33
		_i2c_init      		CODE           	E216	0000	53

i2c.c estimated size: 252

C:\Program Files (x86)\Microchip\xc8\v2.10\pic\sources\c99\common\sprcmul.c
		___flmul       		CODE           	F382	0000	1067

C:\Program Files (x86)\Microchip\xc8\v2.10\pic\sources\c99\common\sprcmul.c estimated size: 1067

C:\Program Files (x86)\Microchip\xc8\v2.10\pic\sources\c99\common\sprcdiv.c
		___fldiv       		CODE           	EBD2	0000	923

C:\Program Files (x86)\Microchip\xc8\v2.10\pic\sources\c99\common\sprcdiv.c estimated size: 923

test_i2c.c
		_main          		CODE           	EF6C	0000	1047
		_measure_humidity_temp_HIH6021		CODE           	E88A	0000	405

test_i2c.c estimated size: 1452

SX1272.c
		_ReadSXRegister		CODE           	E168	0000	31
		_GetMode       		CODE           	E732	0000	345
		_InitModule    		CODE           	E53A	0000	243
		_WriteSXRegister		CODE           	E132	0000	27

SX1272.c estimated size: 646

spi.c
		_SPITransfer   		CODE           	E118	0000	27
		_SPIReceive    		CODE           	E186	0000	33
		_SPIInit       		CODE           	E280	0000	67

spi.c estimated size: 127

shared
		__initialization		CODE           	E2C2	0000	65

shared estimated size: 65

RF_LoRa_868_SO.c
		_ResetRFModule 		CODE           	E1C6	0000	37
		_AntennaTX     		CODE           	E0E8	0000	25
		_InitRFLoRaPins		CODE           	E07C	0000	11

RF_LoRa_868_SO.c estimated size: 73

C:\Program Files (x86)\Microchip\xc8\v2.10\pic\sources\c99\common\sprcadd.c
		___fladd       		CODE           	F7AC	0000	1217

C:\Program Files (x86)\Microchip\xc8\v2.10\pic\sources\c99\common\sprcadd.c estimated size: 1217

LoRa_com.c
		_init_LORA_communication		CODE           	E35C	0000	81

LoRa_com.c estimated size: 81

