Microchip MPLAB XC8 Compiler V2.10 ()

Linker command line:

-W-3 --edf=C:\Program Files (x86)\Microchip\xc8\v2.10\pic\dat\en_msgs.txt \
  -cs -h+dist/default/production\fuck_i2c.X.production.sym \
  --cmf=dist/default/production\fuck_i2c.X.production.cmf -z -Q18F46K22 \
  -oC:\Users\louis\AppData\Local\Temp\s4b8.2 --defsym=__MPLAB_BUILD=1 \
  -Mdist/default/production/fuck_i2c.X.production.map -E1 -ver=XC8 \
  --acfsm=1493 -ASTACK=0200h-0F37h -pstack=STACK -ACODE=00h-0FFFFh \
  -ACONST=00h-0FFFFh -ASMALLCONST=01000h-010FFhx240 \
  -AMEDIUMCONST=01000h-0FFFFh -ACOMRAM=01h-05Fh -AABS1=00h-0F37h \
  -ABIGRAM=01h-0F37h -ARAM=060h-0FFh,0100h-01FFhx14,0F00h-0F37h \
  -ABANK0=060h-0FFh -ABANK1=0100h-01FFh -ABANK2=0200h-02FFh \
  -ABANK3=0300h-03FFh -ABANK4=0400h-04FFh -ABANK5=0500h-05FFh \
  -ABANK6=0600h-06FFh -ABANK7=0700h-07FFh -ABANK8=0800h-08FFh \
  -ABANK9=0900h-09FFh -ABANK10=0A00h-0AFFh -ABANK11=0B00h-0BFFh \
  -ABANK12=0C00h-0CFFh -ABANK13=0D00h-0DFFh -ABANK14=0E00h-0EFFh \
  -ABANK15=0F00h-0F37h -ASFR=0F38h-0F5Fh,0F60h-0FFFh \
  -preset_vec=00h,intcode,intcodelo,powerup,init -pramtop=01000h \
  -psmallconst=SMALLCONST -pmediumconst=MEDIUMCONST -pconst=CONST \
  -AFARRAM=00h-00h -ACONFIG=0300000h-030000Dh -pconfig=CONFIG \
  -AIDLOC=0200000h-0200007h -pidloc=IDLOC -AEEDATA=0F00000h-0F003FFh \
  -peeprom_data=EEDATA \
  -prdata=COMRAM,nvrram=COMRAM,nvbit=COMRAM,rbss=COMRAM,rbit=COMRAM \
  -pfarbss=FARRAM,fardata=FARRAM,nvFARRAM=FARRAM \
  -pintsave_regs=BIGRAM,bigbss=BIGRAM,bigdata=BIGRAM -pbss=RAM \
  -pidata=CODE,irdata=CODE,ibigdata=CODE,ifardata=CODE -prparam=COMRAM \
  C:\Users\louis\AppData\Local\Temp\s4b8.o \
  dist/default/production\fuck_i2c.X.production.o 

Object code version is 3.11

Machine type is 18F46K22

Call graph: (short form)




                Name                               Link     Load   Length Selector   Space Scale
C:\Users\louis\AppData\Local\Temp\s4b8.o
                init                                  0        0        4        0       0
                idloc                            200000   200000        8   200000       0
                config                           300000   300000        E   300000       0
dist/default/production\fuck_i2c.X.production.o
                mediumconst                        FC42     FC42      3BE     7E21       0
                text38                             E40E     E40E      106     7207       0
                text37                             DF88     DF88       34     6FC4       0
                text36                             DFF2     DFF2       3C     6FF9       0
                text35                             DE4E     DE4E       1A     6F27       0
                text34                             DDB4     DDB4       14     6EDA       0
                text33                             DDA4     DDA4       10     6ED2       0
                text32                             DD84     DD84        A     6EC2       0
                text31                             DE1E     DE1E       18     6F0F       0
                text30                             DED6     DED6       20     6F6B       0
                text29                             DE68     DE68       1A     6F34       0
                text28                             DDDC     DDDC       16     6EEE       0
                text27                             E258     E258       C4     712C       0
                text26                             E172     E172       6E     70B9       0
                text25                             DF16     DF16       22     6F8B       0
                text24                             E070     E070       50     7038       0
                text23                             E116     E116       5C     708B       0
                text22                             E820     E820      1B8     7410       0
                text21                             DEB8     DEB8       1E     6F5C       0
                text20                             E514     E514      158     728A       0
                text19                             DE82     DE82       1A     6F41       0
                text18                             E31C     E31C       F2     718E       0
                text17                             DD8E     DD8E        A     6EC7       0
                text16                             DF38     DF38       24     6F9C       0
                text15                             E02E     E02E       42     7017       0
                text14                             DFBC     DFBC       36     6FDE       0
                text13                             E1E0     E1E0       78     70F0       0
                text12                             F782     F782      4C0     7BC1       0
                text11                             EBB0     EBB0      39A     75D8       0
                text10                             F358     F358      42A     79AC       0
                text9                              E66C     E66C      1B4     7336       0
                text8                              DDF2     DDF2       16     6EF9       0
                text7                              DE08     DE08       16     6F04       0
                text6                              DF5C     DF5C       2C     6FAE       0
                text5                              DEF6     DEF6       20     6F7B       0
                text4                              DDC8     DDC8       14     6EE4       0
                text3                              DE36     DE36       18     6F1B       0
                text2                              DE9C     DE9C       1C     6F4E       0
                text1                              E9D8     E9D8      1D8     74EC       0
                text0                              EF4A     EF4A      40E     77A5       0
                cstackCOMRAM                          1        1       56        1       1
                bssBANK1                            100      100      100      100       1
                dataBANK0                            A8       A8        C       60       1
                bssBANK0                             60       60       48       60       1
                bssCOMRAM                            57       57        9        1       1
                cinit                              E0C0     E0C0       56     7060       0
                idataBANK0                         DD98     DD98        C     DD98       0

TOTAL           Name                               Link     Load   Length     Space
        CLASS   STACK          

        CLASS   CODE           
                init                                  0        0        4         0
                text38                             E40E     E40E      106         0
                text37                             DF88     DF88       34         0
                text36                             DFF2     DFF2       3C         0
                text35                             DE4E     DE4E       1A         0
                text34                             DDB4     DDB4       14         0
                text33                             DDA4     DDA4       10         0
                text32                             DD84     DD84        A         0
                text31                             DE1E     DE1E       18         0
                text30                             DED6     DED6       20         0
                text29                             DE68     DE68       1A         0
                text28                             DDDC     DDDC       16         0
                text27                             E258     E258       C4         0
                text26                             E172     E172       6E         0
                text25                             DF16     DF16       22         0
                text24                             E070     E070       50         0
                text23                             E116     E116       5C         0
                text22                             E820     E820      1B8         0
                text21                             DEB8     DEB8       1E         0
                text20                             E514     E514      158         0
                text19                             DE82     DE82       1A         0
                text18                             E31C     E31C       F2         0
                text17                             DD8E     DD8E        A         0
                text16                             DF38     DF38       24         0
                text15                             E02E     E02E       42         0
                text14                             DFBC     DFBC       36         0
                text13                             E1E0     E1E0       78         0
                text12                             F782     F782      4C0         0
                text11                             EBB0     EBB0      39A         0
                text10                             F358     F358      42A         0
                text9                              E66C     E66C      1B4         0
                text8                              DDF2     DDF2       16         0
                text7                              DE08     DE08       16         0
                text6                              DF5C     DF5C       2C         0
                text5                              DEF6     DEF6       20         0
                text4                              DDC8     DDC8       14         0
                text3                              DE36     DE36       18         0
                text2                              DE9C     DE9C       1C         0
                text1                              E9D8     E9D8      1D8         0
                text0                              EF4A     EF4A      40E         0
                cinit                              E0C0     E0C0       56         0
                idataBANK0                         DD98     DD98        C         0

        CLASS   CONST          

        CLASS   SMALLCONST     

        CLASS   MEDIUMCONST    
                mediumconst                        FC42     FC42      3BE         0

        CLASS   COMRAM         
                cstackCOMRAM                          1        1       56         1
                bssCOMRAM                            57       57        9         1

        CLASS   ABS1           

        CLASS   BIGRAM         

        CLASS   RAM            

        CLASS   BANK0          
                dataBANK0                            A8       A8        C         1
                bssBANK0                             60       60       48         1

        CLASS   BANK1          
                bssBANK1                            100      100      100         1

        CLASS   BANK2          

        CLASS   BANK3          

        CLASS   BANK4          

        CLASS   BANK5          

        CLASS   BANK6          

        CLASS   BANK7          

        CLASS   BANK8          

        CLASS   BANK9          

        CLASS   BANK10         

        CLASS   BANK11         

        CLASS   BANK12         

        CLASS   BANK13         

        CLASS   BANK14         

        CLASS   BANK15         

        CLASS   SFR            

        CLASS   FARRAM         

        CLASS   CONFIG         
                config                           300000   300000        E         0

        CLASS   IDLOC          
                idloc                            200000   200000        8         0

        CLASS   EEDATA         



SEGMENTS        Name                           Load    Length   Top    Selector   Space  Class

                reset_vec                      000000  000004  000004         0       0  CODE    
                cstackCOMRAM                   000001  00005F  000060         1       1  COMRAM  
                bssBANK0                       000060  000054  0000B4        60       1  BANK0   
                bssBANK1                       000100  000100  000200       100       1  BANK1   
                text32                         00DD84  00000A  00DD8E      6EC2       0  CODE    
                text17                         00DD8E  00000A  00DD98      6EC7       0  CODE    
                idataBANK0                     00DD98  00000C  00DDA4      DD98       0  CODE    
                text33                         00DDA4  000010  00DDB4      6ED2       0  CODE    
                text34                         00DDB4  000014  00DDC8      6EDA       0  CODE    
                text4                          00DDC8  000014  00DDDC      6EE4       0  CODE    
                text28                         00DDDC  000016  00DDF2      6EEE       0  CODE    
                text8                          00DDF2  000016  00DE08      6EF9       0  CODE    
                text7                          00DE08  000016  00DE1E      6F04       0  CODE    
                text31                         00DE1E  000018  00DE36      6F0F       0  CODE    
                text3                          00DE36  000018  00DE4E      6F1B       0  CODE    
                text35                         00DE4E  00001A  00DE68      6F27       0  CODE    
                text29                         00DE68  00001A  00DE82      6F34       0  CODE    
                text19                         00DE82  00001A  00DE9C      6F41       0  CODE    
                text2                          00DE9C  00001C  00DEB8      6F4E       0  CODE    
                text21                         00DEB8  00001E  00DED6      6F5C       0  CODE    
                text30                         00DED6  000020  00DEF6      6F6B       0  CODE    
                text5                          00DEF6  000020  00DF16      6F7B       0  CODE    
                text25                         00DF16  000022  00DF38      6F8B       0  CODE    
                text16                         00DF38  000024  00DF5C      6F9C       0  CODE    
                text6                          00DF5C  00002C  00DF88      6FAE       0  CODE    
                text37                         00DF88  000034  00DFBC      6FC4       0  CODE    
                text14                         00DFBC  000036  00DFF2      6FDE       0  CODE    
                text36                         00DFF2  00003C  00E02E      6FF9       0  CODE    
                text15                         00E02E  000042  00E070      7017       0  CODE    
                text24                         00E070  000050  00E0C0      7038       0  CODE    
                cinit                          00E0C0  000056  00E116      7060       0  CODE    
                text23                         00E116  00005C  00E172      708B       0  CODE    
                text26                         00E172  00006E  00E1E0      70B9       0  CODE    
                text13                         00E1E0  000078  00E258      70F0       0  CODE    
                text27                         00E258  0000C4  00E31C      712C       0  CODE    
                text18                         00E31C  0000F2  00E40E      718E       0  CODE    
                text38                         00E40E  000106  00E514      7207       0  CODE    
                text20                         00E514  000158  00E66C      728A       0  CODE    
                text9                          00E66C  0001B4  00E820      7336       0  CODE    
                text22                         00E820  0001B8  00E9D8      7410       0  CODE    
                text1                          00E9D8  0001D8  00EBB0      74EC       0  CODE    
                text11                         00EBB0  00039A  00EF4A      75D8       0  CODE    
                text0                          00EF4A  00040E  00F358      77A5       0  CODE    
                text10                         00F358  00042A  00F782      79AC       0  CODE    
                text12                         00F782  0004C0  00FC42      7BC1       0  CODE    
                mediumconst                    00FC42  0003BE  010000      7E21       0  MEDIUMCO
                idloc                          200000  000008  200008    200000       0  IDLOC   
                config                         300000  00000E  30000E    300000       0  CONFIG  


UNUSED ADDRESS RANGES

        Name                Unused          Largest block    Delta
        BANK0            0000B4-0000FF               4C
        BANK10           000A00-000AFF              100
        BANK11           000B00-000BFF              100
        BANK12           000C00-000CFF              100
        BANK13           000D00-000DFF              100
        BANK14           000E00-000EFF              100
        BANK15           000F00-000F37               38
        BANK2            000200-0002FF              100
        BANK3            000300-0003FF              100
        BANK4            000400-0004FF              100
        BANK5            000500-0005FF              100
        BANK6            000600-0006FF              100
        BANK7            000700-0007FF              100
        BANK8            000800-0008FF              100
        BANK9            000900-0009FF              100
        BIGRAM           0000B4-0000FF               4C
                         000200-000F37              D38
        CODE             000004-00DD83             DD80
        CONST            000004-00DD83             DD80
        EEDATA           F00000-F003FF              400
        MEDIUMCONST      001000-00DD83             CD84
        RAM              0000B4-0000FF               4C
                         000200-000F37              100
        SFR              000F38-000FFF               28
        SMALLCONST       001000-00DD83              100
        STACK            000200-000F37              D38

                                  Symbol Table

?___awdiv                               cstackCOMRAM 000001
?___fladd                               cstackCOMRAM 000001
?___fldiv                               cstackCOMRAM 00002A
?___flmul                               cstackCOMRAM 000011
?___fltol                               cstackCOMRAM 000043
?___xxtofl                              cstackCOMRAM 000001
GetMode@masked_reg                      cstackCOMRAM 000011
GetMode@reg                             cstackCOMRAM 000012
PrintSXRegContent@RegValue              cstackCOMRAM 00000F
PrintSXRegContent@address               cstackCOMRAM 000010
ReadSXRegister@RegValue                 cstackCOMRAM 000004
ReadSXRegister@address                  cstackCOMRAM 000005
SPIReceive@data_in                      cstackCOMRAM 000003
SPIReceive@data_out                     cstackCOMRAM 000002
SPITransfer@data_out                    cstackCOMRAM 000002
UARTInit@baudRate                       cstackCOMRAM 000001
UARTWriteByte@data                      cstackCOMRAM 000001
UARTWriteByteHex@data                   cstackCOMRAM 00000E
UARTWriteByteHex@hexa                   cstackCOMRAM 00000C
UARTWriteStr@i                          cstackCOMRAM 000006
UARTWriteStr@string                     cstackCOMRAM 000002
UARTWriteStrLn@i                        cstackCOMRAM 000006
UARTWriteStrLn@string                   cstackCOMRAM 000002
WriteSXRegister@address                 cstackCOMRAM 000007
WriteSXRegister@data                    cstackCOMRAM 000006
_ADCON0                                 (abs)        000FC2
_ADCON0bits                             (abs)        000FC2
_ADCON1                                 (abs)        000FC1
_ADCON1bits                             (abs)        000FC1
_ADCON2                                 (abs)        000FC0
_ADCON2bits                             (abs)        000FC0
_ADC_result                             bssBANK0     0000A6
_ADRESH                                 (abs)        000FC4
_ADRESL                                 (abs)        000FC3
_ANSELAbits                             (abs)        000F38
_ANSELC                                 (abs)        000F3A
_ANSELCbits                             (abs)        000F3A
_ANSELD                                 (abs)        000F3B
_ANSELDbits                             (abs)        000F3B
_ANSELE                                 (abs)        000F3C
_AntennaTX                              text31       00DE1E
_BAUDCON1bits                           (abs)        000FB8
_CCP5CONbits                            (abs)        000F54
_CheckConfiguration                     text22       00E820
_GetMode                                text20       00E514
_INTCON                                 (abs)        000FF2
_INTCONbits                             (abs)        000FF2
_InitModule                             text18       00E31C
_InitRFLoRaPins                         text17       00DD8E
_LATBbits                               (abs)        000F8A
_LATEbits                               (abs)        000F8D
_OSCCON                                 (abs)        000FD3
_OSCCONbits                             (abs)        000FD3
_PEIE                                   (abs)        007F96
_PIE1bits                               (abs)        000F9D
_PIR1bits                               (abs)        000F9E
_PIR2bits                               (abs)        000FA1
_PIR3bits                               (abs)        000FA4
_PrintSXRegContent                      text25       00DF16
_RCIE                                   (abs)        007CED
_RCIF                                   (abs)        007CF5
_RCREG1                                 (abs)        000FAE
_RCSTA1                                 (abs)        000FAB
_RCSTA1bits                             (abs)        000FAB
_ReadSXRegister                         text21       00DEB8
_ResetRFModule                          text16       00DF38
_SPBRG1                                 (abs)        000FAF
_SPBRGH1                                (abs)        000FB0
_SPIInit                                text15       00E02E
_SPIReceive                             text30       00DED6
_SPITransfer                            text29       00DE68
_SSP1ADD                                (abs)        000FC8
_SSP1BUF                                (abs)        000FC9
_SSP1CON1bits                           (abs)        000FC6
_SSP1CON2                               (abs)        000FC5
_SSP1CON2bits                           (abs)        000FC5
_SSP1STATbits                           (abs)        000FC7
_SSP2BUF                                (abs)        000F6F
_SSP2CON1                               (abs)        000F6C
_SSP2STATbits                           (abs)        000F6D
_T0CON                                  (abs)        000FD5
_TRISA                                  (abs)        000F92
_TRISAbits                              (abs)        000F92
_TRISB                                  (abs)        000F93
_TRISBbits                              (abs)        000F93
_TRISC                                  (abs)        000F94
_TRISCbits                              (abs)        000F94
_TRISDbits                              (abs)        000F95
_TRISEbits                              (abs)        000F96
_TXREG1                                 (abs)        000FAD
_TXSTA1                                 (abs)        000FAC
_TXSTA1bits                             (abs)        000FAC
_UARTInit                               text14       00DFBC
_UARTWriteByte                          text28       00DDDC
_UARTWriteByteHex                       text26       00E172
_UARTWriteStr                           text24       00E070
_UARTWriteStrLn                         text23       00E116
_VREFCON0bits                           (abs)        000F42
_WriteSXRegister                        text19       00DE82
__CFG_BOREN$SBORDIS                     (abs)        000000
__CFG_BORV$190                          (abs)        000000
__CFG_CCP2MX$PORTC1                     (abs)        000000
__CFG_CCP3MX$PORTB5                     (abs)        000000
__CFG_CP0$OFF                           (abs)        000000
__CFG_CP1$OFF                           (abs)        000000
__CFG_CPB$OFF                           (abs)        000000
__CFG_CPD$OFF                           (abs)        000000
__CFG_EBTR0$OFF                         (abs)        000000
__CFG_EBTR1$OFF                         (abs)        000000
__CFG_EBTRB$OFF                         (abs)        000000
__CFG_FCMEN$OFF                         (abs)        000000
__CFG_FOSC$INTIO7                       (abs)        000000
__CFG_HFOFST$ON                         (abs)        000000
__CFG_IESO$OFF                          (abs)        000000
__CFG_LVP$OFF                           (abs)        000000
__CFG_MCLRE$EXTMCLR                     (abs)        000000
__CFG_P2BMX$PORTD2                      (abs)        000000
__CFG_PBADEN$OFF                        (abs)        000000
__CFG_PLLCFG$OFF                        (abs)        000000
__CFG_PRICLKEN$ON                       (abs)        000000
__CFG_PWRTEN$ON                         (abs)        000000
__CFG_STVREN$ON                         (abs)        000000
__CFG_T3CMX$PORTC0                      (abs)        000000
__CFG_WDTEN$OFF                         (abs)        000000
__CFG_WDTPS$32768                       (abs)        000000
__CFG_WRT0$OFF                          (abs)        000000
__CFG_WRT1$OFF                          (abs)        000000
__CFG_WRTB$OFF                          (abs)        000000
__CFG_WRTC$OFF                          (abs)        000000
__CFG_WRTD$OFF                          (abs)        000000
__CFG_XINST$OFF                         (abs)        000000
__HRAM                                  (abs)        000000
__Habs1                                 abs1         000000
__Hbank0                                bank0        000000
__Hbank1                                bank1        000000
__Hbank10                               bank10       000000
__Hbank11                               bank11       000000
__Hbank12                               bank12       000000
__Hbank13                               bank13       000000
__Hbank14                               bank14       000000
__Hbank15                               bank15       000000
__Hbank2                                bank2        000000
__Hbank3                                bank3        000000
__Hbank4                                bank4        000000
__Hbank5                                bank5        000000
__Hbank6                                bank6        000000
__Hbank7                                bank7        000000
__Hbank8                                bank8        000000
__Hbank9                                bank9        000000
__Hbigbss                               bigbss       000000
__Hbigdata                              bigdata      000000
__Hbigram                               bigram       000000
__Hbss                                  bss          000000
__HbssBANK0                             bssBANK0     000000
__HbssBANK1                             bssBANK1     000000
__HbssCOMRAM                            bssCOMRAM    000000
__Hcinit                                cinit        000000
__Hclrtext                              clrtext      000000
__Hcomram                               comram       000000
__Hconfig                               config       30000E
__Hconst                                const        000000
__HcstackCOMRAM                         cstackCOMRAM 000000
__Hdata                                 data         000000
__HdataBANK0                            dataBANK0    000000
__Heeprom_data                          eeprom_data  000000
__Hfarbss                               farbss       000000
__Hfardata                              fardata      000000
__Hibigdata                             ibigdata     000000
__Hidata                                idata        000000
__HidataBANK0                           idataBANK0   000000
__Hidloc                                idloc        200008
__Hifardata                             ifardata     000000
__Hinit                                 init         000004
__Hintcode                              intcode      000000
__Hintcode_body                         intcode_body 000000
__Hintcodelo                            intcodelo    000000
__Hintentry                             intentry     000000
__Hintret                               intret       000000
__Hintsave_regs                         intsave_regs 000000
__Hirdata                               irdata       000000
__Hmediumconst                          mediumconst  010000
__HnvFARRAM                             nvFARRAM     000000
__Hnvbit                                nvbit        000000
__Hnvrram                               nvrram       000000
__Hparam                                rparam       000000
__Hpowerup                              powerup      000000
__Hram                                  ram          000000
__Hramtop                               ramtop       001000
__Hrbit                                 rbit         000000
__Hrbss                                 rbss         000000
__Hrdata                                rdata        000000
__Hreset_vec                            reset_vec    000000
__Hrparam                               rparam       000000
__Hsfr                                  sfr          000000
__Hsmallconst                           smallconst   000000
__Hspace_0                              (abs)        30000E
__Hspace_1                              (abs)        000200
__Hspace_2                              (abs)        000000
__Hstack                                stack        000000
__Hstruct                               struct       000000
__Htemp                                 temp         000000
__Htext                                 text         000000
__Htext0                                text0        000000
__Htext1                                text1        000000
__Htext10                               text10       000000
__Htext11                               text11       000000
__Htext12                               text12       000000
__Htext13                               text13       000000
__Htext14                               text14       000000
__Htext15                               text15       000000
__Htext16                               text16       000000
__Htext17                               text17       000000
__Htext18                               text18       000000
__Htext19                               text19       000000
__Htext2                                text2        000000
__Htext20                               text20       000000
__Htext21                               text21       000000
__Htext22                               text22       000000
__Htext23                               text23       000000
__Htext24                               text24       000000
__Htext25                               text25       000000
__Htext26                               text26       000000
__Htext27                               text27       000000
__Htext28                               text28       000000
__Htext29                               text29       000000
__Htext3                                text3        000000
__Htext30                               text30       000000
__Htext31                               text31       000000
__Htext32                               text32       000000
__Htext33                               text33       000000
__Htext34                               text34       000000
__Htext35                               text35       000000
__Htext36                               text36       000000
__Htext37                               text37       000000
__Htext38                               text38       000000
__Htext4                                text4        000000
__Htext5                                text5        000000
__Htext6                                text6        000000
__Htext7                                text7        000000
__Htext8                                text8        000000
__Htext9                                text9        000000
__LRAM                                  (abs)        000001
__Labs1                                 abs1         000000
__Lbank0                                bank0        000000
__Lbank1                                bank1        000000
__Lbank10                               bank10       000000
__Lbank11                               bank11       000000
__Lbank12                               bank12       000000
__Lbank13                               bank13       000000
__Lbank14                               bank14       000000
__Lbank15                               bank15       000000
__Lbank2                                bank2        000000
__Lbank3                                bank3        000000
__Lbank4                                bank4        000000
__Lbank5                                bank5        000000
__Lbank6                                bank6        000000
__Lbank7                                bank7        000000
__Lbank8                                bank8        000000
__Lbank9                                bank9        000000
__Lbigbss                               bigbss       000000
__Lbigdata                              bigdata      000000
__Lbigram                               bigram       000000
__Lbss                                  bss          000000
__LbssBANK0                             bssBANK0     000000
__LbssBANK1                             bssBANK1     000000
__LbssCOMRAM                            bssCOMRAM    000000
__Lcinit                                cinit        000000
__Lclrtext                              clrtext      000000
__Lcomram                               comram       000000
__Lconfig                               config       300000
__Lconst                                const        000000
__LcstackCOMRAM                         cstackCOMRAM 000000
__Ldata                                 data         000000
__LdataBANK0                            dataBANK0    000000
__Leeprom_data                          eeprom_data  000000
__Lfarbss                               farbss       000000
__Lfardata                              fardata      000000
__Libigdata                             ibigdata     000000
__Lidata                                idata        000000
__LidataBANK0                           idataBANK0   000000
__Lidloc                                idloc        200000
__Lifardata                             ifardata     000000
__Linit                                 init         000000
__Lintcode                              intcode      000000
__Lintcode_body                         intcode_body 000000
__Lintcodelo                            intcodelo    000000
__Lintentry                             intentry     000000
__Lintret                               intret       000000
__Lintsave_regs                         intsave_regs 000000
__Lirdata                               irdata       000000
__Lmediumconst                          mediumconst  00FC42
__LnvFARRAM                             nvFARRAM     000000
__Lnvbit                                nvbit        000000
__Lnvrram                               nvrram       000000
__Lparam                                rparam       000000
__Lpowerup                              powerup      000000
__Lram                                  ram          000000
__Lramtop                               ramtop       001000
__Lrbit                                 rbit         000000
__Lrbss                                 rbss         000000
__Lrdata                                rdata        000000
__Lreset_vec                            reset_vec    000000
__Lrparam                               rparam       000000
__Lsfr                                  sfr          000000
__Lsmallconst                           smallconst   000000
__Lspace_0                              (abs)        000000
__Lspace_1                              (abs)        000000
__Lspace_2                              (abs)        000000
__Lstack                                stack        000000
__Lstruct                               struct       000000
__Ltemp                                 temp         000000
__Ltext                                 text         000000
__Ltext0                                text0        000000
__Ltext1                                text1        000000
__Ltext10                               text10       000000
__Ltext11                               text11       000000
__Ltext12                               text12       000000
__Ltext13                               text13       000000
__Ltext14                               text14       000000
__Ltext15                               text15       000000
__Ltext16                               text16       000000
__Ltext17                               text17       000000
__Ltext18                               text18       000000
__Ltext19                               text19       000000
__Ltext2                                text2        000000
__Ltext20                               text20       000000
__Ltext21                               text21       000000
__Ltext22                               text22       000000
__Ltext23                               text23       000000
__Ltext24                               text24       000000
__Ltext25                               text25       000000
__Ltext26                               text26       000000
__Ltext27                               text27       000000
__Ltext28                               text28       000000
__Ltext29                               text29       000000
__Ltext3                                text3        000000
__Ltext30                               text30       000000
__Ltext31                               text31       000000
__Ltext32                               text32       000000
__Ltext33                               text33       000000
__Ltext34                               text34       000000
__Ltext35                               text35       000000
__Ltext36                               text36       000000
__Ltext37                               text37       000000
__Ltext38                               text38       000000
__Ltext4                                text4        000000
__Ltext5                                text5        000000
__Ltext6                                text6        000000
__Ltext7                                text7        000000
__Ltext8                                text8        000000
__Ltext9                                text9        000000
__S0                                    (abs)        30000E
__S1                                    (abs)        000200
__S2                                    (abs)        000000
___awdiv                                text27       00E258
___awdiv@counter                        cstackCOMRAM 000005
___awdiv@dividend                       cstackCOMRAM 000001
___awdiv@divisor                        cstackCOMRAM 000003
___awdiv@quotient                       cstackCOMRAM 000007
___awdiv@sign                           cstackCOMRAM 000006
___fladd                                text12       00F782
___fladd@a                              cstackCOMRAM 000005
___fladd@aexp                           cstackCOMRAM 00000E
___fladd@b                              cstackCOMRAM 000001
___fladd@bexp                           cstackCOMRAM 00000F
___fladd@grs                            cstackCOMRAM 000010
___fladd@signs                          cstackCOMRAM 00000D
___fldiv                                text11       00EBB0
___fldiv@a                              cstackCOMRAM 00002E
___fldiv@aexp                           cstackCOMRAM 000042
___fldiv@b                              cstackCOMRAM 00002A
___fldiv@bexp                           cstackCOMRAM 000041
___fldiv@grs                            cstackCOMRAM 00003D
___fldiv@new_exp                        cstackCOMRAM 00003B
___fldiv@rem                            cstackCOMRAM 000036
___fldiv@sign                           cstackCOMRAM 00003A
___flmul                                text10       00F358
___flmul@a                              cstackCOMRAM 000015
___flmul@aexp                           cstackCOMRAM 000022
___flmul@b                              cstackCOMRAM 000011
___flmul@bexp                           cstackCOMRAM 000023
___flmul@grs                            cstackCOMRAM 00001E
___flmul@prod                           cstackCOMRAM 000024
___flmul@sign                           cstackCOMRAM 00001D
___flmul@temp                           cstackCOMRAM 000028
___fltol                                text38       00E40E
___fltol@exp1                           cstackCOMRAM 00004C
___fltol@f1                             cstackCOMRAM 000043
___fltol@sign1                          cstackCOMRAM 00004B
___inthi_sp                             stack        000000
___intlo_sp                             stack        000000
___param_bank                           (abs)        000000
___rparam_used                          (abs)        000001
___sp                                   stack        000000
___xxtofl                               text9        00E66C
___xxtofl@arg                           cstackCOMRAM 00000B
___xxtofl@exp                           cstackCOMRAM 00000A
___xxtofl@sign                          cstackCOMRAM 000009
___xxtofl@val                           cstackCOMRAM 000001
__accesstop                             (abs)        000060
__activetblptr                          (abs)        000002
__end_of_AntennaTX                      text31       00DE36
__end_of_CheckConfiguration             text22       00E9D8
__end_of_GetMode                        text20       00E66C
__end_of_InitModule                     text18       00E40E
__end_of_InitRFLoRaPins                 text17       00DD98
__end_of_PrintSXRegContent              text25       00DF38
__end_of_ReadSXRegister                 text21       00DED6
__end_of_ResetRFModule                  text16       00DF5C
__end_of_SPIInit                        text15       00E070
__end_of_SPIReceive                     text30       00DEF6
__end_of_SPITransfer                    text29       00DE82
__end_of_UARTInit                       text14       00DFF2
__end_of_UARTWriteByte                  text28       00DDF2
__end_of_UARTWriteByteHex               text26       00E1E0
__end_of_UARTWriteStr                   text24       00E0C0
__end_of_UARTWriteStrLn                 text23       00E172
__end_of_WriteSXRegister                text19       00DE9C
__end_of___awdiv                        text27       00E31C
__end_of___fladd                        text12       00FC42
__end_of___fldiv                        text11       00EF4A
__end_of___flmul                        text10       00F782
__end_of___fltol                        text38       00E514
__end_of___xxtofl                       text9        00E820
__end_of__initialization                cinit        00E10C
__end_of_i2c_ACK                        text8        00DE08
__end_of_i2c_NAK                        text7        00DE1E
__end_of_i2c_init                       text37       00DFBC
__end_of_i2c_read                       text5        00DF16
__end_of_i2c_start                      text4        00DDDC
__end_of_i2c_stop                       text3        00DE4E
__end_of_i2c_waitForIdle                text6        00DF88
__end_of_i2c_write                      text2        00DEB8
__end_of_init_F46K22_ADC                text36       00E02E
__end_of_init_F46K22_AN                 text35       00DE68
__end_of_init_F46K22_CLK                text34       00DDC8
__end_of_init_F46K22_IO                 text33       00DDB4
__end_of_init_F46K22_TMR                text32       00DD8E
__end_of_init_LORA_communication        text13       00E258
__end_of_main                           text0        00F358
__end_of_measure_humidity_temp_HIH6021  text1        00EBB0
__initialization                        cinit        00E0C0
__mediumconst                           mediumconst  00FC42
__pbssBANK0                             bssBANK0     000060
__pbssBANK1                             bssBANK1     000100
__pbssCOMRAM                            bssCOMRAM    000057
__pcinit                                cinit        00E0C0
__pcstackCOMRAM                         cstackCOMRAM 000001
__pdataBANK0                            dataBANK0    0000A8
__pidataBANK0                           idataBANK0   00DD98
__pmediumconst                          mediumconst  00FC42
__ptext0                                text0        00EF4A
__ptext1                                text1        00E9D8
__ptext10                               text10       00F358
__ptext11                               text11       00EBB0
__ptext12                               text12       00F782
__ptext13                               text13       00E1E0
__ptext14                               text14       00DFBC
__ptext15                               text15       00E02E
__ptext16                               text16       00DF38
__ptext17                               text17       00DD8E
__ptext18                               text18       00E31C
__ptext19                               text19       00DE82
__ptext2                                text2        00DE9C
__ptext20                               text20       00E514
__ptext21                               text21       00DEB8
__ptext22                               text22       00E820
__ptext23                               text23       00E116
__ptext24                               text24       00E070
__ptext25                               text25       00DF16
__ptext26                               text26       00E172
__ptext27                               text27       00E258
__ptext28                               text28       00DDDC
__ptext29                               text29       00DE68
__ptext3                                text3        00DE36
__ptext30                               text30       00DED6
__ptext31                               text31       00DE1E
__ptext32                               text32       00DD84
__ptext33                               text33       00DDA4
__ptext34                               text34       00DDB4
__ptext35                               text35       00DE4E
__ptext36                               text36       00DFF2
__ptext37                               text37       00DF88
__ptext38                               text38       00E40E
__ptext4                                text4        00DDC8
__ptext5                                text5        00DEF6
__ptext6                                text6        00DF5C
__ptext7                                text7        00DE08
__ptext8                                text8        00DDF2
__ptext9                                text9        00E66C
__ramtop                                ramtop       001000
__size_of_AntennaTX                     (abs)        000000
__size_of_CheckConfiguration            (abs)        000000
__size_of_GetMode                       (abs)        000000
__size_of_InitModule                    (abs)        000000
__size_of_InitRFLoRaPins                (abs)        000000
__size_of_PrintSXRegContent             (abs)        000000
__size_of_ReadSXRegister                (abs)        000000
__size_of_ResetRFModule                 (abs)        000000
__size_of_SPIInit                       (abs)        000000
__size_of_SPIReceive                    (abs)        000000
__size_of_SPITransfer                   (abs)        000000
__size_of_UARTInit                      (abs)        000000
__size_of_UARTWriteByte                 (abs)        000000
__size_of_UARTWriteByteHex              (abs)        000000
__size_of_UARTWriteStr                  (abs)        000000
__size_of_UARTWriteStrLn                (abs)        000000
__size_of_WriteSXRegister               (abs)        000000
__size_of___awdiv                       (abs)        000000
__size_of___fladd                       (abs)        000000
__size_of___fldiv                       (abs)        000000
__size_of___flmul                       (abs)        000000
__size_of___fltol                       (abs)        000000
__size_of___xxtofl                      (abs)        000000
__size_of_i2c_ACK                       (abs)        000000
__size_of_i2c_NAK                       (abs)        000000
__size_of_i2c_init                      (abs)        000000
__size_of_i2c_read                      (abs)        000000
__size_of_i2c_start                     (abs)        000000
__size_of_i2c_stop                      (abs)        000000
__size_of_i2c_waitForIdle               (abs)        000000
__size_of_i2c_write                     (abs)        000000
__size_of_init_F46K22_ADC               (abs)        000000
__size_of_init_F46K22_AN                (abs)        000000
__size_of_init_F46K22_CLK               (abs)        000000
__size_of_init_F46K22_IO                (abs)        000000
__size_of_init_F46K22_TMR               (abs)        000000
__size_of_init_LORA_communication       (abs)        000000
__size_of_main                          (abs)        000000
__size_of_measure_humidity_temp_HIH6021 (abs)        000000
__smallconst                            smallconst   000000
_accu_v                                 bssBANK0     00009C
_accu_v2                                bssBANK0     00009A
_bat_voltage0                           bssBANK0     0000A4
_bat_voltage1                           bssBANK0     0000A5
_bat_voltage_decim_part                 bssBANK0     0000A2
_bat_voltage_unit                       bssBANK0     0000A3
_battery_voltage                        dataBANK0    0000A8
_battery_voltage_int                    dataBANK0    0000B0
_header0                                bssCOMRAM    00005E
_header1                                bssCOMRAM    00005F
_humidity                               bssBANK0     000088
_humidity2                              bssBANK0     000084
_humidity3                              bssBANK0     000080
_humidityHL                             bssBANK0     000090
_humidity_HIH6021_H                     bssCOMRAM    00005C
_humidity_HIH6021_L                     bssCOMRAM    00005B
_i                                      bssCOMRAM    000057
_i2c_ACK                                text8        00DDF2
_i2c_NAK                                text7        00DE08
_i2c_init                               text37       00DF88
_i2c_read                               text5        00DEF6
_i2c_start                              text4        00DDC8
_i2c_stop                               text3        00DE36
_i2c_waitForIdle                        text6        00DF5C
_i2c_write                              text2        00DE9C
_idN                                    dataBANK0    0000AE
_idR                                    dataBANK0    0000AF
_idT                                    bssBANK0     00009E
_id_node                                dataBANK0    0000B3
_id_reseau                              dataBANK0    0000B1
_id_trame                               dataBANK0    0000B2
_init_F46K22_ADC                        text36       00DFF2
_init_F46K22_AN                         text35       00DE4E
_init_F46K22_CLK                        text34       00DDB4
_init_F46K22_IO                         text33       00DDA4
_init_F46K22_TMR                        text32       00DD84
_init_LORA_communication                text13       00E1E0
_main                                   text0        00EF4A
_measure_humidity_temp_HIH6021          text1        00E9D8
_panel_voltage0                         bssBANK0     0000A0
_panel_voltage1                         bssBANK0     0000A1
_reg_val                                bssCOMRAM    00005D
_send_data                              bssBANK0     00009F
_temp_AT                                bssBANK0     000096
_temperature                            bssBANK0     00007C
_temperature2                           bssBANK0     000078
_temperature3                           bssBANK0     000074
_temperature4                           bssBANK0     000070
_temperatureHL                          bssBANK0     000092
_temperature_HIH6021_H                  bssCOMRAM    00005A
_temperature_HIH6021_L                  bssCOMRAM    000059
_timer_tick                             bssBANK0     000094
_txBuffer                               bssBANK1     000100
_txMsg                                  bssBANK0     000066
_txPremiereTrame                        bssBANK0     000060
_var1                                   dataBANK0    0000AD
_var2                                   dataBANK0    0000AC
_volts                                  bssBANK0     00008C
_volts_cV                               bssBANK0     000098
_volts_divider                          bssBANK0     00006C
end_of_initialization                   cinit        00E10C
i2c_read@i2cReadData                    cstackCOMRAM 000002
i2c_write@i2cWriteData                  cstackCOMRAM 000002
init_LORA_communication@baud_rate       cstackCOMRAM 000013
intlevel0                               text         000000
intlevel1                               text         000000
intlevel2                               text         000000
intlevel3                               text         000000
main@b_humidity                         cstackCOMRAM 000056
main@b_temperature                      cstackCOMRAM 000055
stackhi                                 (abs)        000F37
stacklo                                 (abs)        000200
start                                   init         000000
start_initialization                    cinit        00E0C0


FUNCTION INFORMATION:

 *************** function _main *****************
 Defined at:
		line 173 in file "test_i2c.c"
 Parameters:    Size  Location     Type
  argc            2   76[COMRAM] int 
  argv            3   78[COMRAM] PTR PTR unsigned char 
 Auto vars:     Size  Location     Type
  b_humidity      1   85[COMRAM] unsigned char 
  b_temperatur    1   84[COMRAM] unsigned char 
  b_battery_vo    1    0        unsigned char 
 Return value:  Size  Location     Type
                  2   76[COMRAM] int 
 Registers used:
		wreg, fsr2l, fsr2h, status,2, status,0, tblptrl, tblptrh, tblptru, prodl, prodh, cstack
 Tracked objects:
		On entry : 
		On exit  : 
		Unchanged: 
 Data sizes:     COMRAM   BANK0   BANK1   BANK2   BANK3   BANK4   BANK5   BANK6   BANK7   BANK8   BANK9  BANK10  BANK11  BANK12  BANK13  BANK14  BANK15
      Params:         5       0       0       0       0       0       0       0       0       0       0       0       0       0       0       0       0
      Locals:         3       0       0       0       0       0       0       0       0       0       0       0       0       0       0       0       0
      Temps:          2       0       0       0       0       0       0       0       0       0       0       0       0       0       0       0       0
      Totals:        10       0       0       0       0       0       0       0       0       0       0       0       0       0       0       0       0
Total ram usage:       10 bytes
 Hardware stack levels required when called:    5
 This function calls:
		_GetMode
		_ReadSXRegister
		_UARTWriteByteHex
		_UARTWriteStr
		_UARTWriteStrLn
		_WriteSXRegister
		___fladd
		___fldiv
		___flmul
		___fltol
		_i2c_init
		_init_F46K22_ADC
		_init_F46K22_AN
		_init_F46K22_CLK
		_init_F46K22_IO
		_init_F46K22_TMR
		_init_LORA_communication
		_measure_humidity_temp_HIH6021
 This function is called by:
		Startup code after reset
 This function uses a non-reentrant model


 *************** function _measure_humidity_temp_HIH6021 *****************
 Defined at:
		line 404 in file "test_i2c.c"
 Parameters:    Size  Location     Type
		None
 Auto vars:     Size  Location     Type
		None
 Return value:  Size  Location     Type
                  1    wreg      void 
 Registers used:
		wreg, status,2, status,0, prodl, prodh, cstack
 Tracked objects:
		On entry : 
		On exit  : 
		Unchanged: 
 Data sizes:     COMRAM   BANK0   BANK1   BANK2   BANK3   BANK4   BANK5   BANK6   BANK7   BANK8   BANK9  BANK10  BANK11  BANK12  BANK13  BANK14  BANK15
      Params:         0       0       0       0       0       0       0       0       0       0       0       0       0       0       0       0       0
      Locals:         0       0       0       0       0       0       0       0       0       0       0       0       0       0       0       0       0
      Temps:          3       0       0       0       0       0       0       0       0       0       0       0       0       0       0       0       0
      Totals:         3       0       0       0       0       0       0       0       0       0       0       0       0       0       0       0       0
Total ram usage:        3 bytes
 Hardware stack levels used:    1
 Hardware stack levels required when called:    2
 This function calls:
		___fladd
		___fldiv
		___flmul
		___xxtofl
		_i2c_ACK
		_i2c_NAK
		_i2c_read
		_i2c_start
		_i2c_stop
		_i2c_write
 This function is called by:
		_main
 This function uses a non-reentrant model


 *************** function _i2c_write *****************
 Defined at:
		line 177 in file "i2c.c"
 Parameters:    Size  Location     Type
  i2cWriteData    1    wreg     unsigned char 
 Auto vars:     Size  Location     Type
  i2cWriteData    1    1[COMRAM] unsigned char 
 Return value:  Size  Location     Type
                  1    wreg      void 
 Registers used:
		wreg, status,2, status,0, cstack
 Tracked objects:
		On entry : 
		On exit  : 
		Unchanged: 
 Data sizes:     COMRAM   BANK0   BANK1   BANK2   BANK3   BANK4   BANK5   BANK6   BANK7   BANK8   BANK9  BANK10  BANK11  BANK12  BANK13  BANK14  BANK15
      Params:         0       0       0       0       0       0       0       0       0       0       0       0       0       0       0       0       0
      Locals:         1       0       0       0       0       0       0       0       0       0       0       0       0       0       0       0       0
      Temps:          0       0       0       0       0       0       0       0       0       0       0       0       0       0       0       0       0
      Totals:         1       0       0       0       0       0       0       0       0       0       0       0       0       0       0       0       0
Total ram usage:        1 bytes
 Hardware stack levels used:    1
 Hardware stack levels required when called:    1
 This function calls:
		_i2c_waitForIdle
 This function is called by:
		_measure_humidity_temp_HIH6021
 This function uses a non-reentrant model


 *************** function _i2c_stop *****************
 Defined at:
		line 111 in file "i2c.c"
 Parameters:    Size  Location     Type
		None
 Auto vars:     Size  Location     Type
		None
 Return value:  Size  Location     Type
                  1    wreg      void 
 Registers used:
		wreg, status,2, status,0, cstack
 Tracked objects:
		On entry : 
		On exit  : 
		Unchanged: 
 Data sizes:     COMRAM   BANK0   BANK1   BANK2   BANK3   BANK4   BANK5   BANK6   BANK7   BANK8   BANK9  BANK10  BANK11  BANK12  BANK13  BANK14  BANK15
      Params:         0       0       0       0       0       0       0       0       0       0       0       0       0       0       0       0       0
      Locals:         0       0       0       0       0       0       0       0       0       0       0       0       0       0       0       0       0
      Temps:          0       0       0       0       0       0       0       0       0       0       0       0       0       0       0       0       0
      Totals:         0       0       0       0       0       0       0       0       0       0       0       0       0       0       0       0       0
Total ram usage:        0 bytes
 Hardware stack levels used:    1
 Hardware stack levels required when called:    1
 This function calls:
		_i2c_waitForIdle
 This function is called by:
		_measure_humidity_temp_HIH6021
 This function uses a non-reentrant model


 *************** function _i2c_start *****************
 Defined at:
		line 84 in file "i2c.c"
 Parameters:    Size  Location     Type
		None
 Auto vars:     Size  Location     Type
		None
 Return value:  Size  Location     Type
                  1    wreg      void 
 Registers used:
		None
 Tracked objects:
		On entry : 
		On exit  : 
		Unchanged: 
 Data sizes:     COMRAM   BANK0   BANK1   BANK2   BANK3   BANK4   BANK5   BANK6   BANK7   BANK8   BANK9  BANK10  BANK11  BANK12  BANK13  BANK14  BANK15
      Params:         0       0       0       0       0       0       0       0       0       0       0       0       0       0       0       0       0
      Locals:         0       0       0       0       0       0       0       0       0       0       0       0       0       0       0       0       0
      Temps:          0       0       0       0       0       0       0       0       0       0       0       0       0       0       0       0       0
      Totals:         0       0       0       0       0       0       0       0       0       0       0       0       0       0       0       0       0
Total ram usage:        0 bytes
 Hardware stack levels used:    1
 This function calls:
		Nothing
 This function is called by:
		_measure_humidity_temp_HIH6021
 This function uses a non-reentrant model


 *************** function _i2c_read *****************
 Defined at:
		line 155 in file "i2c.c"
 Parameters:    Size  Location     Type
		None
 Auto vars:     Size  Location     Type
  i2cReadData     1    1[COMRAM] unsigned char 
 Return value:  Size  Location     Type
                  1    wreg      unsigned char 
 Registers used:
		wreg, status,2, status,0, cstack
 Tracked objects:
		On entry : 
		On exit  : 
		Unchanged: 
 Data sizes:     COMRAM   BANK0   BANK1   BANK2   BANK3   BANK4   BANK5   BANK6   BANK7   BANK8   BANK9  BANK10  BANK11  BANK12  BANK13  BANK14  BANK15
      Params:         0       0       0       0       0       0       0       0       0       0       0       0       0       0       0       0       0
      Locals:         1       0       0       0       0       0       0       0       0       0       0       0       0       0       0       0       0
      Temps:          0       0       0       0       0       0       0       0       0       0       0       0       0       0       0       0       0
      Totals:         1       0       0       0       0       0       0       0       0       0       0       0       0       0       0       0       0
Total ram usage:        1 bytes
 Hardware stack levels used:    1
 Hardware stack levels required when called:    1
 This function calls:
		_i2c_waitForIdle
 This function is called by:
		_measure_humidity_temp_HIH6021
 This function uses a non-reentrant model


 *************** function _i2c_waitForIdle *****************
 Defined at:
		line 71 in file "i2c.c"
 Parameters:    Size  Location     Type
		None
 Auto vars:     Size  Location     Type
		None
 Return value:  Size  Location     Type
                  1    wreg      void 
 Registers used:
		wreg, status,2, status,0
 Tracked objects:
		On entry : 
		On exit  : 
		Unchanged: 
 Data sizes:     COMRAM   BANK0   BANK1   BANK2   BANK3   BANK4   BANK5   BANK6   BANK7   BANK8   BANK9  BANK10  BANK11  BANK12  BANK13  BANK14  BANK15
      Params:         0       0       0       0       0       0       0       0       0       0       0       0       0       0       0       0       0
      Locals:         0       0       0       0       0       0       0       0       0       0       0       0       0       0       0       0       0
      Temps:          1       0       0       0       0       0       0       0       0       0       0       0       0       0       0       0       0
      Totals:         1       0       0       0       0       0       0       0       0       0       0       0       0       0       0       0       0
Total ram usage:        1 bytes
 Hardware stack levels used:    1
 This function calls:
		Nothing
 This function is called by:
		_i2c_stop
		_i2c_read
		_i2c_write
		_i2c_repStart
 This function uses a non-reentrant model


 *************** function _i2c_NAK *****************
 Defined at:
		line 139 in file "i2c.c"
 Parameters:    Size  Location     Type
		None
 Auto vars:     Size  Location     Type
		None
 Return value:  Size  Location     Type
                  1    wreg      void 
 Registers used:
		None
 Tracked objects:
		On entry : 
		On exit  : 
		Unchanged: 
 Data sizes:     COMRAM   BANK0   BANK1   BANK2   BANK3   BANK4   BANK5   BANK6   BANK7   BANK8   BANK9  BANK10  BANK11  BANK12  BANK13  BANK14  BANK15
      Params:         0       0       0       0       0       0       0       0       0       0       0       0       0       0       0       0       0
      Locals:         0       0       0       0       0       0       0       0       0       0       0       0       0       0       0       0       0
      Temps:          0       0       0       0       0       0       0       0       0       0       0       0       0       0       0       0       0
      Totals:         0       0       0       0       0       0       0       0       0       0       0       0       0       0       0       0       0
Total ram usage:        0 bytes
 Hardware stack levels used:    1
 This function calls:
		Nothing
 This function is called by:
		_measure_humidity_temp_HIH6021
 This function uses a non-reentrant model


 *************** function _i2c_ACK *****************
 Defined at:
		line 125 in file "i2c.c"
 Parameters:    Size  Location     Type
		None
 Auto vars:     Size  Location     Type
		None
 Return value:  Size  Location     Type
                  1    wreg      void 
 Registers used:
		None
 Tracked objects:
		On entry : 
		On exit  : 
		Unchanged: 
 Data sizes:     COMRAM   BANK0   BANK1   BANK2   BANK3   BANK4   BANK5   BANK6   BANK7   BANK8   BANK9  BANK10  BANK11  BANK12  BANK13  BANK14  BANK15
      Params:         0       0       0       0       0       0       0       0       0       0       0       0       0       0       0       0       0
      Locals:         0       0       0       0       0       0       0       0       0       0       0       0       0       0       0       0       0
      Temps:          0       0       0       0       0       0       0       0       0       0       0       0       0       0       0       0       0
      Totals:         0       0       0       0       0       0       0       0       0       0       0       0       0       0       0       0       0
Total ram usage:        0 bytes
 Hardware stack levels used:    1
 This function calls:
		Nothing
 This function is called by:
		_measure_humidity_temp_HIH6021
 This function uses a non-reentrant model


 *************** function ___xxtofl *****************
 Defined at:
		line 10 in file "C:\Program Files (x86)\Microchip\xc8\v2.10\pic\sources\c99\common\xxtofl.c"
 Parameters:    Size  Location     Type
  sign            1    wreg     unsigned char 
  val             4    0[COMRAM] long 
 Auto vars:     Size  Location     Type
  sign            1    8[COMRAM] unsigned char 
  arg             4   10[COMRAM] unsigned long 
  exp             1    9[COMRAM] unsigned char 
 Return value:  Size  Location     Type
                  4    0[COMRAM] unsigned char 
 Registers used:
		wreg, status,2, status,0
 Tracked objects:
		On entry : 
		On exit  : 
		Unchanged: 
 Data sizes:     COMRAM   BANK0   BANK1   BANK2   BANK3   BANK4   BANK5   BANK6   BANK7   BANK8   BANK9  BANK10  BANK11  BANK12  BANK13  BANK14  BANK15
      Params:         4       0       0       0       0       0       0       0       0       0       0       0       0       0       0       0       0
      Locals:         6       0       0       0       0       0       0       0       0       0       0       0       0       0       0       0       0
      Temps:          4       0       0       0       0       0       0       0       0       0       0       0       0       0       0       0       0
      Totals:        14       0       0       0       0       0       0       0       0       0       0       0       0       0       0       0       0
Total ram usage:       14 bytes
 Hardware stack levels used:    1
 This function calls:
		Nothing
 This function is called by:
		_measure_humidity_temp_HIH6021
		_measure_battery
 This function uses a non-reentrant model


 *************** function ___flmul *****************
 Defined at:
		line 8 in file "C:\Program Files (x86)\Microchip\xc8\v2.10\pic\sources\c99\common\sprcmul.c"
 Parameters:    Size  Location     Type
  b               4   16[COMRAM] unsigned char 
  a               4   20[COMRAM] unsigned char 
 Auto vars:     Size  Location     Type
  prod            4   35[COMRAM] struct .
  grs             4   29[COMRAM] unsigned long 
  temp            2   39[COMRAM] struct .
  bexp            1   34[COMRAM] unsigned char 
  aexp            1   33[COMRAM] unsigned char 
  sign            1   28[COMRAM] unsigned char 
 Return value:  Size  Location     Type
                  4   16[COMRAM] unsigned char 
 Registers used:
		wreg, status,2, status,0, prodl, prodh
 Tracked objects:
		On entry : 
		On exit  : 
		Unchanged: 
 Data sizes:     COMRAM   BANK0   BANK1   BANK2   BANK3   BANK4   BANK5   BANK6   BANK7   BANK8   BANK9  BANK10  BANK11  BANK12  BANK13  BANK14  BANK15
      Params:         8       0       0       0       0       0       0       0       0       0       0       0       0       0       0       0       0
      Locals:        13       0       0       0       0       0       0       0       0       0       0       0       0       0       0       0       0
      Temps:          4       0       0       0       0       0       0       0       0       0       0       0       0       0       0       0       0
      Totals:        25       0       0       0       0       0       0       0       0       0       0       0       0       0       0       0       0
Total ram usage:       25 bytes
 Hardware stack levels used:    1
 This function calls:
		Nothing
 This function is called by:
		_main
		_measure_humidity_temp_HIH6021
		_measure_battery
		_load_FIFO_with_temp_humidity_voltage
 This function uses a non-reentrant model


 *************** function ___fldiv *****************
 Defined at:
		line 11 in file "C:\Program Files (x86)\Microchip\xc8\v2.10\pic\sources\c99\common\sprcdiv.c"
 Parameters:    Size  Location     Type
  b               4   41[COMRAM] unsigned char 
  a               4   45[COMRAM] unsigned char 
 Auto vars:     Size  Location     Type
  grs             4   60[COMRAM] unsigned long 
  rem             4   53[COMRAM] unsigned long 
  new_exp         2   58[COMRAM] short 
  aexp            1   65[COMRAM] unsigned char 
  bexp            1   64[COMRAM] unsigned char 
  sign            1   57[COMRAM] unsigned char 
 Return value:  Size  Location     Type
                  4   41[COMRAM] unsigned char 
 Registers used:
		wreg, status,2, status,0
 Tracked objects:
		On entry : 
		On exit  : 
		Unchanged: 
 Data sizes:     COMRAM   BANK0   BANK1   BANK2   BANK3   BANK4   BANK5   BANK6   BANK7   BANK8   BANK9  BANK10  BANK11  BANK12  BANK13  BANK14  BANK15
      Params:         8       0       0       0       0       0       0       0       0       0       0       0       0       0       0       0       0
      Locals:        13       0       0       0       0       0       0       0       0       0       0       0       0       0       0       0       0
      Temps:          4       0       0       0       0       0       0       0       0       0       0       0       0       0       0       0       0
      Totals:        25       0       0       0       0       0       0       0       0       0       0       0       0       0       0       0       0
Total ram usage:       25 bytes
 Hardware stack levels used:    1
 This function calls:
		Nothing
 This function is called by:
		_main
		_measure_humidity_temp_HIH6021
		_load_FIFO_with_temp_humidity_voltage
 This function uses a non-reentrant model


 *************** function ___fladd *****************
 Defined at:
		line 10 in file "C:\Program Files (x86)\Microchip\xc8\v2.10\pic\sources\c99\common\sprcadd.c"
 Parameters:    Size  Location     Type
  b               4    0[COMRAM] unsigned char 
  a               4    4[COMRAM] unsigned char 
 Auto vars:     Size  Location     Type
  grs             1   15[COMRAM] unsigned char 
  bexp            1   14[COMRAM] unsigned char 
  aexp            1   13[COMRAM] unsigned char 
  signs           1   12[COMRAM] unsigned char 
 Return value:  Size  Location     Type
                  4    0[COMRAM] unsigned char 
 Registers used:
		wreg, status,2, status,0
 Tracked objects:
		On entry : 
		On exit  : 
		Unchanged: 
 Data sizes:     COMRAM   BANK0   BANK1   BANK2   BANK3   BANK4   BANK5   BANK6   BANK7   BANK8   BANK9  BANK10  BANK11  BANK12  BANK13  BANK14  BANK15
      Params:         8       0       0       0       0       0       0       0       0       0       0       0       0       0       0       0       0
      Locals:         4       0       0       0       0       0       0       0       0       0       0       0       0       0       0       0       0
      Temps:          4       0       0       0       0       0       0       0       0       0       0       0       0       0       0       0       0
      Totals:        16       0       0       0       0       0       0       0       0       0       0       0       0       0       0       0       0
Total ram usage:       16 bytes
 Hardware stack levels used:    1
 This function calls:
		Nothing
 This function is called by:
		_main
		_measure_humidity_temp_HIH6021
		_load_FIFO_with_temp_humidity_voltage
 This function uses a non-reentrant model


 *************** function _init_LORA_communication *****************
 Defined at:
		line 7 in file "LoRa_com.c"
 Parameters:    Size  Location     Type
  baud_rate       2   18[COMRAM] unsigned int 
 Auto vars:     Size  Location     Type
		None
 Return value:  Size  Location     Type
                  1    wreg      void 
 Registers used:
		wreg, status,2, status,0, tblptrl, tblptrh, tblptru, cstack
 Tracked objects:
		On entry : 
		On exit  : 
		Unchanged: 
 Data sizes:     COMRAM   BANK0   BANK1   BANK2   BANK3   BANK4   BANK5   BANK6   BANK7   BANK8   BANK9  BANK10  BANK11  BANK12  BANK13  BANK14  BANK15
      Params:         2       0       0       0       0       0       0       0       0       0       0       0       0       0       0       0       0
      Locals:         0       0       0       0       0       0       0       0       0       0       0       0       0       0       0       0       0
      Temps:          2       0       0       0       0       0       0       0       0       0       0       0       0       0       0       0       0
      Totals:         4       0       0       0       0       0       0       0       0       0       0       0       0       0       0       0       0
Total ram usage:        4 bytes
 Hardware stack levels used:    1
 Hardware stack levels required when called:    4
 This function calls:
		_AntennaTX
		_CheckConfiguration
		_GetMode
		_InitModule
		_InitRFLoRaPins
		_ResetRFModule
		_SPIInit
		_UARTInit
		_UARTWriteStrLn
		_WriteSXRegister
 This function is called by:
		_main
 This function uses a non-reentrant model


 *************** function _UARTInit *****************
 Defined at:
		line 16 in file "uart.c"
 Parameters:    Size  Location     Type
  baudRate        2    0[COMRAM] unsigned int 
 Auto vars:     Size  Location     Type
		None
 Return value:  Size  Location     Type
                  1    wreg      void 
 Registers used:
		wreg, status,2
 Tracked objects:
		On entry : 
		On exit  : 
		Unchanged: 
 Data sizes:     COMRAM   BANK0   BANK1   BANK2   BANK3   BANK4   BANK5   BANK6   BANK7   BANK8   BANK9  BANK10  BANK11  BANK12  BANK13  BANK14  BANK15
      Params:         2       0       0       0       0       0       0       0       0       0       0       0       0       0       0       0       0
      Locals:         0       0       0       0       0       0       0       0       0       0       0       0       0       0       0       0       0
      Temps:          0       0       0       0       0       0       0       0       0       0       0       0       0       0       0       0       0
      Totals:         2       0       0       0       0       0       0       0       0       0       0       0       0       0       0       0       0
Total ram usage:        2 bytes
 Hardware stack levels used:    1
 This function calls:
		Nothing
 This function is called by:
		_init_LORA_communication
 This function uses a non-reentrant model


 *************** function _SPIInit *****************
 Defined at:
		line 16 in file "spi.c"
 Parameters:    Size  Location     Type
		None
 Auto vars:     Size  Location     Type
		None
 Return value:  Size  Location     Type
                  1    wreg      void 
 Registers used:
		wreg, status,2
 Tracked objects:
		On entry : 
		On exit  : 
		Unchanged: 
 Data sizes:     COMRAM   BANK0   BANK1   BANK2   BANK3   BANK4   BANK5   BANK6   BANK7   BANK8   BANK9  BANK10  BANK11  BANK12  BANK13  BANK14  BANK15
      Params:         0       0       0       0       0       0       0       0       0       0       0       0       0       0       0       0       0
      Locals:         0       0       0       0       0       0       0       0       0       0       0       0       0       0       0       0       0
[...]
 Data sizes:     COMRAM   BANK0   BANK1   BANK2   BANK3   BANK4   BANK5   BANK6   BANK7   BANK8   BANK9  BANK10  BANK11  BANK12  BANK13  BANK14  BANK15
      Params:         4       0       0       0       0       0       0       0       0       0       0       0       0       0       0       0       0
      Locals:         4       0       0       0       0       0       0       0       0       0       0       0       0       0       0       0       0
      Temps:          0       0       0       0       0       0       0       0       0       0       0       0       0       0       0       0       0
      Totals:         8       0       0       0       0       0       0       0       0       0       0       0       0       0       0       0       0
Total ram usage:        8 bytes
 Hardware stack levels used:    1
 This function calls:
		Nothing
 This function is called by:
		_UARTWriteByteHex
 This function uses a non-reentrant model


 *************** function _UARTWriteByte *****************
 Defined at:
		line 52 in file "uart.c"
 Parameters:    Size  Location     Type
  data            1    wreg     unsigned char 
 Auto vars:     Size  Location     Type
  data            1    0[COMRAM] unsigned char 
 Return value:  Size  Location     Type
                  1    wreg      void 
 Registers used:
		wreg
 Tracked objects:
		On entry : 
		On exit  : 
		Unchanged: 
 Data sizes:     COMRAM   BANK0   BANK1   BANK2   BANK3   BANK4   BANK5   BANK6   BANK7   BANK8   BANK9  BANK10  BANK11  BANK12  BANK13  BANK14  BANK15
      Params:         0       0       0       0       0       0       0       0       0       0       0       0       0       0       0       0       0
      Locals:         1       0       0       0       0       0       0       0       0       0       0       0       0       0       0       0       0
      Temps:          0       0       0       0       0       0       0       0       0       0       0       0       0       0       0       0       0
      Totals:         1       0       0       0       0       0       0       0       0       0       0       0       0       0       0       0       0
Total ram usage:        1 bytes
 Hardware stack levels used:    1
 This function calls:
		Nothing
 This function is called by:
		_UARTWriteStr
		_UARTWriteStrLn
		_UARTWriteByteHex
 This function uses a non-reentrant model


 *************** function _SPITransfer *****************
 Defined at:
		line 41 in file "spi.c"
 Parameters:    Size  Location     Type
  data_out        1    wreg     unsigned char 
 Auto vars:     Size  Location     Type
  data_out        1    1[COMRAM] unsigned char 
  dummy_byte      1    0        unsigned char 
 Return value:  Size  Location     Type
                  1    wreg      void 
 Registers used:
		wreg
 Tracked objects:
		On entry : 
		On exit  : 
		Unchanged: 
 Data sizes:     COMRAM   BANK0   BANK1   BANK2   BANK3   BANK4   BANK5   BANK6   BANK7   BANK8   BANK9  BANK10  BANK11  BANK12  BANK13  BANK14  BANK15
      Params:         0       0       0       0       0       0       0       0       0       0       0       0       0       0       0       0       0
      Locals:         2       0       0       0       0       0       0       0       0       0       0       0       0       0       0       0       0
      Temps:          0       0       0       0       0       0       0       0       0       0       0       0       0       0       0       0       0
      Totals:         2       0       0       0       0       0       0       0       0       0       0       0       0       0       0       0       0
Total ram usage:        2 bytes
 Hardware stack levels used:    1
 This function calls:
		Nothing
 This function is called by:
		_WriteSXRegister
		_ReadSXRegister
		_PrintSXRegContent
 This function uses a non-reentrant model


 *************** function _SPIReceive *****************
 Defined at:
		line 50 in file "spi.c"
 Parameters:    Size  Location     Type
  data_out        1    wreg     unsigned char 
 Auto vars:     Size  Location     Type
  data_out        1    1[COMRAM] unsigned char 
  data_in         1    2[COMRAM] unsigned char 
  dummy_byte      1    0        unsigned char 
 Return value:  Size  Location     Type
                  1    wreg      unsigned char 
 Registers used:
		wreg, status,2
 Tracked objects:
		On entry : 
		On exit  : 
		Unchanged: 
 Data sizes:     COMRAM   BANK0   BANK1   BANK2   BANK3   BANK4   BANK5   BANK6   BANK7   BANK8   BANK9  BANK10  BANK11  BANK12  BANK13  BANK14  BANK15
      Params:         0       0       0       0       0       0       0       0       0       0       0       0       0       0       0       0       0
      Locals:         3       0       0       0       0       0       0       0       0       0       0       0       0       0       0       0       0
      Temps:          0       0       0       0       0       0       0       0       0       0       0       0       0       0       0       0       0
      Totals:         3       0       0       0       0       0       0       0       0       0       0       0       0       0       0       0       0
Total ram usage:        3 bytes
 Hardware stack levels used:    1
 This function calls:
		Nothing
 This function is called by:
		_ReadSXRegister
		_PrintSXRegContent
 This function uses a non-reentrant model


 *************** function _AntennaTX *****************
 Defined at:
		line 34 in file "RF_LoRa_868_SO.c"
 Parameters:    Size  Location     Type
		None
 Auto vars:     Size  Location     Type
		None
 Return value:  Size  Location     Type
                  1    wreg      void 
 Registers used:
		wreg
 Tracked objects:
		On entry : 
		On exit  : 
		Unchanged: 
 Data sizes:     COMRAM   BANK0   BANK1   BANK2   BANK3   BANK4   BANK5   BANK6   BANK7   BANK8   BANK9  BANK10  BANK11  BANK12  BANK13  BANK14  BANK15
      Params:         0       0       0       0       0       0       0       0       0       0       0       0       0       0       0       0       0
      Locals:         0       0       0       0       0       0       0       0       0       0       0       0       0       0       0       0       0
      Temps:          1       0       0       0       0       0       0       0       0       0       0       0       0       0       0       0       0
      Totals:         1       0       0       0       0       0       0       0       0       0       0       0       0       0       0       0       0
Total ram usage:        1 bytes
 Hardware stack levels used:    1
 This function calls:
		Nothing
 This function is called by:
		_init_LORA_communication
 This function uses a non-reentrant model


 *************** function _init_F46K22_TMR *****************
 Defined at:
		line 114 in file "init_F43K22.c"
 Parameters:    Size  Location     Type
		None
 Auto vars:     Size  Location     Type
		None
 Return value:  Size  Location     Type
                  1    wreg      void 
 Registers used:
		wreg, status,2
 Tracked objects:
		On entry : 
		On exit  : 
		Unchanged: 
 Data sizes:     COMRAM   BANK0   BANK1   BANK2   BANK3   BANK4   BANK5   BANK6   BANK7   BANK8   BANK9  BANK10  BANK11  BANK12  BANK13  BANK14  BANK15
      Params:         0       0       0       0       0       0       0       0       0       0       0       0       0       0       0       0       0
      Locals:         0       0       0       0       0       0       0       0       0       0       0       0       0       0       0       0       0
      Temps:          0       0       0       0       0       0       0       0       0       0       0       0       0       0       0       0       0
      Totals:         0       0       0       0       0       0       0       0       0       0       0       0       0       0       0       0       0
Total ram usage:        0 bytes
 Hardware stack levels used:    1
 This function calls:
		Nothing
 This function is called by:
		_main
 This function uses a non-reentrant model


 *************** function _init_F46K22_IO *****************
 Defined at:
		line 21 in file "init_F43K22.c"
 Parameters:    Size  Location     Type
		None
 Auto vars:     Size  Location     Type
		None
 Return value:  Size  Location     Type
                  1    wreg      void 
 Registers used:
		None
 Tracked objects:
		On entry : 
		On exit  : 
		Unchanged: 
 Data sizes:     COMRAM   BANK0   BANK1   BANK2   BANK3   BANK4   BANK5   BANK6   BANK7   BANK8   BANK9  BANK10  BANK11  BANK12  BANK13  BANK14  BANK15
      Params:         0       0       0       0       0       0       0       0       0       0       0       0       0       0       0       0       0
      Locals:         0       0       0       0       0       0       0       0       0       0       0       0       0       0       0       0       0
      Temps:          0       0       0       0       0       0       0       0       0       0       0       0       0       0       0       0       0
      Totals:         0       0       0       0       0       0       0       0       0       0       0       0       0       0       0       0       0
Total ram usage:        0 bytes
 Hardware stack levels used:    1
 This function calls:
		Nothing
 This function is called by:
		_main
 This function uses a non-reentrant model


 *************** function _init_F46K22_CLK *****************
 Defined at:
		line 5 in file "init_F43K22.c"
 Parameters:    Size  Location     Type
		None
 Auto vars:     Size  Location     Type
		None
 Return value:  Size  Location     Type
                  1    wreg      void 
 Registers used:
		wreg, status,2
 Tracked objects:
		On entry : 
		On exit  : 
		Unchanged: 
 Data sizes:     COMRAM   BANK0   BANK1   BANK2   BANK3   BANK4   BANK5   BANK6   BANK7   BANK8   BANK9  BANK10  BANK11  BANK12  BANK13  BANK14  BANK15
      Params:         0       0       0       0       0       0       0       0       0       0       0       0       0       0       0       0       0
      Locals:         0       0       0       0       0       0       0       0       0       0       0       0       0       0       0       0       0
      Temps:          0       0       0       0       0       0       0       0       0       0       0       0       0       0       0       0       0
      Totals:         0       0       0       0       0       0       0       0       0       0       0       0       0       0       0       0       0
Total ram usage:        0 bytes
 Hardware stack levels used:    1
 This function calls:
		Nothing
 This function is called by:
		_main
 This function uses a non-reentrant model


 *************** function _init_F46K22_AN *****************
 Defined at:
		line 92 in file "init_F43K22.c"
 Parameters:    Size  Location     Type
		None
 Auto vars:     Size  Location     Type
		None
 Return value:  Size  Location     Type
                  1    wreg      void 
 Registers used:
		wreg, status,2
 Tracked objects:
		On entry : 
		On exit  : 
		Unchanged: 
 Data sizes:     COMRAM   BANK0   BANK1   BANK2   BANK3   BANK4   BANK5   BANK6   BANK7   BANK8   BANK9  BANK10  BANK11  BANK12  BANK13  BANK14  BANK15
      Params:         0       0       0       0       0       0       0       0       0       0       0       0       0       0       0       0       0
      Locals:         0       0       0       0       0       0       0       0       0       0       0       0       0       0       0       0       0
      Temps:          0       0       0       0       0       0       0       0       0       0       0       0       0       0       0       0       0
      Totals:         0       0       0       0       0       0       0       0       0       0       0       0       0       0       0       0       0
Total ram usage:        0 bytes
 Hardware stack levels used:    1
 This function calls:
		Nothing
 This function is called by:
		_main
 This function uses a non-reentrant model


 *************** function _init_F46K22_ADC *****************
 Defined at:
		line 52 in file "init_F43K22.c"
 Parameters:    Size  Location     Type
		None
 Auto vars:     Size  Location     Type
		None
 Return value:  Size  Location     Type
                  1    wreg      void 
 Registers used:
		wreg, status,2
 Tracked objects:
		On entry : 
		On exit  : 
		Unchanged: 
 Data sizes:     COMRAM   BANK0   BANK1   BANK2   BANK3   BANK4   BANK5   BANK6   BANK7   BANK8   BANK9  BANK10  BANK11  BANK12  BANK13  BANK14  BANK15
      Params:         0       0       0       0       0       0       0       0       0       0       0       0       0       0       0       0       0
      Locals:         0       0       0       0       0       0       0       0       0       0       0       0       0       0       0       0       0
      Temps:          0       0       0       0       0       0       0       0       0       0       0       0       0       0       0       0       0
      Totals:         0       0       0       0       0       0       0       0       0       0       0       0       0       0       0       0       0
Total ram usage:        0 bytes
 Hardware stack levels used:    1
 This function calls:
		Nothing
 This function is called by:
		_main
 This function uses a non-reentrant model


 *************** function _i2c_init *****************
 Defined at:
		line 18 in file "i2c.c"
 Parameters:    Size  Location     Type
		None
 Auto vars:     Size  Location     Type
		None
 Return value:  Size  Location     Type
                  1    wreg      void 
 Registers used:
		wreg, status,2
 Tracked objects:
		On entry : 
		On exit  : 
		Unchanged: 
 Data sizes:     COMRAM   BANK0   BANK1   BANK2   BANK3   BANK4   BANK5   BANK6   BANK7   BANK8   BANK9  BANK10  BANK11  BANK12  BANK13  BANK14  BANK15
      Params:         0       0       0       0       0       0       0       0       0       0       0       0       0       0       0       0       0
      Locals:         0       0       0       0       0       0       0       0       0       0       0       0       0       0       0       0       0
      Temps:          0       0       0       0       0       0       0       0       0       0       0       0       0       0       0       0       0
      Totals:         0       0       0       0       0       0       0       0       0       0       0       0       0       0       0       0       0
Total ram usage:        0 bytes
 Hardware stack levels used:    1
 This function calls:
		Nothing
 This function is called by:
		_main
 This function uses a non-reentrant model


 *************** function ___fltol *****************
 Defined at:
		line 43 in file "C:\Program Files (x86)\Microchip\xc8\v2.10\pic\sources\c99\common\fltol.c"
 Parameters:    Size  Location     Type
  f1              4   66[COMRAM] void 
 Auto vars:     Size  Location     Type
  exp1            1   75[COMRAM] unsigned char 
  sign1           1   74[COMRAM] unsigned char 
 Return value:  Size  Location     Type
                  4   66[COMRAM] long 
 Registers used:
		wreg, status,2, status,0
 Tracked objects:
		On entry : 
		On exit  : 
		Unchanged: 
 Data sizes:     COMRAM   BANK0   BANK1   BANK2   BANK3   BANK4   BANK5   BANK6   BANK7   BANK8   BANK9  BANK10  BANK11  BANK12  BANK13  BANK14  BANK15
      Params:         4       0       0       0       0       0       0       0       0       0       0       0       0       0       0       0       0
      Locals:         2       0       0       0       0       0       0       0       0       0       0       0       0       0       0       0       0
      Temps:          4       0       0       0       0       0       0       0       0       0       0       0       0       0       0       0       0
      Totals:        10       0       0       0       0       0       0       0       0       0       0       0       0       0       0       0       0
Total ram usage:       10 bytes
 Hardware stack levels used:    1
 This function calls:
		Nothing
 This function is called by:
		_main
		_measure_battery
		_load_FIFO_with_temp_humidity_voltage
 This function uses a non-reentrant model



MODULE INFORMATION

Module		Function		Class		Link	Load	Size
init_F43K22.c
		_init_F46K22_AN		CODE           	DE4E	0000	27
		_init_F46K22_IO		CODE           	DDA4	0000	17
		_init_F46K22_ADC		CODE           	DFF2	0000	61
		_init_F46K22_CLK		CODE           	DDB4	0000	21
		_init_F46K22_TMR		CODE           	DD84	0000	11

init_F43K22.c estimated size: 137

uart.c
		_UARTWriteStr  		CODE           	E070	0000	81
		_UARTWriteByte 		CODE           	DDDC	0000	23
		_UARTWriteByteHex		CODE           	E172	0000	111
		_UARTInit      		CODE           	DFBC	0000	55
		_UARTWriteStrLn		CODE           	E116	0000	93

uart.c estimated size: 363

C:\Program Files (x86)\Microchip\xc8\v2.10\pic\sources\c99\common\xxtofl.c
		___xxtofl      		CODE           	E66C	0000	437

C:\Program Files (x86)\Microchip\xc8\v2.10\pic\sources\c99\common\xxtofl.c estimated size: 437

C:\Program Files (x86)\Microchip\xc8\v2.10\pic\sources\c99\common\awdiv.c
		___awdiv       		CODE           	E258	0000	197

C:\Program Files (x86)\Microchip\xc8\v2.10\pic\sources\c99\common\awdiv.c estimated size: 197

C:\Program Files (x86)\Microchip\xc8\v2.10\pic\sources\c99\common\fltol.c
		___fltol       		CODE           	E40E	0000	263

C:\Program Files (x86)\Microchip\xc8\v2.10\pic\sources\c99\common\fltol.c estimated size: 263

i2c.c
		_i2c_NAK       		CODE           	DE08	0000	23
		_i2c_start     		CODE           	DDC8	0000	21
		_i2c_waitForIdle		CODE           	DF5C	0000	45
		_i2c_ACK       		CODE           	DDF2	0000	23
		_i2c_write     		CODE           	DE9C	0000	29
		_i2c_stop      		CODE           	DE36	0000	25
		_i2c_read      		CODE           	DEF6	0000	33
		_i2c_init      		CODE           	DF88	0000	53

i2c.c estimated size: 252

C:\Program Files (x86)\Microchip\xc8\v2.10\pic\sources\c99\common\sprcmul.c
		___flmul       		CODE           	F358	0000	1067

C:\Program Files (x86)\Microchip\xc8\v2.10\pic\sources\c99\common\sprcmul.c estimated size: 1067

C:\Program Files (x86)\Microchip\xc8\v2.10\pic\sources\c99\common\sprcdiv.c
		___fldiv       		CODE           	EBB0	0000	923

C:\Program Files (x86)\Microchip\xc8\v2.10\pic\sources\c99\common\sprcdiv.c estimated size: 923

test_i2c.c
		_main          		CODE           	EF4A	0000	1039
		_measure_humidity_temp_HIH6021		CODE           	E9D8	0000	473

test_i2c.c estimated size: 1512

SX1272.c
		_ReadSXRegister		CODE           	DEB8	0000	31
		_CheckConfiguration		CODE           	E820	0000	441
		_GetMode       		CODE           	E514	0000	345
		_PrintSXRegContent		CODE           	DF16	0000	35
		_InitModule    		CODE           	E31C	0000	243
		_WriteSXRegister		CODE           	DE82	0000	27

SX1272.c estimated size: 1122

spi.c
		_SPITransfer   		CODE           	DE68	0000	27
		_SPIReceive    		CODE           	DED6	0000	33
		_SPIInit       		CODE           	E02E	0000	67

spi.c estimated size: 127

shared
		__initialization		CODE           	E0C0	0000	77

shared estimated size: 77

RF_LoRa_868_SO.c
		_ResetRFModule 		CODE           	DF38	0000	37
		_AntennaTX     		CODE           	DE1E	0000	25
		_InitRFLoRaPins		CODE           	DD8E	0000	11

RF_LoRa_868_SO.c estimated size: 73

C:\Program Files (x86)\Microchip\xc8\v2.10\pic\sources\c99\common\sprcadd.c
		___fladd       		CODE           	F782	0000	1217

C:\Program Files (x86)\Microchip\xc8\v2.10\pic\sources\c99\common\sprcadd.c estimated size: 1217

LoRa_com.c
		_init_LORA_communication		CODE           	E1E0	0000	121

LoRa_com.c estimated size: 121

