Microchip MPLAB XC8 Compiler V2.10 ()

Linker command line:

-W-3 --edf=C:\Program Files (x86)\Microchip\xc8\v2.10\pic\dat\en_msgs.txt \
  -cs -h+dist/default/production\fuck_i2c.X.production.sym \
  --cmf=dist/default/production\fuck_i2c.X.production.cmf -z -Q18F46K22 \
  -oC:\Users\louis\AppData\Local\Temp\s27o.2 --defsym=__MPLAB_BUILD=1 \
  -Mdist/default/production/fuck_i2c.X.production.map -E1 -ver=XC8 \
  --acfsm=1493 -ASTACK=0200h-0F37h -pstack=STACK -ACODE=00h-0FFFFh \
  -ACONST=00h-0FFFFh -ASMALLCONST=01000h-010FFhx240 \
  -AMEDIUMCONST=01000h-0FFFFh -ACOMRAM=01h-05Fh -AABS1=00h-0F37h \
  -ABIGRAM=01h-0F37h -ARAM=060h-0FFh,0100h-01FFhx14,0F00h-0F37h \
  -ABANK0=060h-0FFh -ABANK1=0100h-01FFh -ABANK2=0200h-02FFh \
  -ABANK3=0300h-03FFh -ABANK4=0400h-04FFh -ABANK5=0500h-05FFh \
  -ABANK6=0600h-06FFh -ABANK7=0700h-07FFh -ABANK8=0800h-08FFh \
  -ABANK9=0900h-09FFh -ABANK10=0A00h-0AFFh -ABANK11=0B00h-0BFFh \
  -ABANK12=0C00h-0CFFh -ABANK13=0D00h-0DFFh -ABANK14=0E00h-0EFFh \
  -ABANK15=0F00h-0F37h -ASFR=0F38h-0F5Fh,0F60h-0FFFh \
  -preset_vec=00h,intcode,intcodelo,powerup,init -pramtop=01000h \
  -psmallconst=SMALLCONST -pmediumconst=MEDIUMCONST -pconst=CONST \
  -AFARRAM=00h-00h -ACONFIG=0300000h-030000Dh -pconfig=CONFIG \
  -AIDLOC=0200000h-0200007h -pidloc=IDLOC -AEEDATA=0F00000h-0F003FFh \
  -peeprom_data=EEDATA \
  -prdata=COMRAM,nvrram=COMRAM,nvbit=COMRAM,rbss=COMRAM,rbit=COMRAM \
  -pfarbss=FARRAM,fardata=FARRAM,nvFARRAM=FARRAM \
  -pintsave_regs=BIGRAM,bigbss=BIGRAM,bigdata=BIGRAM -pbss=RAM \
  -pidata=CODE,irdata=CODE,ibigdata=CODE,ifardata=CODE -prparam=COMRAM \
  C:\Users\louis\AppData\Local\Temp\s27o.o \
  dist/default/production\fuck_i2c.X.production.o 

Object code version is 3.11

Machine type is 18F46K22

Call graph: (short form)




                Name                               Link     Load   Length Selector   Space Scale
C:\Users\louis\AppData\Local\Temp\s27o.o
                init                                  0        0        4        0       0
                idloc                            200000   200000        8   200000       0
                config                           300000   300000        E   300000       0
dist/default/production\fuck_i2c.X.production.o
                mediumconst                        FCF4     FCF4      30C     7E7A       0
                text47                             E012     E012       36     7009       0
                text46                             DFDE     DFDE       34     6FEF       0
                text45                             E07E     E07E       3C     703F       0
                text44                             DEA2     DEA2       1A     6F51       0
                text43                             DDDE     DDDE       14     6EEF       0
                text42                             DDCE     DDCE       10     6EE7       0
                text41                             DDA2     DDA2        A     6ED1       0
                text40                             DE1A     DE1A       16     6F0D       0
                text39                             DE72     DE72       18     6F39       0
                text38                             DF2A     DF2A       20     6F95       0
                text37                             DEBC     DEBC       1A     6F5E       0
                text36                             DF0C     DF0C       1E     6F86       0
                text35                             DE30     DE30       16     6F18       0
                text34                             E438     E438       C4     721C       0
                text33                             E2A8     E2A8       6E     7154       0
                text32                             E148     E148       50     70A4       0
                text31                             E1E8     E1E8       5C     70F4       0
                text30                             E6F4     E6F4      158     737A       0
                text29                             DED6     DED6       1A     6F6B       0
                text28                             E4FC     E4FC       F2     727E       0
                text27                             DDAC     DDAC        A     6ED6       0
                text26                             DF6A     DF6A       24     6FB5       0
                text25                             E0BA     E0BA       42     705D       0
                text24                             E198     E198       50     70CC       0
                text23                             F40A     F40A      42A     7A05       0
                text22                             E5EE     E5EE      106     72F7       0
                text21                             E38A     E38A       AE     71C5       0
                text20                             F834     F834      4C0     7C1A       0
                text19                             F070     F070      39A     7838       0
                text18                             EEAE     EEAE      1C2     7757       0
                text17                             E316     E316       74     718B       0
                text16                             E244     E244       64     7122       0
                text15                             ECFA     ECFA      1B4     767D       0
                text14                             E9D4     E9D4      192     74EA       0
                text13                             DE46     DE46       16     6F23       0
                text12                             DE5C     DE5C       16     6F2E       0
                text11                             DFB2     DFB2       2C     6FD9       0
                text10                             DF4A     DF4A       20     6FA5       0
                text9                              DDF2     DDF2       14     6EF9       0
                text8                              DE8A     DE8A       18     6F45       0
                text7                              DEF0     DEF0       1C     6F78       0
                text6                              EB66     EB66      194     75B3       0
                text5                              DE06     DE06       14     6F03       0
                text4                              DDB6     DDB6        C     6EDB       0
                text3                              DF8E     DF8E       24     6FC7       0
                text2                              DD9A     DD9A        8     6ECD       0
                text1                              E048     E048       36     7024       0
                text0                              E84C     E84C      188     7426       0
                cstackCOMRAM                          1        1       5E        1       1
                cstackBANK0                          92       92       1F       60       1
                bssBANK1                            100      100      100      100       1
                dataBANK0                            B1       B1        C       60       1
                bssBANK0                             60       60       32       60       1
                bssCOMRAM                            5F       5F        1        1       1
                cinit                              E0FC     E0FC       4C     707E       0
                idataBANK0                         DDC2     DDC2        C     DDC2       0

TOTAL           Name                               Link     Load   Length     Space
        CLASS   STACK          

        CLASS   CODE           
                init                                  0        0        4         0
                text47                             E012     E012       36         0
                text46                             DFDE     DFDE       34         0
                text45                             E07E     E07E       3C         0
                text44                             DEA2     DEA2       1A         0
                text43                             DDDE     DDDE       14         0
                text42                             DDCE     DDCE       10         0
                text41                             DDA2     DDA2        A         0
                text40                             DE1A     DE1A       16         0
                text39                             DE72     DE72       18         0
                text38                             DF2A     DF2A       20         0
                text37                             DEBC     DEBC       1A         0
                text36                             DF0C     DF0C       1E         0
                text35                             DE30     DE30       16         0
                text34                             E438     E438       C4         0
                text33                             E2A8     E2A8       6E         0
                text32                             E148     E148       50         0
                text31                             E1E8     E1E8       5C         0
                text30                             E6F4     E6F4      158         0
                text29                             DED6     DED6       1A         0
                text28                             E4FC     E4FC       F2         0
                text27                             DDAC     DDAC        A         0
                text26                             DF6A     DF6A       24         0
                text25                             E0BA     E0BA       42         0
                text24                             E198     E198       50         0
                text23                             F40A     F40A      42A         0
                text22                             E5EE     E5EE      106         0
                text21                             E38A     E38A       AE         0
                text20                             F834     F834      4C0         0
                text19                             F070     F070      39A         0
                text18                             EEAE     EEAE      1C2         0
                text17                             E316     E316       74         0
                text16                             E244     E244       64         0
                text15                             ECFA     ECFA      1B4         0
                text14                             E9D4     E9D4      192         0
                text13                             DE46     DE46       16         0
                text12                             DE5C     DE5C       16         0
                text11                             DFB2     DFB2       2C         0
                text10                             DF4A     DF4A       20         0
                text9                              DDF2     DDF2       14         0
                text8                              DE8A     DE8A       18         0
                text7                              DEF0     DEF0       1C         0
                text6                              EB66     EB66      194         0
                text5                              DE06     DE06       14         0
                text4                              DDB6     DDB6        C         0
                text3                              DF8E     DF8E       24         0
                text2                              DD9A     DD9A        8         0
                text1                              E048     E048       36         0
                text0                              E84C     E84C      188         0
                cinit                              E0FC     E0FC       4C         0
                idataBANK0                         DDC2     DDC2        C         0

        CLASS   CONST          

        CLASS   SMALLCONST     

        CLASS   MEDIUMCONST    
                mediumconst                        FCF4     FCF4      30C         0

        CLASS   COMRAM         
                cstackCOMRAM                          1        1       5E         1
                bssCOMRAM                            5F       5F        1         1

        CLASS   ABS1           

        CLASS   BIGRAM         

        CLASS   RAM            

        CLASS   BANK0          
                cstackBANK0                          92       92       1F         1
                dataBANK0                            B1       B1        C         1
                bssBANK0                             60       60       32         1

        CLASS   BANK1          
                bssBANK1                            100      100      100         1

        CLASS   BANK2          

        CLASS   BANK3          

        CLASS   BANK4          

        CLASS   BANK5          

        CLASS   BANK6          

        CLASS   BANK7          

        CLASS   BANK8          

        CLASS   BANK9          

        CLASS   BANK10         

        CLASS   BANK11         

        CLASS   BANK12         

        CLASS   BANK13         

        CLASS   BANK14         

        CLASS   BANK15         

        CLASS   SFR            

        CLASS   FARRAM         

        CLASS   CONFIG         
                config                           300000   300000        E         0

        CLASS   IDLOC          
                idloc                            200000   200000        8         0

        CLASS   EEDATA         



SEGMENTS        Name                           Load    Length   Top    Selector   Space  Class

                reset_vec                      000000  000004  000004         0       0  CODE    
                cstackCOMRAM                   000001  00005F  000060         1       1  COMRAM  
                bssBANK0                       000060  00005D  0000BD        60       1  BANK0   
                bssBANK1                       000100  000100  000200       100       1  BANK1   
                text2                          00DD9A  000008  00DDA2      6ECD       0  CODE    
                text41                         00DDA2  00000A  00DDAC      6ED1       0  CODE    
                text27                         00DDAC  00000A  00DDB6      6ED6       0  CODE    
                text4                          00DDB6  00000C  00DDC2      6EDB       0  CODE    
                idataBANK0                     00DDC2  00000C  00DDCE      DDC2       0  CODE    
                text42                         00DDCE  000010  00DDDE      6EE7       0  CODE    
                text43                         00DDDE  000014  00DDF2      6EEF       0  CODE    
                text9                          00DDF2  000014  00DE06      6EF9       0  CODE    
                text5                          00DE06  000014  00DE1A      6F03       0  CODE    
                text40                         00DE1A  000016  00DE30      6F0D       0  CODE    
                text35                         00DE30  000016  00DE46      6F18       0  CODE    
                text13                         00DE46  000016  00DE5C      6F23       0  CODE    
                text12                         00DE5C  000016  00DE72      6F2E       0  CODE    
                text39                         00DE72  000018  00DE8A      6F39       0  CODE    
                text8                          00DE8A  000018  00DEA2      6F45       0  CODE    
                text44                         00DEA2  00001A  00DEBC      6F51       0  CODE    
                text37                         00DEBC  00001A  00DED6      6F5E       0  CODE    
                text29                         00DED6  00001A  00DEF0      6F6B       0  CODE    
                text7                          00DEF0  00001C  00DF0C      6F78       0  CODE    
                text36                         00DF0C  00001E  00DF2A      6F86       0  CODE    
                text38                         00DF2A  000020  00DF4A      6F95       0  CODE    
                text10                         00DF4A  000020  00DF6A      6FA5       0  CODE    
                text26                         00DF6A  000024  00DF8E      6FB5       0  CODE    
                text3                          00DF8E  000024  00DFB2      6FC7       0  CODE    
                text11                         00DFB2  00002C  00DFDE      6FD9       0  CODE    
                text46                         00DFDE  000034  00E012      6FEF       0  CODE    
                text47                         00E012  000036  00E048      7009       0  CODE    
                text1                          00E048  000036  00E07E      7024       0  CODE    
                text45                         00E07E  00003C  00E0BA      703F       0  CODE    
                text25                         00E0BA  000042  00E0FC      705D       0  CODE    
                cinit                          00E0FC  00004C  00E148      707E       0  CODE    
                text32                         00E148  000050  00E198      70A4       0  CODE    
                text24                         00E198  000050  00E1E8      70CC       0  CODE    
                text31                         00E1E8  00005C  00E244      70F4       0  CODE    
                text16                         00E244  000064  00E2A8      7122       0  CODE    
                text33                         00E2A8  00006E  00E316      7154       0  CODE    
                text17                         00E316  000074  00E38A      718B       0  CODE    
                text21                         00E38A  0000AE  00E438      71C5       0  CODE    
                text34                         00E438  0000C4  00E4FC      721C       0  CODE    
                text28                         00E4FC  0000F2  00E5EE      727E       0  CODE    
                text22                         00E5EE  000106  00E6F4      72F7       0  CODE    
                text30                         00E6F4  000158  00E84C      737A       0  CODE    
                text0                          00E84C  000188  00E9D4      7426       0  CODE    
                text14                         00E9D4  000192  00EB66      74EA       0  CODE    
                text6                          00EB66  000194  00ECFA      75B3       0  CODE    
                text15                         00ECFA  0001B4  00EEAE      767D       0  CODE    
                text18                         00EEAE  0001C2  00F070      7757       0  CODE    
                text19                         00F070  00039A  00F40A      7838       0  CODE    
                text23                         00F40A  00042A  00F834      7A05       0  CODE    
                text20                         00F834  0004C0  00FCF4      7C1A       0  CODE    
                mediumconst                    00FCF4  00030C  010000      7E7A       0  MEDIUMCO
                idloc                          200000  000008  200008    200000       0  IDLOC   
                config                         300000  00000E  30000E    300000       0  CONFIG  


UNUSED ADDRESS RANGES

        Name                Unused          Largest block    Delta
        BANK0            0000BD-0000FF               43
        BANK10           000A00-000AFF              100
        BANK11           000B00-000BFF              100
        BANK12           000C00-000CFF              100
        BANK13           000D00-000DFF              100
        BANK14           000E00-000EFF              100
        BANK15           000F00-000F37               38
        BANK2            000200-0002FF              100
        BANK3            000300-0003FF              100
        BANK4            000400-0004FF              100
        BANK5            000500-0005FF              100
        BANK6            000600-0006FF              100
        BANK7            000700-0007FF              100
        BANK8            000800-0008FF              100
        BANK9            000900-0009FF              100
        BIGRAM           0000BD-0000FF               43
                         000200-000F37              D38
        CODE             000004-00DD99             DD96
        CONST            000004-00DD99             DD96
        EEDATA           F00000-F003FF              400
        MEDIUMCONST      001000-00DD99             CD9A
        RAM              0000BD-0000FF               43
                         000200-000F37              100
        SFR              000F38-000FFF               28
        SMALLCONST       001000-00DD99              100
        STACK            000200-000F37              D38

                                  Symbol Table

?___awdiv                                              cstackCOMRAM 000001
?___fladd                                              cstackCOMRAM 000041
?___fldiv                                              cstackCOMRAM 00000F
?___flmul                                              cstackCOMRAM 000028
?___fltol                                              cstackCOMRAM 000051
?___lwdiv                                              cstackCOMRAM 000001
?___lwmod                                              cstackCOMRAM 000008
?___xxtofl                                             cstackCOMRAM 000001
GetMode@masked_reg                                     cstackCOMRAM 000011
GetMode@reg                                            cstackCOMRAM 000012
ReadSXRegister@RegValue                                cstackCOMRAM 000004
ReadSXRegister@address                                 cstackCOMRAM 000005
SPIReceive@data_in                                     cstackCOMRAM 000003
SPIReceive@data_out                                    cstackCOMRAM 000002
SPITransfer@data_out                                   cstackCOMRAM 000002
UARTInit@baudRate                                      cstackCOMRAM 000001
UARTWriteByte@data                                     cstackCOMRAM 000001
UARTWriteByteHex@data                                  cstackCOMRAM 00000E
UARTWriteByteHex@hexa                                  cstackCOMRAM 00000C
UARTWriteStr@i                                         cstackCOMRAM 000006
UARTWriteStr@string                                    cstackCOMRAM 000002
UARTWriteStrLn@i                                       cstackCOMRAM 000006
UARTWriteStrLn@string                                  cstackCOMRAM 000002
WriteSXRegister@address                                cstackCOMRAM 000007
WriteSXRegister@data                                   cstackCOMRAM 000006
_ADCON0                                                (abs)        000FC2
_ADCON0bits                                            (abs)        000FC2
_ADCON1                                                (abs)        000FC1
_ADCON1bits                                            (abs)        000FC1
_ADCON2                                                (abs)        000FC0
_ADCON2bits                                            (abs)        000FC0
_ADC_result                                            bssBANK0     000090
_ADRESH                                                (abs)        000FC4
_ADRESL                                                (abs)        000FC3
_ANSELAbits                                            (abs)        000F38
_ANSELC                                                (abs)        000F3A
_ANSELCbits                                            (abs)        000F3A
_ANSELD                                                (abs)        000F3B
_ANSELDbits                                            (abs)        000F3B
_ANSELE                                                (abs)        000F3C
_AntennaTX                                             text39       00DE72
_BAUDCON1bits                                          (abs)        000FB8
_CCP5CONbits                                           (abs)        000F54
_EEADR                                                 (abs)        000FA9
_EEADRH                                                (abs)        000FAA
_EECON1bits                                            (abs)        000FA6
_EEDATA                                                (abs)        000FA8
_GetMode                                               text30       00E6F4
_INTCON                                                (abs)        000FF2
_INTCONbits                                            (abs)        000FF2
_InitModule                                            text28       00E4FC
_InitRFLoRaPins                                        text27       00DDAC
_LATBbits                                              (abs)        000F8A
_LATEbits                                              (abs)        000F8D
_OSCCON                                                (abs)        000FD3
_OSCCONbits                                            (abs)        000FD3
_PEIE                                                  (abs)        007F96
_PIE1bits                                              (abs)        000F9D
_PIR1bits                                              (abs)        000F9E
_PIR2bits                                              (abs)        000FA1
_PIR3bits                                              (abs)        000FA4
_RCIE                                                  (abs)        007CED
_RCIF                                                  (abs)        007CF5
_RCREG1                                                (abs)        000FAE
_RCSTA1                                                (abs)        000FAB
_RCSTA1bits                                            (abs)        000FAB
_ReadSXRegister                                        text36       00DF0C
_ResetRFModule                                         text26       00DF6A
_SPBRG1                                                (abs)        000FAF
_SPBRGH1                                               (abs)        000FB0
_SPIInit                                               text25       00E0BA
_SPIReceive                                            text38       00DF2A
_SPITransfer                                           text37       00DEBC
_SSP1ADD                                               (abs)        000FC8
_SSP1BUF                                               (abs)        000FC9
_SSP1CON1bits                                          (abs)        000FC6
_SSP1CON2                                              (abs)        000FC5
_SSP1CON2bits                                          (abs)        000FC5
_SSP1STATbits                                          (abs)        000FC7
_SSP2BUF                                               (abs)        000F6F
_SSP2CON1                                              (abs)        000F6C
_SSP2STATbits                                          (abs)        000F6D
_T0CON                                                 (abs)        000FD5
_TRISA                                                 (abs)        000F92
_TRISAbits                                             (abs)        000F92
_TRISB                                                 (abs)        000F93
_TRISBbits                                             (abs)        000F93
_TRISC                                                 (abs)        000F94
_TRISCbits                                             (abs)        000F94
_TRISDbits                                             (abs)        000F95
_TRISEbits                                             (abs)        000F96
_TXREG1                                                (abs)        000FAD
_TXSTA1                                                (abs)        000FAC
_TXSTA1bits                                            (abs)        000FAC
_UARTInit                                              text47       00E012
_UARTWriteByte                                         text35       00DE30
_UARTWriteByteHex                                      text33       00E2A8
_UARTWriteStr                                          text32       00E148
_UARTWriteStrLn                                        text31       00E1E8
_VREFCON0bits                                          (abs)        000F42
_WriteSXRegister                                       text29       00DED6
__CFG_BOREN$SBORDIS                                    (abs)        000000
__CFG_BORV$190                                         (abs)        000000
__CFG_CCP2MX$PORTC1                                    (abs)        000000
__CFG_CCP3MX$PORTB5                                    (abs)        000000
__CFG_CP0$OFF                                          (abs)        000000
__CFG_CP1$OFF                                          (abs)        000000
__CFG_CPB$OFF                                          (abs)        000000
__CFG_CPD$OFF                                          (abs)        000000
__CFG_EBTR0$OFF                                        (abs)        000000
__CFG_EBTR1$OFF                                        (abs)        000000
__CFG_EBTRB$OFF                                        (abs)        000000
__CFG_FCMEN$OFF                                        (abs)        000000
__CFG_FOSC$INTIO7                                      (abs)        000000
__CFG_HFOFST$ON                                        (abs)        000000
__CFG_IESO$OFF                                         (abs)        000000
__CFG_LVP$OFF                                          (abs)        000000
__CFG_MCLRE$EXTMCLR                                    (abs)        000000
__CFG_P2BMX$PORTD2                                     (abs)        000000
__CFG_PBADEN$OFF                                       (abs)        000000
__CFG_PLLCFG$OFF                                       (abs)        000000
__CFG_PRICLKEN$ON                                      (abs)        000000
__CFG_PWRTEN$ON                                        (abs)        000000
__CFG_STVREN$ON                                        (abs)        000000
__CFG_T3CMX$PORTC0                                     (abs)        000000
__CFG_WDTEN$OFF                                        (abs)        000000
__CFG_WDTPS$32768                                      (abs)        000000
__CFG_WRT0$OFF                                         (abs)        000000
__CFG_WRT1$OFF                                         (abs)        000000
__CFG_WRTB$OFF                                         (abs)        000000
__CFG_WRTC$OFF                                         (abs)        000000
__CFG_WRTD$OFF                                         (abs)        000000
__CFG_XINST$OFF                                        (abs)        000000
__HRAM                                                 (abs)        000000
__Habs1                                                abs1         000000
__Hbank0                                               bank0        000000
__Hbank1                                               bank1        000000
__Hbank10                                              bank10       000000
__Hbank11                                              bank11       000000
__Hbank12                                              bank12       000000
__Hbank13                                              bank13       000000
__Hbank14                                              bank14       000000
__Hbank15                                              bank15       000000
__Hbank2                                               bank2        000000
__Hbank3                                               bank3        000000
__Hbank4                                               bank4        000000
__Hbank5                                               bank5        000000
__Hbank6                                               bank6        000000
__Hbank7                                               bank7        000000
__Hbank8                                               bank8        000000
__Hbank9                                               bank9        000000
__Hbigbss                                              bigbss       000000
__Hbigdata                                             bigdata      000000
__Hbigram                                              bigram       000000
__Hbss                                                 bss          000000
__HbssBANK0                                            bssBANK0     000000
__HbssBANK1                                            bssBANK1     000000
__HbssCOMRAM                                           bssCOMRAM    000000
__Hcinit                                               cinit        000000
__Hclrtext                                             clrtext      000000
__Hcomram                                              comram       000000
__Hconfig                                              config       30000E
__Hconst                                               const        000000
__HcstackBANK0                                         cstackBANK0  000000
__HcstackCOMRAM                                        cstackCOMRAM 000000
__Hdata                                                data         000000
__HdataBANK0                                           dataBANK0    000000
__Heeprom_data                                         eeprom_data  000000
__Hfarbss                                              farbss       000000
__Hfardata                                             fardata      000000
__Hibigdata                                            ibigdata     000000
__Hidata                                               idata        000000
__HidataBANK0                                          idataBANK0   000000
__Hidloc                                               idloc        200008
__Hifardata                                            ifardata     000000
__Hinit                                                init         000004
__Hintcode                                             intcode      000000
__Hintcode_body                                        intcode_body 000000
__Hintcodelo                                           intcodelo    000000
__Hintentry                                            intentry     000000
__Hintret                                              intret       000000
__Hintsave_regs                                        intsave_regs 000000
__Hirdata                                              irdata       000000
__Hmediumconst                                         mediumconst  010000
__HnvFARRAM                                            nvFARRAM     000000
__Hnvbit                                               nvbit        000000
__Hnvrram                                              nvrram       000000
__Hparam                                               rparam       000000
__Hpowerup                                             powerup      000000
__Hram                                                 ram          000000
__Hramtop                                              ramtop       001000
__Hrbit                                                rbit         000000
__Hrbss                                                rbss         000000
__Hrdata                                               rdata        000000
__Hreset_vec                                           reset_vec    000000
__Hrparam                                              rparam       000000
__Hsfr                                                 sfr          000000
__Hsmallconst                                          smallconst   000000
__Hspace_0                                             (abs)        30000E
__Hspace_1                                             (abs)        000200
__Hspace_2                                             (abs)        000000
__Hstack                                               stack        000000
__Hstruct                                              struct       000000
__Htemp                                                temp         000000
__Htext                                                text         000000
__Htext0                                               text0        000000
__Htext1                                               text1        000000
__Htext10                                              text10       000000
__Htext11                                              text11       000000
__Htext12                                              text12       000000
__Htext13                                              text13       000000
__Htext14                                              text14       000000
__Htext15                                              text15       000000
__Htext16                                              text16       000000
__Htext17                                              text17       000000
__Htext18                                              text18       000000
__Htext19                                              text19       000000
__Htext2                                               text2        000000
__Htext20                                              text20       000000
__Htext21                                              text21       000000
__Htext22                                              text22       000000
__Htext23                                              text23       000000
__Htext24                                              text24       000000
__Htext25                                              text25       000000
__Htext26                                              text26       000000
__Htext27                                              text27       000000
__Htext28                                              text28       000000
__Htext29                                              text29       000000
__Htext3                                               text3        000000
__Htext30                                              text30       000000
__Htext31                                              text31       000000
__Htext32                                              text32       000000
__Htext33                                              text33       000000
__Htext34                                              text34       000000
__Htext35                                              text35       000000
__Htext36                                              text36       000000
__Htext37                                              text37       000000
__Htext38                                              text38       000000
__Htext39                                              text39       000000
__Htext4                                               text4        000000
__Htext40                                              text40       000000
__Htext41                                              text41       000000
__Htext42                                              text42       000000
__Htext43                                              text43       000000
__Htext44                                              text44       000000
__Htext45                                              text45       000000
__Htext46                                              text46       000000
__Htext47                                              text47       000000
__Htext5                                               text5        000000
__Htext6                                               text6        000000
__Htext7                                               text7        000000
__Htext8                                               text8        000000
__Htext9                                               text9        000000
__LRAM                                                 (abs)        000001
__Labs1                                                abs1         000000
__Lbank0                                               bank0        000000
__Lbank1                                               bank1        000000
__Lbank10                                              bank10       000000
__Lbank11                                              bank11       000000
__Lbank12                                              bank12       000000
__Lbank13                                              bank13       000000
__Lbank14                                              bank14       000000
__Lbank15                                              bank15       000000
__Lbank2                                               bank2        000000
__Lbank3                                               bank3        000000
__Lbank4                                               bank4        000000
__Lbank5                                               bank5        000000
__Lbank6                                               bank6        000000
__Lbank7                                               bank7        000000
__Lbank8                                               bank8        000000
__Lbank9                                               bank9        000000
__Lbigbss                                              bigbss       000000
__Lbigdata                                             bigdata      000000
__Lbigram                                              bigram       000000
__Lbss                                                 bss          000000
__LbssBANK0                                            bssBANK0     000000
__LbssBANK1                                            bssBANK1     000000
__LbssCOMRAM                                           bssCOMRAM    000000
__Lcinit                                               cinit        000000
__Lclrtext                                             clrtext      000000
__Lcomram                                              comram       000000
__Lconfig                                              config       300000
__Lconst                                               const        000000
__LcstackBANK0                                         cstackBANK0  000000
__LcstackCOMRAM                                        cstackCOMRAM 000000
__Ldata                                                data         000000
__LdataBANK0                                           dataBANK0    000000
__Leeprom_data                                         eeprom_data  000000
__Lfarbss                                              farbss       000000
__Lfardata                                             fardata      000000
__Libigdata                                            ibigdata     000000
__Lidata                                               idata        000000
__LidataBANK0                                          idataBANK0   000000
__Lidloc                                               idloc        200000
__Lifardata                                            ifardata     000000
__Linit                                                init         000000
__Lintcode                                             intcode      000000
__Lintcode_body                                        intcode_body 000000
__Lintcodelo                                           intcodelo    000000
__Lintentry                                            intentry     000000
__Lintret                                              intret       000000
__Lintsave_regs                                        intsave_regs 000000
__Lirdata                                              irdata       000000
__Lmediumconst                                         mediumconst  00FCF4
__LnvFARRAM                                            nvFARRAM     000000
__Lnvbit                                               nvbit        000000
__Lnvrram                                              nvrram       000000
__Lparam                                               rparam       000000
__Lpowerup                                             powerup      000000
__Lram                                                 ram          000000
__Lramtop                                              ramtop       001000
__Lrbit                                                rbit         000000
__Lrbss                                                rbss         000000
__Lrdata                                               rdata        000000
__Lreset_vec                                           reset_vec    000000
__Lrparam                                              rparam       000000
__Lsfr                                                 sfr          000000
__Lsmallconst                                          smallconst   000000
__Lspace_0                                             (abs)        000000
__Lspace_1                                             (abs)        000000
__Lspace_2                                             (abs)        000000
__Lstack                                               stack        000000
__Lstruct                                              struct       000000
__Ltemp                                                temp         000000
__Ltext                                                text         000000
__Ltext0                                               text0        000000
__Ltext1                                               text1        000000
__Ltext10                                              text10       000000
__Ltext11                                              text11       000000
__Ltext12                                              text12       000000
__Ltext13                                              text13       000000
__Ltext14                                              text14       000000
__Ltext15                                              text15       000000
__Ltext16                                              text16       000000
__Ltext17                                              text17       000000
__Ltext18                                              text18       000000
__Ltext19                                              text19       000000
__Ltext2                                               text2        000000
__Ltext20                                              text20       000000
__Ltext21                                              text21       000000
__Ltext22                                              text22       000000
__Ltext23                                              text23       000000
__Ltext24                                              text24       000000
__Ltext25                                              text25       000000
__Ltext26                                              text26       000000
__Ltext27                                              text27       000000
__Ltext28                                              text28       000000
__Ltext29                                              text29       000000
__Ltext3                                               text3        000000
__Ltext30                                              text30       000000
__Ltext31                                              text31       000000
__Ltext32                                              text32       000000
__Ltext33                                              text33       000000
__Ltext34                                              text34       000000
__Ltext35                                              text35       000000
__Ltext36                                              text36       000000
__Ltext37                                              text37       000000
__Ltext38                                              text38       000000
__Ltext39                                              text39       000000
__Ltext4                                               text4        000000
__Ltext40                                              text40       000000
__Ltext41                                              text41       000000
__Ltext42                                              text42       000000
__Ltext43                                              text43       000000
__Ltext44                                              text44       000000
__Ltext45                                              text45       000000
__Ltext46                                              text46       000000
__Ltext47                                              text47       000000
__Ltext5                                               text5        000000
__Ltext6                                               text6        000000
__Ltext7                                               text7        000000
__Ltext8                                               text8        000000
__Ltext9                                               text9        000000
__S0                                                   (abs)        30000E
__S1                                                   (abs)        000200
__S2                                                   (abs)        000000
___awdiv                                               text34       00E438
___awdiv@counter                                       cstackCOMRAM 000005
___awdiv@dividend                                      cstackCOMRAM 000001
___awdiv@divisor                                       cstackCOMRAM 000003
___awdiv@quotient                                      cstackCOMRAM 000007
___awdiv@sign                                          cstackCOMRAM 000006
___fladd                                               text20       00F834
___fladd@a                                             cstackCOMRAM 000045
___fladd@aexp                                          cstackCOMRAM 00004E
___fladd@b                                             cstackCOMRAM 000041
___fladd@bexp                                          cstackCOMRAM 00004F
___fladd@grs                                           cstackCOMRAM 000050
___fladd@signs                                         cstackCOMRAM 00004D
___fldiv                                               text19       00F070
___fldiv@a                                             cstackCOMRAM 000013
___fldiv@aexp                                          cstackCOMRAM 000027
___fldiv@b                                             cstackCOMRAM 00000F
___fldiv@bexp                                          cstackCOMRAM 000026
___fldiv@grs                                           cstackCOMRAM 000022
___fldiv@new_exp                                       cstackCOMRAM 000020
___fldiv@rem                                           cstackCOMRAM 00001B
___fldiv@sign                                          cstackCOMRAM 00001F
___flmul                                               text23       00F40A
___flmul@a                                             cstackCOMRAM 00002C
___flmul@aexp                                          cstackCOMRAM 000039
___flmul@b                                             cstackCOMRAM 000028
___flmul@bexp                                          cstackCOMRAM 00003A
___flmul@grs                                           cstackCOMRAM 000035
___flmul@prod                                          cstackCOMRAM 00003B
___flmul@sign                                          cstackCOMRAM 000034
___flmul@temp                                          cstackCOMRAM 00003F
___fltol                                               text22       00E5EE
___fltol@exp1                                          cstackCOMRAM 00005A
___fltol@f1                                            cstackCOMRAM 000051
___fltol@sign1                                         cstackCOMRAM 000059
___inthi_sp                                            stack        000000
___intlo_sp                                            stack        000000
___lwdiv                                               text17       00E316
___lwdiv@counter                                       cstackCOMRAM 000007
___lwdiv@dividend                                      cstackCOMRAM 000001
___lwdiv@divisor                                       cstackCOMRAM 000003
___lwdiv@quotient                                      cstackCOMRAM 000005
___lwmod                                               text16       00E244
___lwmod@counter                                       cstackCOMRAM 00000C
___lwmod@dividend                                      cstackCOMRAM 000008
___lwmod@divisor                                       cstackCOMRAM 00000A
___param_bank                                          (abs)        000000
___rparam_used                                         (abs)        000001
___sp                                                  stack        000000
___xxtofl                                              text15       00ECFA
___xxtofl@arg                                          cstackCOMRAM 00000B
___xxtofl@exp                                          cstackCOMRAM 00000A
___xxtofl@sign                                         cstackCOMRAM 000009
___xxtofl@val                                          cstackCOMRAM 000001
__accesstop                                            (abs)        000060
__activetblptr                                         (abs)        000002
__end_of_AntennaTX                                     text39       00DE8A
__end_of_GetMode                                       text30       00E84C
__end_of_InitModule                                    text28       00E5EE
__end_of_InitRFLoRaPins                                text27       00DDB6
__end_of_ReadSXRegister                                text36       00DF2A
__end_of_ResetRFModule                                 text26       00DF8E
__end_of_SPIInit                                       text25       00E0FC
__end_of_SPIReceive                                    text38       00DF4A
__end_of_SPITransfer                                   text37       00DED6
__end_of_UARTInit                                      text47       00E048
__end_of_UARTWriteByte                                 text35       00DE46
__end_of_UARTWriteByteHex                              text33       00E316
__end_of_UARTWriteStr                                  text32       00E198
__end_of_UARTWriteStrLn                                text31       00E244
__end_of_WriteSXRegister                               text29       00DEF0
__end_of___awdiv                                       text34       00E4FC
__end_of___fladd                                       text20       00FCF4
__end_of___fldiv                                       text19       00F40A
__end_of___flmul                                       text23       00F834
__end_of___fltol                                       text22       00E6F4
__end_of___lwdiv                                       text17       00E38A
__end_of___lwmod                                       text16       00E2A8
__end_of___xxtofl                                      text15       00EEAE
__end_of__initialization                               cinit        00E13E
__end_of_i2c_ACK                                       text13       00DE5C
__end_of_i2c_NAK                                       text12       00DE72
__end_of_i2c_init                                      text46       00E012
__end_of_i2c_read                                      text10       00DF6A
__end_of_i2c_start                                     text9        00DE06
__end_of_i2c_stop                                      text8        00DEA2
__end_of_i2c_waitForIdle                               text11       00DFDE
__end_of_i2c_write                                     text7        00DF0C
__end_of_init_F46K22                                   text40       00DE30
__end_of_init_F46K22_ADC                               text45       00E0BA
__end_of_init_F46K22_AN                                text44       00DEBC
__end_of_init_F46K22_CLK                               text43       00DDF2
__end_of_init_F46K22_IO                                text42       00DDDE
__end_of_init_F46K22_TMR                               text41       00DDAC
__end_of_init_LORA_communication                       text24       00E1E8
__end_of_load_FIFO_with_init_values                    text21       00E438
__end_of_load_FIFO_with_temp_humidity_voltage          text18       00F070
__end_of_main                                          text0        00E9D4
__end_of_measure_battery                               text14       00EB66
__end_of_measure_humidity_temp_HIH6021                 text6        00ECFA
__end_of_readEEPROM                                    text5        00DE1A
__end_of_reset_IRQs                                    text4        00DDC2
__end_of_set_TX_and_transmit                           text3        00DFB2
__end_of_wait_for_transmission                         text2        00DDA2
__end_of_writeEEPROM                                   text1        00E07E
__initialization                                       cinit        00E0FC
__mediumconst                                          mediumconst  00FCF4
__pbssBANK0                                            bssBANK0     000060
__pbssBANK1                                            bssBANK1     000100
__pbssCOMRAM                                           bssCOMRAM    00005F
__pcinit                                               cinit        00E0FC
__pcstackBANK0                                         cstackBANK0  000092
__pcstackCOMRAM                                        cstackCOMRAM 000001
__pdataBANK0                                           dataBANK0    0000B1
__pidataBANK0                                          idataBANK0   00DDC2
__pmediumconst                                         mediumconst  00FCF4
__ptext0                                               text0        00E84C
__ptext1                                               text1        00E048
__ptext10                                              text10       00DF4A
__ptext11                                              text11       00DFB2
__ptext12                                              text12       00DE5C
__ptext13                                              text13       00DE46
__ptext14                                              text14       00E9D4
__ptext15                                              text15       00ECFA
__ptext16                                              text16       00E244
__ptext17                                              text17       00E316
__ptext18                                              text18       00EEAE
__ptext19                                              text19       00F070
__ptext2                                               text2        00DD9A
__ptext20                                              text20       00F834
__ptext21                                              text21       00E38A
__ptext22                                              text22       00E5EE
__ptext23                                              text23       00F40A
__ptext24                                              text24       00E198
__ptext25                                              text25       00E0BA
__ptext26                                              text26       00DF6A
__ptext27                                              text27       00DDAC
__ptext28                                              text28       00E4FC
__ptext29                                              text29       00DED6
__ptext3                                               text3        00DF8E
__ptext30                                              text30       00E6F4
__ptext31                                              text31       00E1E8
__ptext32                                              text32       00E148
__ptext33                                              text33       00E2A8
__ptext34                                              text34       00E438
__ptext35                                              text35       00DE30
__ptext36                                              text36       00DF0C
__ptext37                                              text37       00DEBC
__ptext38                                              text38       00DF2A
__ptext39                                              text39       00DE72
__ptext4                                               text4        00DDB6
__ptext40                                              text40       00DE1A
__ptext41                                              text41       00DDA2
__ptext42                                              text42       00DDCE
__ptext43                                              text43       00DDDE
__ptext44                                              text44       00DEA2
__ptext45                                              text45       00E07E
__ptext46                                              text46       00DFDE
__ptext47                                              text47       00E012
__ptext5                                               text5        00DE06
__ptext6                                               text6        00EB66
__ptext7                                               text7        00DEF0
__ptext8                                               text8        00DE8A
__ptext9                                               text9        00DDF2
__ramtop                                               ramtop       001000
__size_of_AntennaTX                                    (abs)        000000
__size_of_GetMode                                      (abs)        000000
__size_of_InitModule                                   (abs)        000000
__size_of_InitRFLoRaPins                               (abs)        000000
__size_of_ReadSXRegister                               (abs)        000000
__size_of_ResetRFModule                                (abs)        000000
__size_of_SPIInit                                      (abs)        000000
__size_of_SPIReceive                                   (abs)        000000
__size_of_SPITransfer                                  (abs)        000000
__size_of_UARTInit                                     (abs)        000000
__size_of_UARTWriteByte                                (abs)        000000
__size_of_UARTWriteByteHex                             (abs)        000000
__size_of_UARTWriteStr                                 (abs)        000000
__size_of_UARTWriteStrLn                               (abs)        000000
__size_of_WriteSXRegister                              (abs)        000000
__size_of___awdiv                                      (abs)        000000
__size_of___fladd                                      (abs)        000000
__size_of___fldiv                                      (abs)        000000
__size_of___flmul                                      (abs)        000000
__size_of___fltol                                      (abs)        000000
__size_of___lwdiv                                      (abs)        000000
__size_of___lwmod                                      (abs)        000000
__size_of___xxtofl                                     (abs)        000000
__size_of_i2c_ACK                                      (abs)        000000
__size_of_i2c_NAK                                      (abs)        000000
__size_of_i2c_init                                     (abs)        000000
__size_of_i2c_read                                     (abs)        000000
__size_of_i2c_start                                    (abs)        000000
__size_of_i2c_stop                                     (abs)        000000
__size_of_i2c_waitForIdle                              (abs)        000000
__size_of_i2c_write                                    (abs)        000000
__size_of_init_F46K22                                  (abs)        000000
__size_of_init_F46K22_ADC                              (abs)        000000
__size_of_init_F46K22_AN                               (abs)        000000
__size_of_init_F46K22_CLK                              (abs)        000000
__size_of_init_F46K22_IO                               (abs)        000000
__size_of_init_F46K22_TMR                              (abs)        000000
__size_of_init_LORA_communication                      (abs)        000000
__size_of_load_FIFO_with_init_values                   (abs)        000000
__size_of_load_FIFO_with_temp_humidity_voltage         (abs)        000000
__size_of_main                                         (abs)        000000
__size_of_measure_battery                              (abs)        000000
__size_of_measure_humidity_temp_HIH6021                (abs)        000000
__size_of_readEEPROM                                   (abs)        000000
__size_of_reset_IRQs                                   (abs)        000000
__size_of_set_TX_and_transmit                          (abs)        000000
__size_of_wait_for_transmission                        (abs)        000000
__size_of_writeEEPROM                                  (abs)        000000
__smallconst                                           smallconst   000000
_accu_v                                                bssBANK0     000084
_accu_v2                                               bssBANK0     000082
_bat_voltage0                                          bssBANK0     00008C
_bat_voltage1                                          bssBANK0     00008D
_bat_voltage_decim_part                                bssBANK0     00008B
_bat_voltage_unit                                      bssCOMRAM    00005F
_battery_voltage                                       dataBANK0    0000B1
_battery_voltage_int                                   dataBANK0    0000B9
_header0                                               bssBANK0     00008E
_header1                                               bssBANK0     00008F
_humidity                                              bssBANK0     00006E
_humidityHL                                            bssBANK0     000076
_i                                                     bssBANK0     00007C
_i2c_ACK                                               text13       00DE46
_i2c_NAK                                               text12       00DE5C
_i2c_init                                              text46       00DFDE
_i2c_read                                              text10       00DF4A
_i2c_start                                             text9        00DDF2
_i2c_stop                                              text8        00DE8A
_i2c_waitForIdle                                       text11       00DFB2
_i2c_write                                             text7        00DEF0
_idN                                                   dataBANK0    0000B7
_idR                                                   dataBANK0    0000B8
_idT                                                   bssBANK0     000086
_id_node                                               dataBANK0    0000BC
_id_reseau                                             dataBANK0    0000BA
_id_trame                                              dataBANK0    0000BB
_init_F46K22                                           text40       00DE1A
_init_F46K22_ADC                                       text45       00E07E
_init_F46K22_AN                                        text44       00DEA2
_init_F46K22_CLK                                       text43       00DDDE
_init_F46K22_IO                                        text42       00DDCE
_init_F46K22_TMR                                       text41       00DDA2
_init_LORA_communication                               text24       00E198
_load_FIFO_with_init_values                            text21       00E38A
_load_FIFO_with_temp_humidity_voltage                  text18       00EEAE
_main                                                  text0        00E84C
_measure_battery                                       text14       00E9D4
_measure_humidity_temp_HIH6021                         text6        00EB66
_panel_voltage0                                        bssBANK0     000088
_panel_voltage1                                        bssBANK0     000089
_readEEPROM                                            text5        00DE06
_reg_val                                               bssBANK0     00008A
_reset_IRQs                                            text4        00DDB6
_send_data                                             bssBANK0     000087
_set_TX_and_transmit                                   text3        00DF8E
_temp_AT                                               bssBANK0     00007E
_temperature                                           bssBANK0     00006A
_temperatureHL                                         bssBANK0     000078
_timer_tick                                            bssBANK0     00007A
_txBuffer                                              bssBANK1     000100
_txMsg                                                 bssBANK0     000060
_var1                                                  dataBANK0    0000B6
_var2                                                  dataBANK0    0000B5
_volts                                                 bssBANK0     000072
_volts_cV                                              bssBANK0     000080
_volts_divider                                         bssBANK0     000066
_wait_for_transmission                                 text2        00DD9A
_writeEEPROM                                           text1        00E048
end_of_initialization                                  cinit        00E13E
i2c_read@i2cReadData                                   cstackCOMRAM 000002
i2c_write@i2cWriteData                                 cstackCOMRAM 000002
intlevel0                                              text         000000
intlevel1                                              text         000000
intlevel2                                              text         000000
intlevel3                                              text         000000
load_FIFO_with_init_values@b_battery_voltage           cstackBANK0  00009D
load_FIFO_with_init_values@battery_voltage             cstackBANK0  000094
load_FIFO_with_init_values@i                           cstackBANK0  00009E
load_FIFO_with_init_values@id_node                     cstackBANK0  000093
load_FIFO_with_init_values@id_reseau                   cstackBANK0  000092
load_FIFO_with_init_values@id_trame                    cstackBANK0  000098
load_FIFO_with_init_values@txMsg                       cstackBANK0  000099
load_FIFO_with_temp_humidity_voltage@b_battery_voltage cstackBANK0  0000A9
load_FIFO_with_temp_humidity_voltage@b_humidity        cstackBANK0  0000A8
load_FIFO_with_temp_humidity_voltage@b_temperature     cstackBANK0  0000A7
load_FIFO_with_temp_humidity_voltage@battery_voltage   cstackBANK0  000094
load_FIFO_with_temp_humidity_voltage@humidity          cstackBANK0  00009C
load_FIFO_with_temp_humidity_voltage@i                 cstackBANK0  0000AA
load_FIFO_with_temp_humidity_voltage@id_node           cstackBANK0  000093
load_FIFO_with_temp_humidity_voltage@id_reseau         cstackBANK0  000092
load_FIFO_with_temp_humidity_voltage@id_trame          cstackBANK0  0000A6
load_FIFO_with_temp_humidity_voltage@temperature       cstackBANK0  000098
load_FIFO_with_temp_humidity_voltage@txMsg             cstackBANK0  0000A0
measure_humidity_temp_HIH6021@humidity_HIH6021_H       cstackCOMRAM 000054
measure_humidity_temp_HIH6021@humidity_HIH6021_L       cstackCOMRAM 000055
measure_humidity_temp_HIH6021@temperature_HIH6021_H    cstackCOMRAM 000056
measure_humidity_temp_HIH6021@temperature_HIH6021_L    cstackCOMRAM 000057
readEEPROM@address                                     cstackCOMRAM 000001
stackhi                                                (abs)        000F37
stacklo                                                (abs)        000200
start                                                  init         000000
start_initialization                                   cinit        00E0FC
writeEEPROM@address                                    cstackCOMRAM 000002
writeEEPROM@data                                       cstackCOMRAM 000001


FUNCTION INFORMATION:

 *************** function _main *****************
 Defined at:
		line 170 in file "test_i2c.c"
 Parameters:    Size  Location     Type
  argc            2   26[BANK0 ] int 
  argv            3   28[BANK0 ] PTR PTR unsigned char 
 Auto vars:     Size  Location     Type
		None
 Return value:  Size  Location     Type
                  2   26[BANK0 ] int 
 Registers used:
		wreg, fsr2l, fsr2h, status,2, status,0, tblptrl, tblptrh, tblptru, prodl, prodh, cstack
 Tracked objects:
		On entry : 
		On exit  : 
		Unchanged: 
 Data sizes:     COMRAM   BANK0   BANK1   BANK2   BANK3   BANK4   BANK5   BANK6   BANK7   BANK8   BANK9  BANK10  BANK11  BANK12  BANK13  BANK14  BANK15
      Params:         0       5       0       0       0       0       0       0       0       0       0       0       0       0       0       0       0
      Locals:         0       0       0       0       0       0       0       0       0       0       0       0       0       0       0       0       0
      Temps:          2       0       0       0       0       0       0       0       0       0       0       0       0       0       0       0       0
      Totals:         2       5       0       0       0       0       0       0       0       0       0       0       0       0       0       0       0
Total ram usage:        7 bytes
 Hardware stack levels required when called:    4
 This function calls:
		_UARTInit
		_i2c_init
		_init_F46K22
		_init_LORA_communication
		_load_FIFO_with_init_values
		_load_FIFO_with_temp_humidity_voltage
		_measure_battery
		_measure_humidity_temp_HIH6021
		_readEEPROM
		_reset_IRQs
		_set_TX_and_transmit
		_wait_for_transmission
		_writeEEPROM
 This function is called by:
		Startup code after reset
 This function uses a non-reentrant model


 *************** function _writeEEPROM *****************
 Defined at:
		line 4 in file "EEPROM.c"
 Parameters:    Size  Location     Type
  address         1    wreg     unsigned char 
  data            1    0[COMRAM] unsigned char 
 Auto vars:     Size  Location     Type
  address         1    1[COMRAM] unsigned char 
 Return value:  Size  Location     Type
                  1    wreg      void 
 Registers used:
		wreg, status,2
 Tracked objects:
		On entry : 
		On exit  : 
		Unchanged: 
 Data sizes:     COMRAM   BANK0   BANK1   BANK2   BANK3   BANK4   BANK5   BANK6   BANK7   BANK8   BANK9  BANK10  BANK11  BANK12  BANK13  BANK14  BANK15
      Params:         1       0       0       0       0       0       0       0       0       0       0       0       0       0       0       0       0
      Locals:         1       0       0       0       0       0       0       0       0       0       0       0       0       0       0       0       0
      Temps:          0       0       0       0       0       0       0       0       0       0       0       0       0       0       0       0       0
      Totals:         2       0       0       0       0       0       0       0       0       0       0       0       0       0       0       0       0
Total ram usage:        2 bytes
 Hardware stack levels used:    1
 This function calls:
		Nothing
 This function is called by:
		_main
 This function uses a non-reentrant model


 *************** function _wait_for_transmission *****************
 Defined at:
		line 75 in file "LoRa_com.c"
 Parameters:    Size  Location     Type
		None
 Auto vars:     Size  Location     Type
  reg_val         1    0        unsigned char 
 Return value:  Size  Location     Type
                  1    wreg      void 
 Registers used:
		wreg, status,2, status,0, cstack
 Tracked objects:
		On entry : 
		On exit  : 
		Unchanged: 
 Data sizes:     COMRAM   BANK0   BANK1   BANK2   BANK3   BANK4   BANK5   BANK6   BANK7   BANK8   BANK9  BANK10  BANK11  BANK12  BANK13  BANK14  BANK15
      Params:         0       0       0       0       0       0       0       0       0       0       0       0       0       0       0       0       0
      Locals:         1       0       0       0       0       0       0       0       0       0       0       0       0       0       0       0       0
      Temps:          0       0       0       0       0       0       0       0       0       0       0       0       0       0       0       0       0
      Totals:         1       0       0       0       0       0       0       0       0       0       0       0       0       0       0       0       0
Total ram usage:        1 bytes
 Hardware stack levels used:    1
 Hardware stack levels required when called:    2
 This function calls:
		_ReadSXRegister
 This function is called by:
		_main
 This function uses a non-reentrant model


 *************** function _set_TX_and_transmit *****************
 Defined at:
		line 68 in file "LoRa_com.c"
 Parameters:    Size  Location     Type
		None
 Auto vars:     Size  Location     Type
		None
 Return value:  Size  Location     Type
                  1    wreg      void 
 Registers used:
		wreg, status,2, status,0, cstack
 Tracked objects:
		On entry : 
		On exit  : 
		Unchanged: 
 Data sizes:     COMRAM   BANK0   BANK1   BANK2   BANK3   BANK4   BANK5   BANK6   BANK7   BANK8   BANK9  BANK10  BANK11  BANK12  BANK13  BANK14  BANK15
      Params:         0       0       0       0       0       0       0       0       0       0       0       0       0       0       0       0       0
      Locals:         0       0       0       0       0       0       0       0       0       0       0       0       0       0       0       0       0
      Temps:          2       0       0       0       0       0       0       0       0       0       0       0       0       0       0       0       0
      Totals:         2       0       0       0       0       0       0       0       0       0       0       0       0       0       0       0       0
Total ram usage:        2 bytes
 Hardware stack levels used:    1
 Hardware stack levels required when called:    2
 This function calls:
		_WriteSXRegister
 This function is called by:
		_main
 This function uses a non-reentrant model


 *************** function _reset_IRQs *****************
 Defined at:
		line 83 in file "LoRa_com.c"
 Parameters:    Size  Location     Type
		None
 Auto vars:     Size  Location     Type
		None
 Return value:  Size  Location     Type
                  1    wreg      void 
 Registers used:
		wreg, status,2, status,0, cstack
 Tracked objects:
		On entry : 
		On exit  : 
		Unchanged: 
 Data sizes:     COMRAM   BANK0   BANK1   BANK2   BANK3   BANK4   BANK5   BANK6   BANK7   BANK8   BANK9  BANK10  BANK11  BANK12  BANK13  BANK14  BANK15
[...]
 This function calls:
		_SPIReceive
		_SPITransfer
 This function is called by:
		_GetMode
		_load_FIFO_with_temp_humidity_voltage
		_load_FIFO_with_init_values
		_wait_for_transmission
 This function uses a non-reentrant model


 *************** function _SPITransfer *****************
 Defined at:
		line 41 in file "spi.c"
 Parameters:    Size  Location     Type
  data_out        1    wreg     unsigned char 
 Auto vars:     Size  Location     Type
  data_out        1    1[COMRAM] unsigned char 
  dummy_byte      1    0        unsigned char 
 Return value:  Size  Location     Type
                  1    wreg      void 
 Registers used:
		wreg
 Tracked objects:
		On entry : 
		On exit  : 
		Unchanged: 
 Data sizes:     COMRAM   BANK0   BANK1   BANK2   BANK3   BANK4   BANK5   BANK6   BANK7   BANK8   BANK9  BANK10  BANK11  BANK12  BANK13  BANK14  BANK15
      Params:         0       0       0       0       0       0       0       0       0       0       0       0       0       0       0       0       0
      Locals:         2       0       0       0       0       0       0       0       0       0       0       0       0       0       0       0       0
      Temps:          0       0       0       0       0       0       0       0       0       0       0       0       0       0       0       0       0
      Totals:         2       0       0       0       0       0       0       0       0       0       0       0       0       0       0       0       0
Total ram usage:        2 bytes
 Hardware stack levels used:    1
 This function calls:
		Nothing
 This function is called by:
		_WriteSXRegister
		_ReadSXRegister
		_PrintSXRegContent
 This function uses a non-reentrant model


 *************** function _SPIReceive *****************
 Defined at:
		line 50 in file "spi.c"
 Parameters:    Size  Location     Type
  data_out        1    wreg     unsigned char 
 Auto vars:     Size  Location     Type
  data_out        1    1[COMRAM] unsigned char 
  data_in         1    2[COMRAM] unsigned char 
  dummy_byte      1    0        unsigned char 
 Return value:  Size  Location     Type
                  1    wreg      unsigned char 
 Registers used:
		wreg, status,2
 Tracked objects:
		On entry : 
		On exit  : 
		Unchanged: 
 Data sizes:     COMRAM   BANK0   BANK1   BANK2   BANK3   BANK4   BANK5   BANK6   BANK7   BANK8   BANK9  BANK10  BANK11  BANK12  BANK13  BANK14  BANK15
      Params:         0       0       0       0       0       0       0       0       0       0       0       0       0       0       0       0       0
      Locals:         3       0       0       0       0       0       0       0       0       0       0       0       0       0       0       0       0
      Temps:          0       0       0       0       0       0       0       0       0       0       0       0       0       0       0       0       0
      Totals:         3       0       0       0       0       0       0       0       0       0       0       0       0       0       0       0       0
Total ram usage:        3 bytes
 Hardware stack levels used:    1
 This function calls:
		Nothing
 This function is called by:
		_ReadSXRegister
		_PrintSXRegContent
 This function uses a non-reentrant model


 *************** function _AntennaTX *****************
 Defined at:
		line 34 in file "RF_LoRa_868_SO.c"
 Parameters:    Size  Location     Type
		None
 Auto vars:     Size  Location     Type
		None
 Return value:  Size  Location     Type
                  1    wreg      void 
 Registers used:
		wreg
 Tracked objects:
		On entry : 
		On exit  : 
		Unchanged: 
 Data sizes:     COMRAM   BANK0   BANK1   BANK2   BANK3   BANK4   BANK5   BANK6   BANK7   BANK8   BANK9  BANK10  BANK11  BANK12  BANK13  BANK14  BANK15
      Params:         0       0       0       0       0       0       0       0       0       0       0       0       0       0       0       0       0
      Locals:         0       0       0       0       0       0       0       0       0       0       0       0       0       0       0       0       0
      Temps:          1       0       0       0       0       0       0       0       0       0       0       0       0       0       0       0       0
      Totals:         1       0       0       0       0       0       0       0       0       0       0       0       0       0       0       0       0
Total ram usage:        1 bytes
 Hardware stack levels used:    1
 This function calls:
		Nothing
 This function is called by:
		_init_LORA_communication
 This function uses a non-reentrant model


 *************** function _init_F46K22 *****************
 Defined at:
		line 4 in file "init_F43K22.c"
 Parameters:    Size  Location     Type
		None
 Auto vars:     Size  Location     Type
		None
 Return value:  Size  Location     Type
                  1    wreg      void 
 Registers used:
		wreg, status,2, cstack
 Tracked objects:
		On entry : 
		On exit  : 
		Unchanged: 
 Data sizes:     COMRAM   BANK0   BANK1   BANK2   BANK3   BANK4   BANK5   BANK6   BANK7   BANK8   BANK9  BANK10  BANK11  BANK12  BANK13  BANK14  BANK15
      Params:         0       0       0       0       0       0       0       0       0       0       0       0       0       0       0       0       0
      Locals:         0       0       0       0       0       0       0       0       0       0       0       0       0       0       0       0       0
      Temps:          0       0       0       0       0       0       0       0       0       0       0       0       0       0       0       0       0
      Totals:         0       0       0       0       0       0       0       0       0       0       0       0       0       0       0       0       0
Total ram usage:        0 bytes
 Hardware stack levels used:    1
 Hardware stack levels required when called:    1
 This function calls:
		_init_F46K22_ADC
		_init_F46K22_AN
		_init_F46K22_CLK
		_init_F46K22_IO
		_init_F46K22_TMR
 This function is called by:
		_main
 This function uses a non-reentrant model


 *************** function _init_F46K22_TMR *****************
 Defined at:
		line 123 in file "init_F43K22.c"
 Parameters:    Size  Location     Type
		None
 Auto vars:     Size  Location     Type
		None
 Return value:  Size  Location     Type
                  1    wreg      void 
 Registers used:
		wreg, status,2
 Tracked objects:
		On entry : 
		On exit  : 
		Unchanged: 
 Data sizes:     COMRAM   BANK0   BANK1   BANK2   BANK3   BANK4   BANK5   BANK6   BANK7   BANK8   BANK9  BANK10  BANK11  BANK12  BANK13  BANK14  BANK15
      Params:         0       0       0       0       0       0       0       0       0       0       0       0       0       0       0       0       0
      Locals:         0       0       0       0       0       0       0       0       0       0       0       0       0       0       0       0       0
      Temps:          0       0       0       0       0       0       0       0       0       0       0       0       0       0       0       0       0
      Totals:         0       0       0       0       0       0       0       0       0       0       0       0       0       0       0       0       0
Total ram usage:        0 bytes
 Hardware stack levels used:    1
 This function calls:
		Nothing
 This function is called by:
		_init_F46K22
 This function uses a non-reentrant model


 *************** function _init_F46K22_IO *****************
 Defined at:
		line 30 in file "init_F43K22.c"
 Parameters:    Size  Location     Type
		None
 Auto vars:     Size  Location     Type
		None
 Return value:  Size  Location     Type
                  1    wreg      void 
 Registers used:
		None
 Tracked objects:
		On entry : 
		On exit  : 
		Unchanged: 
 Data sizes:     COMRAM   BANK0   BANK1   BANK2   BANK3   BANK4   BANK5   BANK6   BANK7   BANK8   BANK9  BANK10  BANK11  BANK12  BANK13  BANK14  BANK15
      Params:         0       0       0       0       0       0       0       0       0       0       0       0       0       0       0       0       0
      Locals:         0       0       0       0       0       0       0       0       0       0       0       0       0       0       0       0       0
      Temps:          0       0       0       0       0       0       0       0       0       0       0       0       0       0       0       0       0
      Totals:         0       0       0       0       0       0       0       0       0       0       0       0       0       0       0       0       0
Total ram usage:        0 bytes
 Hardware stack levels used:    1
 This function calls:
		Nothing
 This function is called by:
		_init_F46K22
 This function uses a non-reentrant model


 *************** function _init_F46K22_CLK *****************
 Defined at:
		line 14 in file "init_F43K22.c"
 Parameters:    Size  Location     Type
		None
 Auto vars:     Size  Location     Type
		None
 Return value:  Size  Location     Type
                  1    wreg      void 
 Registers used:
		wreg, status,2
 Tracked objects:
		On entry : 
		On exit  : 
		Unchanged: 
 Data sizes:     COMRAM   BANK0   BANK1   BANK2   BANK3   BANK4   BANK5   BANK6   BANK7   BANK8   BANK9  BANK10  BANK11  BANK12  BANK13  BANK14  BANK15
      Params:         0       0       0       0       0       0       0       0       0       0       0       0       0       0       0       0       0
      Locals:         0       0       0       0       0       0       0       0       0       0       0       0       0       0       0       0       0
      Temps:          0       0       0       0       0       0       0       0       0       0       0       0       0       0       0       0       0
      Totals:         0       0       0       0       0       0       0       0       0       0       0       0       0       0       0       0       0
Total ram usage:        0 bytes
 Hardware stack levels used:    1
 This function calls:
		Nothing
 This function is called by:
		_init_F46K22
 This function uses a non-reentrant model


 *************** function _init_F46K22_AN *****************
 Defined at:
		line 101 in file "init_F43K22.c"
 Parameters:    Size  Location     Type
		None
 Auto vars:     Size  Location     Type
		None
 Return value:  Size  Location     Type
                  1    wreg      void 
 Registers used:
		wreg, status,2
 Tracked objects:
		On entry : 
		On exit  : 
		Unchanged: 
 Data sizes:     COMRAM   BANK0   BANK1   BANK2   BANK3   BANK4   BANK5   BANK6   BANK7   BANK8   BANK9  BANK10  BANK11  BANK12  BANK13  BANK14  BANK15
      Params:         0       0       0       0       0       0       0       0       0       0       0       0       0       0       0       0       0
      Locals:         0       0       0       0       0       0       0       0       0       0       0       0       0       0       0       0       0
      Temps:          0       0       0       0       0       0       0       0       0       0       0       0       0       0       0       0       0
      Totals:         0       0       0       0       0       0       0       0       0       0       0       0       0       0       0       0       0
Total ram usage:        0 bytes
 Hardware stack levels used:    1
 This function calls:
		Nothing
 This function is called by:
		_init_F46K22
 This function uses a non-reentrant model


 *************** function _init_F46K22_ADC *****************
 Defined at:
		line 61 in file "init_F43K22.c"
 Parameters:    Size  Location     Type
		None
 Auto vars:     Size  Location     Type
		None
 Return value:  Size  Location     Type
                  1    wreg      void 
 Registers used:
		wreg, status,2
 Tracked objects:
		On entry : 
		On exit  : 
		Unchanged: 
 Data sizes:     COMRAM   BANK0   BANK1   BANK2   BANK3   BANK4   BANK5   BANK6   BANK7   BANK8   BANK9  BANK10  BANK11  BANK12  BANK13  BANK14  BANK15
      Params:         0       0       0       0       0       0       0       0       0       0       0       0       0       0       0       0       0
      Locals:         0       0       0       0       0       0       0       0       0       0       0       0       0       0       0       0       0
      Temps:          0       0       0       0       0       0       0       0       0       0       0       0       0       0       0       0       0
      Totals:         0       0       0       0       0       0       0       0       0       0       0       0       0       0       0       0       0
Total ram usage:        0 bytes
 Hardware stack levels used:    1
 This function calls:
		Nothing
 This function is called by:
		_init_F46K22
 This function uses a non-reentrant model


 *************** function _i2c_init *****************
 Defined at:
		line 18 in file "i2c.c"
 Parameters:    Size  Location     Type
		None
 Auto vars:     Size  Location     Type
		None
 Return value:  Size  Location     Type
                  1    wreg      void 
 Registers used:
		wreg, status,2
 Tracked objects:
		On entry : 
		On exit  : 
		Unchanged: 
 Data sizes:     COMRAM   BANK0   BANK1   BANK2   BANK3   BANK4   BANK5   BANK6   BANK7   BANK8   BANK9  BANK10  BANK11  BANK12  BANK13  BANK14  BANK15
      Params:         0       0       0       0       0       0       0       0       0       0       0       0       0       0       0       0       0
      Locals:         0       0       0       0       0       0       0       0       0       0       0       0       0       0       0       0       0
      Temps:          0       0       0       0       0       0       0       0       0       0       0       0       0       0       0       0       0
      Totals:         0       0       0       0       0       0       0       0       0       0       0       0       0       0       0       0       0
Total ram usage:        0 bytes
 Hardware stack levels used:    1
 This function calls:
		Nothing
 This function is called by:
		_main
 This function uses a non-reentrant model


 *************** function _UARTInit *****************
 Defined at:
		line 16 in file "uart.c"
 Parameters:    Size  Location     Type
  baudRate        2    0[COMRAM] unsigned int 
 Auto vars:     Size  Location     Type
		None
 Return value:  Size  Location     Type
                  1    wreg      void 
 Registers used:
		wreg, status,2
 Tracked objects:
		On entry : 
		On exit  : 
		Unchanged: 
 Data sizes:     COMRAM   BANK0   BANK1   BANK2   BANK3   BANK4   BANK5   BANK6   BANK7   BANK8   BANK9  BANK10  BANK11  BANK12  BANK13  BANK14  BANK15
      Params:         2       0       0       0       0       0       0       0       0       0       0       0       0       0       0       0       0
      Locals:         0       0       0       0       0       0       0       0       0       0       0       0       0       0       0       0       0
      Temps:          0       0       0       0       0       0       0       0       0       0       0       0       0       0       0       0       0
      Totals:         2       0       0       0       0       0       0       0       0       0       0       0       0       0       0       0       0
Total ram usage:        2 bytes
 Hardware stack levels used:    1
 This function calls:
		Nothing
 This function is called by:
		_main
 This function uses a non-reentrant model



MODULE INFORMATION

Module		Function		Class		Link	Load	Size
init_F43K22.c
		_init_F46K22   		CODE           	DE1A	0000	23
		_init_F46K22_AN		CODE           	DEA2	0000	27
		_init_F46K22_IO		CODE           	DDCE	0000	17
		_init_F46K22_ADC		CODE           	E07E	0000	61
		_init_F46K22_CLK		CODE           	DDDE	0000	21
		_init_F46K22_TMR		CODE           	DDA2	0000	11

init_F43K22.c estimated size: 160

uart.c
		_UARTWriteStr  		CODE           	E148	0000	81
		_UARTWriteByte 		CODE           	DE30	0000	23
		_UARTWriteByteHex		CODE           	E2A8	0000	111
		_UARTInit      		CODE           	E012	0000	55
		_UARTWriteStrLn		CODE           	E1E8	0000	93

uart.c estimated size: 363

C:\Program Files (x86)\Microchip\xc8\v2.10\pic\sources\c99\common\xxtofl.c
		___xxtofl      		CODE           	ECFA	0000	437

C:\Program Files (x86)\Microchip\xc8\v2.10\pic\sources\c99\common\xxtofl.c estimated size: 437

C:\Program Files (x86)\Microchip\xc8\v2.10\pic\sources\c99\common\lwdiv.c
		___lwdiv       		CODE           	E316	0000	117

C:\Program Files (x86)\Microchip\xc8\v2.10\pic\sources\c99\common\lwdiv.c estimated size: 117

C:\Program Files (x86)\Microchip\xc8\v2.10\pic\sources\c99\common\awdiv.c
		___awdiv       		CODE           	E438	0000	197

C:\Program Files (x86)\Microchip\xc8\v2.10\pic\sources\c99\common\awdiv.c estimated size: 197

C:\Program Files (x86)\Microchip\xc8\v2.10\pic\sources\c99\common\fltol.c
		___fltol       		CODE           	E5EE	0000	263

C:\Program Files (x86)\Microchip\xc8\v2.10\pic\sources\c99\common\fltol.c estimated size: 263

i2c.c
		_i2c_NAK       		CODE           	DE5C	0000	23
		_i2c_start     		CODE           	DDF2	0000	21
		_i2c_waitForIdle		CODE           	DFB2	0000	45
		_i2c_ACK       		CODE           	DE46	0000	23
		_i2c_write     		CODE           	DEF0	0000	29
		_i2c_stop      		CODE           	DE8A	0000	25
		_i2c_read      		CODE           	DF4A	0000	33
		_i2c_init      		CODE           	DFDE	0000	53

i2c.c estimated size: 252

C:\Program Files (x86)\Microchip\xc8\v2.10\pic\sources\c99\common\sprcmul.c
		___flmul       		CODE           	F40A	0000	1067

C:\Program Files (x86)\Microchip\xc8\v2.10\pic\sources\c99\common\sprcmul.c estimated size: 1067

C:\Program Files (x86)\Microchip\xc8\v2.10\pic\sources\c99\common\sprcdiv.c
		___fldiv       		CODE           	F070	0000	923

C:\Program Files (x86)\Microchip\xc8\v2.10\pic\sources\c99\common\sprcdiv.c estimated size: 923

test_i2c.c
		_main          		CODE           	E84C	0000	393
		_measure_humidity_temp_HIH6021		CODE           	EB66	0000	405
		_measure_battery		CODE           	E9D4	0000	403

test_i2c.c estimated size: 1201

SX1272.c
		_ReadSXRegister		CODE           	DF0C	0000	31
		_GetMode       		CODE           	E6F4	0000	345
		_InitModule    		CODE           	E4FC	0000	243
		_WriteSXRegister		CODE           	DED6	0000	27

SX1272.c estimated size: 646

EEPROM.c
		_readEEPROM    		CODE           	DE06	0000	21
		_writeEEPROM   		CODE           	E048	0000	55

EEPROM.c estimated size: 76

spi.c
		_SPITransfer   		CODE           	DEBC	0000	27
		_SPIReceive    		CODE           	DF2A	0000	33
		_SPIInit       		CODE           	E0BA	0000	67

spi.c estimated size: 127

shared
		__initialization		CODE           	E0FC	0000	67

shared estimated size: 67

RF_LoRa_868_SO.c
		_ResetRFModule 		CODE           	DF6A	0000	37
		_AntennaTX     		CODE           	DE72	0000	25
		_InitRFLoRaPins		CODE           	DDAC	0000	11

RF_LoRa_868_SO.c estimated size: 73

C:\Program Files (x86)\Microchip\xc8\v2.10\pic\sources\c99\common\sprcadd.c
		___fladd       		CODE           	F834	0000	1217

C:\Program Files (x86)\Microchip\xc8\v2.10\pic\sources\c99\common\sprcadd.c estimated size: 1217

LoRa_com.c
		_set_TX_and_transmit		CODE           	DF8E	0000	37
		_load_FIFO_with_temp_humidity_voltage		CODE           	EEAE	0000	451
		_init_LORA_communication		CODE           	E198	0000	81
		_wait_for_transmission		CODE           	DD9A	0000	9
		_load_FIFO_with_init_values		CODE           	E38A	0000	175
		_reset_IRQs    		CODE           	DDB6	0000	13

LoRa_com.c estimated size: 766

C:\Program Files (x86)\Microchip\xc8\v2.10\pic\sources\c99\common\lwmod.c
		___lwmod       		CODE           	E244	0000	101

C:\Program Files (x86)\Microchip\xc8\v2.10\pic\sources\c99\common\lwmod.c estimated size: 101

