Microchip MPLAB XC8 Compiler V2.00 ()

Linker command line:

-W-3 --edf=C:\Program Files (x86)\Microchip\xc8\v2.00\pic\dat\en_msgs.txt \
  -cs -h+dist/default/debug\fuck_i2c.X.debug.sym \
  --cmf=dist/default/debug\fuck_i2c.X.debug.cmf -z -Q18F46K22 \
  -oC:\Users\Liam5\AppData\Local\Temp\s13jo.2 --defsym=__MPLAB_BUILD=1 \
  -Mdist/default/debug/fuck_i2c.X.debug.map -E1 -ver=XC8 --acfsm=1493 \
  -ASTACK=0200h-0f37h -pstack=STACK -ACODE=00h-0FFFFh -ACONST=00h-0FFFFh \
  -ASMALLCONST=01000h-010FFhx240 -AMEDIUMCONST=01000h-0FFFFh \
  -ACOMRAM=01h-05Fh -AABS1=00h-0F37h -ABIGRAM=01h-0F37h \
  -ARAM=060h-0FFh,0100h-01FFhx14,0F00h-0F37h -ABANK0=060h-0FFh \
  -ABANK1=0100h-01FFh -ABANK2=0200h-02FFh -ABANK3=0300h-03FFh \
  -ABANK4=0400h-04FFh -ABANK5=0500h-05FFh -ABANK6=0600h-06FFh \
  -ABANK7=0700h-07FFh -ABANK8=0800h-08FFh -ABANK9=0900h-09FFh \
  -ABANK10=0A00h-0AFFh -ABANK11=0B00h-0BFFh -ABANK12=0C00h-0CFFh \
  -ABANK13=0D00h-0DFFh -ABANK14=0E00h-0EFFh -ABANK15=0F00h-0F37h \
  -ASFR=0F38h-0F5Fh,0F60h-0FFFh \
  -preset_vec=00h,intcode,intcodelo,powerup,init -pramtop=01000h \
  -psmallconst=SMALLCONST -pmediumconst=MEDIUMCONST -pconst=CONST \
  -AFARRAM=00h-00h -ACONFIG=0300000h-030000Dh -pconfig=CONFIG \
  -AIDLOC=0200000h-0200007h -pidloc=IDLOC -AEEDATA=0F00000h-0F003FFh \
  -peeprom_data=EEDATA \
  -prdata=COMRAM,nvrram=COMRAM,nvbit=COMRAM,rbss=COMRAM,rbit=COMRAM \
  -pfarbss=FARRAM,fardata=FARRAM,nvFARRAM=FARRAM \
  -pintsave_regs=BIGRAM,bigbss=BIGRAM,bigdata=BIGRAM -pbss=RAM \
  -pidata=CODE,irdata=CODE,ibigdata=CODE,ifardata=CODE -prparam=COMRAM \
  C:\Users\Liam5\AppData\Local\Temp\s13jo.o \
  dist/default/debug\fuck_i2c.X.debug.o 

Object code version is 3.11

Machine type is 18F46K22

Call graph: (short form)




                Name                               Link     Load   Length Selector   Space Scale
C:\Users\Liam5\AppData\Local\Temp\s13jo.o
                init                                  0        0        4        0       0
                idloc                            200000   200000        8   200000       0
                config                           300000   300000        E   300000       0
dist/default/debug\fuck_i2c.X.debug.o
                mediumconst                        FC42     FC42      3BE     7E21       0
                text38                             E2A8     E2A8      152     7154       0
                text37                             DD6E     DD6E       34     6EB7       0
                text36                             DE52     DE52       48     6F29       0
                text35                             DBA2     DBA2       1A     6DD1       0
                text34                             DB76     DB76       14     6DBB       0
                text33                             DB66     DB66       10     6DB3       0
                text32                             DB52     DB52        A     6DA9       0
                text31                             DB8A     DB8A       18     6DC5       0
                text30                             DD1C     DD1C       26     6E8E       0
                text29                             DCB0     DCB0       24     6E58       0
                text28                             DBF2     DBF2       1E     6DF9       0
                text27                             E0C4     E0C4       EC     7062       0
                text26                             DF6A     DF6A       6E     6FB5       0
                text25                             DC6C     DC6C       22     6E36       0
                text24                             DE9A     DE9A       68     6F4D       0
                text23                             DFD8     DFD8       74     6FEC       0
                text22                             E55E     E55E      1B8     72AF       0
                text21                             DC8E     DC8E       22     6E47       0
                text20                             E3FA     E3FA      164     71FD       0
                text19                             DBBC     DBBC       1A     6DDE       0
                text18                             E1B0     E1B0       F8     70D8       0
                text17                             DB5C     DB5C        A     6DAE       0
                text16                             DCD4     DCD4       24     6E6A       0
                text15                             DE10     DE10       42     6F08       0
                text14                             DDA2     DDA2       36     6ED1       0
                text13                             E04C     E04C       78     7026       0
                text12                             F6BE     F6BE      584     7B5F       0
                text11                             EE30     EE30      420     7718       0
                text10                             F250     F250      46E     7928       0
                text9                              E716     E716      1DC     738B       0
                text8                              DC10     DC10       1E     6E08       0
                text7                              DC2E     DC2E       1E     6E17       0
                text6                              DDD8     DDD8       38     6EEC       0
                text5                              DD42     DD42       2C     6EA1       0
                text4                              DBD6     DBD6       1C     6DEB       0
                text3                              DC4C     DC4C       20     6E26       0
                text2                              DCF8     DCF8       24     6E7C       0
                text1                              E8F2     E8F2      1DC     7479       0
                text0                              EACE     EACE      362     7567       0
                cstackCOMRAM                          1        1       5A        1       1
                bssBANK1                            100      100      100      100       1
                dataBANK0                            A7       A7        6       60       1
                bssBANK0                             60       60       47       60       1
                dataCOMRAM                           5E       5E        2        1       1
                bssCOMRAM                            5B       5B        3        1       1
                cinit                              DF02     DF02       68     6F81       0
                idataBANK0                         DB4C     DB4C        6     DB4C       0
                idataCOMRAM                        DB4A     DB4A        2     DB4A       0

TOTAL           Name                               Link     Load   Length     Space
        CLASS   STACK          

        CLASS   CODE           
                init                                  0        0        4         0
                text38                             E2A8     E2A8      152         0
                text37                             DD6E     DD6E       34         0
                text36                             DE52     DE52       48         0
                text35                             DBA2     DBA2       1A         0
                text34                             DB76     DB76       14         0
                text33                             DB66     DB66       10         0
                text32                             DB52     DB52        A         0
                text31                             DB8A     DB8A       18         0
                text30                             DD1C     DD1C       26         0
                text29                             DCB0     DCB0       24         0
                text28                             DBF2     DBF2       1E         0
                text27                             E0C4     E0C4       EC         0
                text26                             DF6A     DF6A       6E         0
                text25                             DC6C     DC6C       22         0
                text24                             DE9A     DE9A       68         0
                text23                             DFD8     DFD8       74         0
                text22                             E55E     E55E      1B8         0
                text21                             DC8E     DC8E       22         0
                text20                             E3FA     E3FA      164         0
                text19                             DBBC     DBBC       1A         0
                text18                             E1B0     E1B0       F8         0
                text17                             DB5C     DB5C        A         0
                text16                             DCD4     DCD4       24         0
                text15                             DE10     DE10       42         0
                text14                             DDA2     DDA2       36         0
                text13                             E04C     E04C       78         0
                text12                             F6BE     F6BE      584         0
                text11                             EE30     EE30      420         0
                text10                             F250     F250      46E         0
                text9                              E716     E716      1DC         0
                text8                              DC10     DC10       1E         0
                text7                              DC2E     DC2E       1E         0
                text6                              DDD8     DDD8       38         0
                text5                              DD42     DD42       2C         0
                text4                              DBD6     DBD6       1C         0
                text3                              DC4C     DC4C       20         0
                text2                              DCF8     DCF8       24         0
                text1                              E8F2     E8F2      1DC         0
                text0                              EACE     EACE      362         0
                cinit                              DF02     DF02       68         0
                idataBANK0                         DB4C     DB4C        6         0
                idataCOMRAM                        DB4A     DB4A        2         0

        CLASS   CONST          

        CLASS   SMALLCONST     

        CLASS   MEDIUMCONST    
                mediumconst                        FC42     FC42      3BE         0

        CLASS   COMRAM         
                cstackCOMRAM                          1        1       5A         1
                dataCOMRAM                           5E       5E        2         1
                bssCOMRAM                            5B       5B        3         1

        CLASS   ABS1           

        CLASS   BIGRAM         

        CLASS   RAM            

        CLASS   BANK0          
                dataBANK0                            A7       A7        6         1
                bssBANK0                             60       60       47         1

        CLASS   BANK1          
                bssBANK1                            100      100      100         1

        CLASS   BANK2          

        CLASS   BANK3          

        CLASS   BANK4          

        CLASS   BANK5          

        CLASS   BANK6          

        CLASS   BANK7          

        CLASS   BANK8          

        CLASS   BANK9          

        CLASS   BANK10         

        CLASS   BANK11         

        CLASS   BANK12         

        CLASS   BANK13         

        CLASS   BANK14         

        CLASS   BANK15         

        CLASS   SFR            

        CLASS   FARRAM         

        CLASS   CONFIG         
                config                           300000   300000        E         0

        CLASS   IDLOC          
                idloc                            200000   200000        8         0

        CLASS   EEDATA         



SEGMENTS        Name                           Load    Length   Top    Selector   Space  Class

                reset_vec                      000000  000004  000004         0       0  CODE    
                cstackCOMRAM                   000001  00005F  000060         1       1  COMRAM  
                bssBANK0                       000060  00004D  0000AD        60       1  BANK0   
                bssBANK1                       000100  000100  000200       100       1  BANK1   
                idataCOMRAM                    00DB4A  000002  00DB4C      DB4A       0  CODE    
                idataBANK0                     00DB4C  000006  00DB52      DB4C       0  CODE    
                text32                         00DB52  00000A  00DB5C      6DA9       0  CODE    
                text17                         00DB5C  00000A  00DB66      6DAE       0  CODE    
                text33                         00DB66  000010  00DB76      6DB3       0  CODE    
                text34                         00DB76  000014  00DB8A      6DBB       0  CODE    
                text31                         00DB8A  000018  00DBA2      6DC5       0  CODE    
                text35                         00DBA2  00001A  00DBBC      6DD1       0  CODE    
                text19                         00DBBC  00001A  00DBD6      6DDE       0  CODE    
                text4                          00DBD6  00001C  00DBF2      6DEB       0  CODE    
                text28                         00DBF2  00001E  00DC10      6DF9       0  CODE    
                text8                          00DC10  00001E  00DC2E      6E08       0  CODE    
                text7                          00DC2E  00001E  00DC4C      6E17       0  CODE    
                text3                          00DC4C  000020  00DC6C      6E26       0  CODE    
                text25                         00DC6C  000022  00DC8E      6E36       0  CODE    
                text21                         00DC8E  000022  00DCB0      6E47       0  CODE    
                text29                         00DCB0  000024  00DCD4      6E58       0  CODE    
                text16                         00DCD4  000024  00DCF8      6E6A       0  CODE    
                text2                          00DCF8  000024  00DD1C      6E7C       0  CODE    
                text30                         00DD1C  000026  00DD42      6E8E       0  CODE    
                text5                          00DD42  00002C  00DD6E      6EA1       0  CODE    
                text37                         00DD6E  000034  00DDA2      6EB7       0  CODE    
                text14                         00DDA2  000036  00DDD8      6ED1       0  CODE    
                text6                          00DDD8  000038  00DE10      6EEC       0  CODE    
                text15                         00DE10  000042  00DE52      6F08       0  CODE    
                text36                         00DE52  000048  00DE9A      6F29       0  CODE    
                text24                         00DE9A  000068  00DF02      6F4D       0  CODE    
                cinit                          00DF02  000068  00DF6A      6F81       0  CODE    
                text26                         00DF6A  00006E  00DFD8      6FB5       0  CODE    
                text23                         00DFD8  000074  00E04C      6FEC       0  CODE    
                text13                         00E04C  000078  00E0C4      7026       0  CODE    
                text27                         00E0C4  0000EC  00E1B0      7062       0  CODE    
                text18                         00E1B0  0000F8  00E2A8      70D8       0  CODE    
                text38                         00E2A8  000152  00E3FA      7154       0  CODE    
                text20                         00E3FA  000164  00E55E      71FD       0  CODE    
                text22                         00E55E  0001B8  00E716      72AF       0  CODE    
                text9                          00E716  0001DC  00E8F2      738B       0  CODE    
                text1                          00E8F2  0001DC  00EACE      7479       0  CODE    
                text0                          00EACE  000362  00EE30      7567       0  CODE    
                text11                         00EE30  000420  00F250      7718       0  CODE    
                text10                         00F250  00046E  00F6BE      7928       0  CODE    
                text12                         00F6BE  000584  00FC42      7B5F       0  CODE    
                mediumconst                    00FC42  0003BE  010000      7E21       0  MEDIUMCO
                idloc                          200000  000008  200008    200000       0  IDLOC   
                config                         300000  00000E  30000E    300000       0  CONFIG  


UNUSED ADDRESS RANGES

        Name                Unused          Largest block    Delta
        BANK0            0000AD-0000FF               53
        BANK10           000A00-000AFF              100
        BANK11           000B00-000BFF              100
        BANK12           000C00-000CFF              100
        BANK13           000D00-000DFF              100
        BANK14           000E00-000EFF              100
        BANK15           000F00-000F37               38
        BANK2            000200-0002FF              100
        BANK3            000300-0003FF              100
        BANK4            000400-0004FF              100
        BANK5            000500-0005FF              100
        BANK6            000600-0006FF              100
        BANK7            000700-0007FF              100
        BANK8            000800-0008FF              100
        BANK9            000900-0009FF              100
        BIGRAM           0000AD-0000FF               53
                         000200-000F37              D38
        CODE             000004-00DB49             DB46
        CONST            000004-00DB49             DB46
        EEDATA           F00000-F003FF              400
        MEDIUMCONST      001000-00DB49             CB4A
        RAM              0000AD-0000FF               53
                         000200-000F37              100
        SFR              000F38-000FFF               28
        SMALLCONST       001000-00DB49              100
        STACK            000200-000F37              D38

                                  Symbol Table

?___awdiv                               cstackCOMRAM 000001
?___fladd                               cstackCOMRAM 000001
?___fldiv                               cstackCOMRAM 00002E
?___flmul                               cstackCOMRAM 000015
?___fltol                               cstackCOMRAM 000047
?___xxtofl                              cstackCOMRAM 000001
GetMode@masked_reg                      cstackCOMRAM 000011
GetMode@reg                             cstackCOMRAM 000012
InitModule@pout                         cstackCOMRAM 000008
PrintSXRegContent@RegValue              cstackCOMRAM 00000F
PrintSXRegContent@address               cstackCOMRAM 000010
ReadSXRegister@RegValue                 cstackCOMRAM 000004
ReadSXRegister@address                  cstackCOMRAM 000005
SPIReceive@data_in                      cstackCOMRAM 000003
SPIReceive@data_out                     cstackCOMRAM 000002
SPIReceive@dummy_byte                   cstackCOMRAM 000001
SPITransfer@data_out                    cstackCOMRAM 000002
SPITransfer@dummy_byte                  cstackCOMRAM 000001
UARTInit@baudRate                       cstackCOMRAM 000001
UARTWriteByte@data                      cstackCOMRAM 000001
UARTWriteByteHex@data                   cstackCOMRAM 00000E
UARTWriteByteHex@hexa                   cstackCOMRAM 00000C
UARTWriteStr@i                          cstackCOMRAM 000006
UARTWriteStr@string                     cstackCOMRAM 000002
UARTWriteStrLn@i                        cstackCOMRAM 000006
UARTWriteStrLn@string                   cstackCOMRAM 000002
WriteSXRegister@address                 cstackCOMRAM 000007
WriteSXRegister@data                    cstackCOMRAM 000006
_ADCON0                                 (abs)        000FC2
_ADCON0bits                             (abs)        000FC2
_ADCON1                                 (abs)        000FC1
_ADCON1bits                             (abs)        000FC1
_ADCON2                                 (abs)        000FC0
_ADCON2bits                             (abs)        000FC0
_ADC_result                             bssBANK0     0000A5
_ADRESH                                 (abs)        000FC4
_ADRESL                                 (abs)        000FC3
_ANSELAbits                             (abs)        000F38
_ANSELC                                 (abs)        000F3A
_ANSELCbits                             (abs)        000F3A
_ANSELD                                 (abs)        000F3B
_ANSELDbits                             (abs)        000F3B
_ANSELE                                 (abs)        000F3C
_AntennaTX                              text31       00DB8A
_BAUDCON1bits                           (abs)        000FB8
_CCP5CONbits                            (abs)        000F54
_CheckConfiguration                     text22       00E55E
_GetMode                                text20       00E3FA
_INTCON                                 (abs)        000FF2
_INTCONbits                             (abs)        000FF2
_InitModule                             text18       00E1B0
_InitRFLoRaPins                         text17       00DB5C
_LATBbits                               (abs)        000F8A
_LATEbits                               (abs)        000F8D
_OSCCON                                 (abs)        000FD3
_OSCCONbits                             (abs)        000FD3
_PEIE                                   (abs)        007F96
_PIE1bits                               (abs)        000F9D
_PIR1bits                               (abs)        000F9E
_PIR2bits                               (abs)        000FA1
_PIR3bits                               (abs)        000FA4
_PrintSXRegContent                      text25       00DC6C
_RCIE                                   (abs)        007CED
_RCIF                                   (abs)        007CF5
_RCREG1                                 (abs)        000FAE
_RCSTA1                                 (abs)        000FAB
_RCSTA1bits                             (abs)        000FAB
_ReadSXRegister                         text21       00DC8E
_ResetRFModule                          text16       00DCD4
_SPBRG1                                 (abs)        000FAF
_SPBRGH1                                (abs)        000FB0
_SPIInit                                text15       00DE10
_SPIReceive                             text30       00DD1C
_SPITransfer                            text29       00DCB0
_SSP1ADD                                (abs)        000FC8
_SSP1BUF                                (abs)        000FC9
_SSP1CON1bits                           (abs)        000FC6
_SSP1CON2                               (abs)        000FC5
_SSP1CON2bits                           (abs)        000FC5
_SSP1STATbits                           (abs)        000FC7
_SSP2BUF                                (abs)        000F6F
_SSP2CON1                               (abs)        000F6C
_SSP2STATbits                           (abs)        000F6D
_T0CON                                  (abs)        000FD5
_TRISA                                  (abs)        000F92
_TRISAbits                              (abs)        000F92
_TRISB                                  (abs)        000F93
_TRISBbits                              (abs)        000F93
_TRISC                                  (abs)        000F94
_TRISCbits                              (abs)        000F94
_TRISDbits                              (abs)        000F95
_TRISEbits                              (abs)        000F96
_TXREG1                                 (abs)        000FAD
_TXSTA1                                 (abs)        000FAC
_TXSTA1bits                             (abs)        000FAC
_UARTInit                               text14       00DDA2
_UARTWriteByte                          text28       00DBF2
_UARTWriteByteHex                       text26       00DF6A
_UARTWriteStr                           text24       00DE9A
_UARTWriteStrLn                         text23       00DFD8
_VREFCON0bits                           (abs)        000F42
_WriteSXRegister                        text19       00DBBC
__CFG_BOREN$SBORDIS                     (abs)        000000
__CFG_BORV$190                          (abs)        000000
__CFG_CCP2MX$PORTC1                     (abs)        000000
__CFG_CCP3MX$PORTB5                     (abs)        000000
__CFG_CP0$OFF                           (abs)        000000
__CFG_CP1$OFF                           (abs)        000000
__CFG_CPB$OFF                           (abs)        000000
__CFG_CPD$OFF                           (abs)        000000
__CFG_EBTR0$OFF                         (abs)        000000
__CFG_EBTR1$OFF                         (abs)        000000
__CFG_EBTRB$OFF                         (abs)        000000
__CFG_FCMEN$OFF                         (abs)        000000
__CFG_FOSC$INTIO7                       (abs)        000000
__CFG_HFOFST$ON                         (abs)        000000
__CFG_IESO$OFF                          (abs)        000000
__CFG_LVP$OFF                           (abs)        000000
__CFG_MCLRE$EXTMCLR                     (abs)        000000
__CFG_P2BMX$PORTD2                      (abs)        000000
__CFG_PBADEN$OFF                        (abs)        000000
__CFG_PLLCFG$OFF                        (abs)        000000
__CFG_PRICLKEN$ON                       (abs)        000000
__CFG_PWRTEN$ON                         (abs)        000000
__CFG_STVREN$ON                         (abs)        000000
__CFG_T3CMX$PORTC0                      (abs)        000000
__CFG_WDTEN$OFF                         (abs)        000000
__CFG_WDTPS$32768                       (abs)        000000
__CFG_WRT0$OFF                          (abs)        000000
__CFG_WRT1$OFF                          (abs)        000000
__CFG_WRTB$OFF                          (abs)        000000
__CFG_WRTC$OFF                          (abs)        000000
__CFG_WRTD$OFF                          (abs)        000000
__CFG_XINST$OFF                         (abs)        000000
__HRAM                                  (abs)        000000
__Habs1                                 abs1         000000
__Hbank0                                bank0        000000
__Hbank1                                bank1        000000
__Hbank10                               bank10       000000
__Hbank11                               bank11       000000
__Hbank12                               bank12       000000
__Hbank13                               bank13       000000
__Hbank14                               bank14       000000
__Hbank15                               bank15       000000
__Hbank2                                bank2        000000
__Hbank3                                bank3        000000
__Hbank4                                bank4        000000
__Hbank5                                bank5        000000
__Hbank6                                bank6        000000
__Hbank7                                bank7        000000
__Hbank8                                bank8        000000
__Hbank9                                bank9        000000
__Hbigbss                               bigbss       000000
__Hbigdata                              bigdata      000000
__Hbigram                               bigram       000000
__Hbss                                  bss          000000
__HbssBANK0                             bssBANK0     000000
__HbssBANK1                             bssBANK1     000000
__HbssCOMRAM                            bssCOMRAM    000000
__Hcinit                                cinit        000000
__Hclrtext                              clrtext      000000
__Hcomram                               comram       000000
__Hconfig                               config       30000E
__Hconst                                const        000000
__HcstackCOMRAM                         cstackCOMRAM 000000
__Hdata                                 data         000000
__HdataBANK0                            dataBANK0    000000
__HdataCOMRAM                           dataCOMRAM   000000
__Heeprom_data                          eeprom_data  000000
__Hfarbss                               farbss       000000
__Hfardata                              fardata      000000
__Hibigdata                             ibigdata     000000
__Hidata                                idata        000000
__HidataBANK0                           idataBANK0   000000
__HidataCOMRAM                          idataCOMRAM  000000
__Hidloc                                idloc        200008
__Hifardata                             ifardata     000000
__Hinit                                 init         000004
__Hintcode                              intcode      000000
__Hintcode_body                         intcode_body 000000
__Hintcodelo                            intcodelo    000000
__Hintentry                             intentry     000000
__Hintret                               intret       000000
__Hintsave_regs                         intsave_regs 000000
__Hirdata                               irdata       000000
__Hmediumconst                          mediumconst  010000
__HnvFARRAM                             nvFARRAM     000000
__Hnvbit                                nvbit        000000
__Hnvrram                               nvrram       000000
__Hparam                                rparam       000000
__Hpowerup                              powerup      000000
__Hram                                  ram          000000
__Hramtop                               ramtop       001000
__Hrbit                                 rbit         000000
__Hrbss                                 rbss         000000
__Hrdata                                rdata        000000
__Hreset_vec                            reset_vec    000000
__Hrparam                               rparam       000000
__Hsfr                                  sfr          000000
__Hsmallconst                           smallconst   000000
__Hspace_0                              (abs)        30000E
__Hspace_1                              (abs)        000200
__Hspace_2                              (abs)        000000
__Hstack                                stack        000000
__Hstruct                               struct       000000
__Htemp                                 temp         000000
__Htext                                 text         000000
__Htext0                                text0        000000
__Htext1                                text1        000000
__Htext10                               text10       000000
__Htext11                               text11       000000
__Htext12                               text12       000000
__Htext13                               text13       000000
__Htext14                               text14       000000
__Htext15                               text15       000000
__Htext16                               text16       000000
__Htext17                               text17       000000
__Htext18                               text18       000000
__Htext19                               text19       000000
__Htext2                                text2        000000
__Htext20                               text20       000000
__Htext21                               text21       000000
__Htext22                               text22       000000
__Htext23                               text23       000000
__Htext24                               text24       000000
__Htext25                               text25       000000
__Htext26                               text26       000000
__Htext27                               text27       000000
__Htext28                               text28       000000
__Htext29                               text29       000000
__Htext3                                text3        000000
__Htext30                               text30       000000
__Htext31                               text31       000000
__Htext32                               text32       000000
__Htext33                               text33       000000
__Htext34                               text34       000000
__Htext35                               text35       000000
__Htext36                               text36       000000
__Htext37                               text37       000000
__Htext38                               text38       000000
__Htext4                                text4        000000
__Htext5                                text5        000000
__Htext6                                text6        000000
__Htext7                                text7        000000
__Htext8                                text8        000000
__Htext9                                text9        000000
__LRAM                                  (abs)        000001
__Labs1                                 abs1         000000
__Lbank0                                bank0        000000
__Lbank1                                bank1        000000
__Lbank10                               bank10       000000
__Lbank11                               bank11       000000
__Lbank12                               bank12       000000
__Lbank13                               bank13       000000
__Lbank14                               bank14       000000
__Lbank15                               bank15       000000
__Lbank2                                bank2        000000
__Lbank3                                bank3        000000
__Lbank4                                bank4        000000
__Lbank5                                bank5        000000
__Lbank6                                bank6        000000
__Lbank7                                bank7        000000
__Lbank8                                bank8        000000
__Lbank9                                bank9        000000
__Lbigbss                               bigbss       000000
__Lbigdata                              bigdata      000000
__Lbigram                               bigram       000000
__Lbss                                  bss          000000
__LbssBANK0                             bssBANK0     000000
__LbssBANK1                             bssBANK1     000000
__LbssCOMRAM                            bssCOMRAM    000000
__Lcinit                                cinit        000000
__Lclrtext                              clrtext      000000
__Lcomram                               comram       000000
__Lconfig                               config       300000
__Lconst                                const        000000
__LcstackCOMRAM                         cstackCOMRAM 000000
__Ldata                                 data         000000
__LdataBANK0                            dataBANK0    000000
__LdataCOMRAM                           dataCOMRAM   000000
__Leeprom_data                          eeprom_data  000000
__Lfarbss                               farbss       000000
__Lfardata                              fardata      000000
__Libigdata                             ibigdata     000000
__Lidata                                idata        000000
__LidataBANK0                           idataBANK0   000000
__LidataCOMRAM                          idataCOMRAM  000000
__Lidloc                                idloc        200000
__Lifardata                             ifardata     000000
__Linit                                 init         000000
__Lintcode                              intcode      000000
__Lintcode_body                         intcode_body 000000
__Lintcodelo                            intcodelo    000000
__Lintentry                             intentry     000000
__Lintret                               intret       000000
__Lintsave_regs                         intsave_regs 000000
__Lirdata                               irdata       000000
__Lmediumconst                          mediumconst  00FC42
__LnvFARRAM                             nvFARRAM     000000
__Lnvbit                                nvbit        000000
__Lnvrram                               nvrram       000000
__Lparam                                rparam       000000
__Lpowerup                              powerup      000000
__Lram                                  ram          000000
__Lramtop                               ramtop       001000
__Lrbit                                 rbit         000000
__Lrbss                                 rbss         000000
__Lrdata                                rdata        000000
__Lreset_vec                            reset_vec    000000
__Lrparam                               rparam       000000
__Lsfr                                  sfr          000000
__Lsmallconst                           smallconst   000000
__Lspace_0                              (abs)        000000
__Lspace_1                              (abs)        000000
__Lspace_2                              (abs)        000000
__Lstack                                stack        000000
__Lstruct                               struct       000000
__Ltemp                                 temp         000000
__Ltext                                 text         000000
__Ltext0                                text0        000000
__Ltext1                                text1        000000
__Ltext10                               text10       000000
__Ltext11                               text11       000000
__Ltext12                               text12       000000
__Ltext13                               text13       000000
__Ltext14                               text14       000000
__Ltext15                               text15       000000
__Ltext16                               text16       000000
__Ltext17                               text17       000000
__Ltext18                               text18       000000
__Ltext19                               text19       000000
__Ltext2                                text2        000000
__Ltext20                               text20       000000
__Ltext21                               text21       000000
__Ltext22                               text22       000000
__Ltext23                               text23       000000
__Ltext24                               text24       000000
__Ltext25                               text25       000000
__Ltext26                               text26       000000
__Ltext27                               text27       000000
__Ltext28                               text28       000000
__Ltext29                               text29       000000
__Ltext3                                text3        000000
__Ltext30                               text30       000000
__Ltext31                               text31       000000
__Ltext32                               text32       000000
__Ltext33                               text33       000000
__Ltext34                               text34       000000
__Ltext35                               text35       000000
__Ltext36                               text36       000000
__Ltext37                               text37       000000
__Ltext38                               text38       000000
__Ltext4                                text4        000000
__Ltext5                                text5        000000
__Ltext6                                text6        000000
__Ltext7                                text7        000000
__Ltext8                                text8        000000
__Ltext9                                text9        000000
__S0                                    (abs)        30000E
__S1                                    (abs)        000200
__S2                                    (abs)        000000
___awdiv                                text27       00E0C4
___awdiv@counter                        cstackCOMRAM 000005
___awdiv@dividend                       cstackCOMRAM 000001
___awdiv@divisor                        cstackCOMRAM 000003
___awdiv@quotient                       cstackCOMRAM 000007
___awdiv@sign                           cstackCOMRAM 000006
___fladd                                text12       00F6BE
___fladd@a                              cstackCOMRAM 000005
___fladd@aexp                           cstackCOMRAM 000012
___fladd@b                              cstackCOMRAM 000001
___fladd@bexp                           cstackCOMRAM 000013
___fladd@grs                            cstackCOMRAM 000014
___fladd@signs                          cstackCOMRAM 000011
___fldiv                                text11       00EE30
___fldiv@a                              cstackCOMRAM 000032
___fldiv@aexp                           cstackCOMRAM 000046
___fldiv@b                              cstackCOMRAM 00002E
___fldiv@bexp                           cstackCOMRAM 000045
___fldiv@grs                            cstackCOMRAM 000041
___fldiv@new_exp                        cstackCOMRAM 00003F
___fldiv@rem                            cstackCOMRAM 00003A
___fldiv@sign                           cstackCOMRAM 00003E
___flmul                                text10       00F250
___flmul@a                              cstackCOMRAM 000019
___flmul@aexp                           cstackCOMRAM 000026
___flmul@b                              cstackCOMRAM 000015
___flmul@bexp                           cstackCOMRAM 000027
___flmul@grs                            cstackCOMRAM 000022
___flmul@prod                           cstackCOMRAM 000028
___flmul@sign                           cstackCOMRAM 000021
___flmul@temp                           cstackCOMRAM 00002C
___fltol                                text38       00E2A8
___fltol@exp1                           cstackCOMRAM 000050
___fltol@f1                             cstackCOMRAM 000047
___fltol@sign1                          cstackCOMRAM 00004F
___inthi_sp                             stack        000000
___intlo_sp                             stack        000000
___param_bank                           (abs)        000000
___rparam_used                          (abs)        000001
___sp                                   stack        000000
___xxtofl                               text9        00E716
___xxtofl@arg                           cstackCOMRAM 00000B
___xxtofl@exp                           cstackCOMRAM 00000A
___xxtofl@sign                          cstackCOMRAM 000009
___xxtofl@val                           cstackCOMRAM 000001
__accesstop                             (abs)        000060
__activetblptr                          (abs)        000002
__end_of_AntennaTX                      text31       00DBA2
__end_of_CheckConfiguration             text22       00E716
__end_of_GetMode                        text20       00E55E
__end_of_InitModule                     text18       00E2A8
__end_of_InitRFLoRaPins                 text17       00DB66
__end_of_PrintSXRegContent              text25       00DC8E
__end_of_ReadSXRegister                 text21       00DCB0
__end_of_ResetRFModule                  text16       00DCF8
__end_of_SPIInit                        text15       00DE52
__end_of_SPIReceive                     text30       00DD42
__end_of_SPITransfer                    text29       00DCD4
__end_of_UARTInit                       text14       00DDD8
__end_of_UARTWriteByte                  text28       00DC10
__end_of_UARTWriteByteHex               text26       00DFD8
__end_of_UARTWriteStr                   text24       00DF02
__end_of_UARTWriteStrLn                 text23       00E04C
__end_of_WriteSXRegister                text19       00DBD6
__end_of___awdiv                        text27       00E1B0
__end_of___fladd                        text12       00FC42
__end_of___fldiv                        text11       00F250
__end_of___flmul                        text10       00F6BE
__end_of___fltol                        text38       00E3FA
__end_of___xxtofl                       text9        00E8F2
__end_of__initialization                cinit        00DF60
__end_of_i2c_ACK                        text8        00DC2E
__end_of_i2c_NAK                        text7        00DC4C
__end_of_i2c_init                       text37       00DDA2
__end_of_i2c_read                       text5        00DD6E
__end_of_i2c_start                      text4        00DBF2
__end_of_i2c_stop                       text3        00DC6C
__end_of_i2c_waitForIdle                text6        00DE10
__end_of_i2c_write                      text2        00DD1C
__end_of_init_F46K22_ADC                text36       00DE9A
__end_of_init_F46K22_AN                 text35       00DBBC
__end_of_init_F46K22_CLK                text34       00DB8A
__end_of_init_F46K22_IO                 text33       00DB76
__end_of_init_F46K22_TMR                text32       00DB5C
__end_of_init_LORA_communication        text13       00E0C4
__end_of_main                           text0        00EE30
__end_of_measure_humidity_temp_HIH6021  text1        00EACE
__initialization                        cinit        00DF02
__mediumconst                           mediumconst  00FC42
__pbssBANK0                             bssBANK0     000060
__pbssBANK1                             bssBANK1     000100
__pbssCOMRAM                            bssCOMRAM    00005B
__pcinit                                cinit        00DF02
__pcstackCOMRAM                         cstackCOMRAM 000001
__pdataBANK0                            dataBANK0    0000A7
__pdataCOMRAM                           dataCOMRAM   00005E
__pidataBANK0                           idataBANK0   00DB4C
__pidataCOMRAM                          idataCOMRAM  00DB4A
__pmediumconst                          mediumconst  00FC42
__ptext0                                text0        00EACE
__ptext1                                text1        00E8F2
__ptext10                               text10       00F250
__ptext11                               text11       00EE30
__ptext12                               text12       00F6BE
__ptext13                               text13       00E04C
__ptext14                               text14       00DDA2
__ptext15                               text15       00DE10
__ptext16                               text16       00DCD4
__ptext17                               text17       00DB5C
__ptext18                               text18       00E1B0
__ptext19                               text19       00DBBC
__ptext2                                text2        00DCF8
__ptext20                               text20       00E3FA
__ptext21                               text21       00DC8E
__ptext22                               text22       00E55E
__ptext23                               text23       00DFD8
__ptext24                               text24       00DE9A
__ptext25                               text25       00DC6C
__ptext26                               text26       00DF6A
__ptext27                               text27       00E0C4
__ptext28                               text28       00DBF2
__ptext29                               text29       00DCB0
__ptext3                                text3        00DC4C
__ptext30                               text30       00DD1C
__ptext31                               text31       00DB8A
__ptext32                               text32       00DB52
__ptext33                               text33       00DB66
__ptext34                               text34       00DB76
__ptext35                               text35       00DBA2
__ptext36                               text36       00DE52
__ptext37                               text37       00DD6E
__ptext38                               text38       00E2A8
__ptext4                                text4        00DBD6
__ptext5                                text5        00DD42
__ptext6                                text6        00DDD8
__ptext7                                text7        00DC2E
__ptext8                                text8        00DC10
__ptext9                                text9        00E716
__ramtop                                ramtop       001000
__size_of_AntennaTX                     (abs)        000000
__size_of_CheckConfiguration            (abs)        000000
__size_of_GetMode                       (abs)        000000
__size_of_InitModule                    (abs)        000000
__size_of_InitRFLoRaPins                (abs)        000000
__size_of_PrintSXRegContent             (abs)        000000
__size_of_ReadSXRegister                (abs)        000000
__size_of_ResetRFModule                 (abs)        000000
__size_of_SPIInit                       (abs)        000000
__size_of_SPIReceive                    (abs)        000000
__size_of_SPITransfer                   (abs)        000000
__size_of_UARTInit                      (abs)        000000
__size_of_UARTWriteByte                 (abs)        000000
__size_of_UARTWriteByteHex              (abs)        000000
__size_of_UARTWriteStr                  (abs)        000000
__size_of_UARTWriteStrLn                (abs)        000000
__size_of_WriteSXRegister               (abs)        000000
__size_of___awdiv                       (abs)        000000
__size_of___fladd                       (abs)        000000
__size_of___fldiv                       (abs)        000000
__size_of___flmul                       (abs)        000000
__size_of___fltol                       (abs)        000000
__size_of___xxtofl                      (abs)        000000
__size_of_i2c_ACK                       (abs)        000000
__size_of_i2c_NAK                       (abs)        000000
__size_of_i2c_init                      (abs)        000000
__size_of_i2c_read                      (abs)        000000
__size_of_i2c_start                     (abs)        000000
__size_of_i2c_stop                      (abs)        000000
__size_of_i2c_waitForIdle               (abs)        000000
__size_of_i2c_write                     (abs)        000000
__size_of_init_F46K22_ADC               (abs)        000000
__size_of_init_F46K22_AN                (abs)        000000
__size_of_init_F46K22_CLK               (abs)        000000
__size_of_init_F46K22_IO                (abs)        000000
__size_of_init_F46K22_TMR               (abs)        000000
__size_of_init_LORA_communication       (abs)        000000
__size_of_main                          (abs)        000000
__size_of_measure_humidity_temp_HIH6021 (abs)        000000
__smallconst                            smallconst   000000
_accu_v                                 bssBANK0     000098
_accu_v2                                bssBANK0     000096
_bat_voltage0                           bssBANK0     0000A1
_bat_voltage1                           bssBANK0     0000A2
_bat_voltage_decim_part                 bssBANK0     00009F
_bat_voltage_unit                       bssBANK0     0000A0
_battery_voltage                        dataBANK0    0000A7
_battery_voltage_int                    dataBANK0    0000AB
_header0                                bssBANK0     0000A3
_header1                                bssBANK0     0000A4
_humidity                               bssBANK0     000082
_humidity2                              bssBANK0     00007E
_humidity3                              bssBANK0     00007A
_humidityHL                             bssBANK0     00008A
_humidity_HIH6021_H                     bssCOMRAM    00005C
_humidity_HIH6021_L                     bssCOMRAM    00005B
_i                                      bssBANK0     000090
_i2c_ACK                                text8        00DC10
_i2c_NAK                                text7        00DC2E
_i2c_init                               text37       00DD6E
_i2c_read                               text5        00DD42
_i2c_start                              text4        00DBD6
_i2c_stop                               text3        00DC4C
_i2c_waitForIdle                        text6        00DDD8
_i2c_write                              text2        00DCF8
_id_node                                dataCOMRAM   00005F
_id_reseau                              dataCOMRAM   00005E
_id_trame                               dataBANK0    0000AC
_init_F46K22_ADC                        text36       00DE52
_init_F46K22_AN                         text35       00DBA2
_init_F46K22_CLK                        text34       00DB76
_init_F46K22_IO                         text33       00DB66
_init_F46K22_TMR                        text32       00DB52
_init_LORA_communication                text13       00E04C
_main                                   text0        00EACE
_measure_humidity_temp_HIH6021          text1        00E8F2
_panel_voltage0                         bssBANK0     00009D
_panel_voltage1                         bssBANK0     00009E
_reg_val                                bssCOMRAM    00005D
_send_data                              bssBANK0     00009C
_temp_AT                                bssBANK0     000092
_temperature                            bssBANK0     000076
_temperature2                           bssBANK0     000072
_temperature3                           bssBANK0     00006E
_temperature4                           bssBANK0     00006A
_temperatureHL                          bssBANK0     00008C
_temperature_HIH6021_H                  bssBANK0     00009B
_temperature_HIH6021_L                  bssBANK0     00009A
_timer_tick                             bssBANK0     00008E
_txBuffer                               bssBANK1     000100
_txMsg                                  bssBANK0     000060
_volts                                  bssBANK0     000086
_volts_cV                               bssBANK0     000094
_volts_divider                          bssBANK0     000066
end_of_initialization                   cinit        00DF60
i2c_read@i2cReadData                    cstackCOMRAM 000002
i2c_write@i2cWriteData                  cstackCOMRAM 000002
init_LORA_communication@baud_rate       cstackCOMRAM 000013
intlevel0                               text         000000
intlevel1                               text         000000
intlevel2                               text         000000
intlevel3                               text         000000
main@b_battery_voltage                  cstackCOMRAM 000058
main@b_humidity                         cstackCOMRAM 00005A
main@b_temperature                      cstackCOMRAM 000059
stackhi                                 (abs)        000F37
stacklo                                 (abs)        000200
start                                   init         000000
start_initialization                    cinit        00DF02


FUNCTION INFORMATION:

 *************** function _main *****************
 Defined at:
		line 192 in file "test_i2c.c"
 Parameters:    Size  Location     Type
  argc            2   80[COMRAM] int 
  argv            3   82[COMRAM] PTR PTR unsigned char 
 Auto vars:     Size  Location     Type
  b_humidity      1   89[COMRAM] unsigned char 
  b_temperatur    1   88[COMRAM] unsigned char 
  b_battery_vo    1   87[COMRAM] unsigned char 
 Return value:  Size  Location     Type
                  2   80[COMRAM] int 
 Registers used:
		wreg, fsr2l, fsr2h, status,2, status,0, tblptrl, tblptrh, tblptru, prodl, prodh, cstack
 Tracked objects:
		On entry : 
		On exit  : 
		Unchanged: 
 Data sizes:     COMRAM   BANK0   BANK1   BANK2   BANK3   BANK4   BANK5   BANK6   BANK7   BANK8   BANK9  BANK10  BANK11  BANK12  BANK13  BANK14  BANK15
      Params:         5       0       0       0       0       0       0       0       0       0       0       0       0       0       0       0       0
      Locals:         3       0       0       0       0       0       0       0       0       0       0       0       0       0       0       0       0
      Temps:          2       0       0       0       0       0       0       0       0       0       0       0       0       0       0       0       0
      Totals:        10       0       0       0       0       0       0       0       0       0       0       0       0       0       0       0       0
Total ram usage:       10 bytes
 Hardware stack levels required when called:    5
 This function calls:
		_GetMode
		_ReadSXRegister
		_UARTWriteByteHex
		_UARTWriteStr
		_UARTWriteStrLn
		_WriteSXRegister
		___fladd
		___fldiv
		___flmul
		___fltol
		_i2c_init
		_init_F46K22_ADC
		_init_F46K22_AN
		_init_F46K22_CLK
		_init_F46K22_IO
		_init_F46K22_TMR
		_init_LORA_communication
		_measure_humidity_temp_HIH6021
 This function is called by:
		Startup code after reset
 This function uses a non-reentrant model


 *************** function _measure_humidity_temp_HIH6021 *****************
 Defined at:
		line 522 in file "test_i2c.c"
 Parameters:    Size  Location     Type
		None
 Auto vars:     Size  Location     Type
		None
 Return value:  Size  Location     Type
                  1    wreg      void 
 Registers used:
		wreg, status,2, status,0, prodl, prodh, cstack
 Tracked objects:
		On entry : 
		On exit  : 
		Unchanged: 
 Data sizes:     COMRAM   BANK0   BANK1   BANK2   BANK3   BANK4   BANK5   BANK6   BANK7   BANK8   BANK9  BANK10  BANK11  BANK12  BANK13  BANK14  BANK15
      Params:         0       0       0       0       0       0       0       0       0       0       0       0       0       0       0       0       0
      Locals:         0       0       0       0       0       0       0       0       0       0       0       0       0       0       0       0       0
      Temps:          3       0       0       0       0       0       0       0       0       0       0       0       0       0       0       0       0
      Totals:         3       0       0       0       0       0       0       0       0       0       0       0       0       0       0       0       0
Total ram usage:        3 bytes
 Hardware stack levels used:    1
 Hardware stack levels required when called:    2
 This function calls:
		___fladd
		___fldiv
		___flmul
		___xxtofl
		_i2c_ACK
		_i2c_NAK
		_i2c_read
		_i2c_start
		_i2c_stop
		_i2c_write
 This function is called by:
		_main
 This function uses a non-reentrant model


 *************** function _i2c_write *****************
 Defined at:
		line 177 in file "i2c.c"
 Parameters:    Size  Location     Type
  i2cWriteData    1    wreg     unsigned char 
 Auto vars:     Size  Location     Type
  i2cWriteData    1    1[COMRAM] unsigned char 
 Return value:  Size  Location     Type
                  1    wreg      void 
 Registers used:
		wreg, status,2, status,0, cstack
 Tracked objects:
		On entry : 
		On exit  : 
		Unchanged: 
 Data sizes:     COMRAM   BANK0   BANK1   BANK2   BANK3   BANK4   BANK5   BANK6   BANK7   BANK8   BANK9  BANK10  BANK11  BANK12  BANK13  BANK14  BANK15
      Params:         0       0       0       0       0       0       0       0       0       0       0       0       0       0       0       0       0
      Locals:         1       0       0       0       0       0       0       0       0       0       0       0       0       0       0       0       0
      Temps:          0       0       0       0       0       0       0       0       0       0       0       0       0       0       0       0       0
      Totals:         1       0       0       0       0       0       0       0       0       0       0       0       0       0       0       0       0
Total ram usage:        1 bytes
 Hardware stack levels used:    1
 Hardware stack levels required when called:    1
 This function calls:
		_i2c_waitForIdle
 This function is called by:
		_measure_humidity_temp_HIH6021
 This function uses a non-reentrant model


 *************** function _i2c_stop *****************
 Defined at:
		line 111 in file "i2c.c"
 Parameters:    Size  Location     Type
		None
 Auto vars:     Size  Location     Type
		None
 Return value:  Size  Location     Type
                  1    wreg      void 
 Registers used:
		wreg, status,2, status,0, cstack
 Tracked objects:
		On entry : 
		On exit  : 
		Unchanged: 
 Data sizes:     COMRAM   BANK0   BANK1   BANK2   BANK3   BANK4   BANK5   BANK6   BANK7   BANK8   BANK9  BANK10  BANK11  BANK12  BANK13  BANK14  BANK15
      Params:         0       0       0       0       0       0       0       0       0       0       0       0       0       0       0       0       0
      Locals:         0       0       0       0       0       0       0       0       0       0       0       0       0       0       0       0       0
      Temps:          0       0       0       0       0       0       0       0       0       0       0       0       0       0       0       0       0
      Totals:         0       0       0       0       0       0       0       0       0       0       0       0       0       0       0       0       0
Total ram usage:        0 bytes
 Hardware stack levels used:    1
 Hardware stack levels required when called:    1
 This function calls:
		_i2c_waitForIdle
 This function is called by:
		_measure_humidity_temp_HIH6021
 This function uses a non-reentrant model


 *************** function _i2c_start *****************
 Defined at:
		line 84 in file "i2c.c"
 Parameters:    Size  Location     Type
		None
 Auto vars:     Size  Location     Type
		None
 Return value:  Size  Location     Type
                  1    wreg      void 
 Registers used:
		None
 Tracked objects:
		On entry : 
		On exit  : 
		Unchanged: 
 Data sizes:     COMRAM   BANK0   BANK1   BANK2   BANK3   BANK4   BANK5   BANK6   BANK7   BANK8   BANK9  BANK10  BANK11  BANK12  BANK13  BANK14  BANK15
      Params:         0       0       0       0       0       0       0       0       0       0       0       0       0       0       0       0       0
      Locals:         0       0       0       0       0       0       0       0       0       0       0       0       0       0       0       0       0
      Temps:          0       0       0       0       0       0       0       0       0       0       0       0       0       0       0       0       0
      Totals:         0       0       0       0       0       0       0       0       0       0       0       0       0       0       0       0       0
Total ram usage:        0 bytes
 Hardware stack levels used:    1
 This function calls:
		Nothing
 This function is called by:
		_measure_humidity_temp_HIH6021
 This function uses a non-reentrant model


 *************** function _i2c_read *****************
 Defined at:
		line 155 in file "i2c.c"
 Parameters:    Size  Location     Type
		None
 Auto vars:     Size  Location     Type
  i2cReadData     1    1[COMRAM] unsigned char 
 Return value:  Size  Location     Type
                  1    wreg      unsigned char 
 Registers used:
		wreg, status,2, status,0, cstack
 Tracked objects:
		On entry : 
		On exit  : 
		Unchanged: 
 Data sizes:     COMRAM   BANK0   BANK1   BANK2   BANK3   BANK4   BANK5   BANK6   BANK7   BANK8   BANK9  BANK10  BANK11  BANK12  BANK13  BANK14  BANK15
      Params:         0       0       0       0       0       0       0       0       0       0       0       0       0       0       0       0       0
      Locals:         1       0       0       0       0       0       0       0       0       0       0       0       0       0       0       0       0
      Temps:          0       0       0       0       0       0       0       0       0       0       0       0       0       0       0       0       0
      Totals:         1       0       0       0       0       0       0       0       0       0       0       0       0       0       0       0       0
Total ram usage:        1 bytes
 Hardware stack levels used:    1
 Hardware stack levels required when called:    1
 This function calls:
		_i2c_waitForIdle
 This function is called by:
		_measure_humidity_temp_HIH6021
 This function uses a non-reentrant model


 *************** function _i2c_waitForIdle *****************
 Defined at:
		line 71 in file "i2c.c"
 Parameters:    Size  Location     Type
		None
 Auto vars:     Size  Location     Type
		None
 Return value:  Size  Location     Type
                  1    wreg      void 
 Registers used:
		wreg, status,2, status,0
 Tracked objects:
		On entry : 
		On exit  : 
		Unchanged: 
 Data sizes:     COMRAM   BANK0   BANK1   BANK2   BANK3   BANK4   BANK5   BANK6   BANK7   BANK8   BANK9  BANK10  BANK11  BANK12  BANK13  BANK14  BANK15
      Params:         0       0       0       0       0       0       0       0       0       0       0       0       0       0       0       0       0
      Locals:         0       0       0       0       0       0       0       0       0       0       0       0       0       0       0       0       0
      Temps:          1       0       0       0       0       0       0       0       0       0       0       0       0       0       0       0       0
      Totals:         1       0       0       0       0       0       0       0       0       0       0       0       0       0       0       0       0
Total ram usage:        1 bytes
 Hardware stack levels used:    1
 This function calls:
		Nothing
 This function is called by:
		_i2c_stop
		_i2c_read
		_i2c_write
		_i2c_repStart
 This function uses a non-reentrant model


 *************** function _i2c_NAK *****************
 Defined at:
		line 139 in file "i2c.c"
 Parameters:    Size  Location     Type
		None
 Auto vars:     Size  Location     Type
		None
 Return value:  Size  Location     Type
                  1    wreg      void 
 Registers used:
		None
 Tracked objects:
		On entry : 
		On exit  : 
		Unchanged: 
 Data sizes:     COMRAM   BANK0   BANK1   BANK2   BANK3   BANK4   BANK5   BANK6   BANK7   BANK8   BANK9  BANK10  BANK11  BANK12  BANK13  BANK14  BANK15
      Params:         0       0       0       0       0       0       0       0       0       0       0       0       0       0       0       0       0
      Locals:         0       0       0       0       0       0       0       0       0       0       0       0       0       0       0       0       0
      Temps:          0       0       0       0       0       0       0       0       0       0       0       0       0       0       0       0       0
      Totals:         0       0       0       0       0       0       0       0       0       0       0       0       0       0       0       0       0
Total ram usage:        0 bytes
 Hardware stack levels used:    1
 This function calls:
		Nothing
 This function is called by:
		_measure_humidity_temp_HIH6021
 This function uses a non-reentrant model


 *************** function _i2c_ACK *****************
 Defined at:
		line 125 in file "i2c.c"
 Parameters:    Size  Location     Type
		None
 Auto vars:     Size  Location     Type
		None
 Return value:  Size  Location     Type
                  1    wreg      void 
 Registers used:
		None
 Tracked objects:
		On entry : 
		On exit  : 
		Unchanged: 
 Data sizes:     COMRAM   BANK0   BANK1   BANK2   BANK3   BANK4   BANK5   BANK6   BANK7   BANK8   BANK9  BANK10  BANK11  BANK12  BANK13  BANK14  BANK15
      Params:         0       0       0       0       0       0       0       0       0       0       0       0       0       0       0       0       0
      Locals:         0       0       0       0       0       0       0       0       0       0       0       0       0       0       0       0       0
      Temps:          0       0       0       0       0       0       0       0       0       0       0       0       0       0       0       0       0
      Totals:         0       0       0       0       0       0       0       0       0       0       0       0       0       0       0       0       0
Total ram usage:        0 bytes
 Hardware stack levels used:    1
 This function calls:
		Nothing
 This function is called by:
		_measure_humidity_temp_HIH6021
 This function uses a non-reentrant model


 *************** function ___xxtofl *****************
 Defined at:
		line 10 in file "C:\Program Files (x86)\Microchip\xc8\v2.00\pic\sources\c99\common\xxtofl.c"
 Parameters:    Size  Location     Type
  sign            1    wreg     unsigned char 
  val             4    0[COMRAM] long 
 Auto vars:     Size  Location     Type
  sign            1    8[COMRAM] unsigned char 
  arg             4   10[COMRAM] unsigned long 
  exp             1    9[COMRAM] unsigned char 
 Return value:  Size  Location     Type
                  4    0[COMRAM] unsigned char 
 Registers used:
		wreg, status,2, status,0
 Tracked objects:
		On entry : 
		On exit  : 
		Unchanged: 
 Data sizes:     COMRAM   BANK0   BANK1   BANK2   BANK3   BANK4   BANK5   BANK6   BANK7   BANK8   BANK9  BANK10  BANK11  BANK12  BANK13  BANK14  BANK15
      Params:         4       0       0       0       0       0       0       0       0       0       0       0       0       0       0       0       0
      Locals:         6       0       0       0       0       0       0       0       0       0       0       0       0       0       0       0       0
      Temps:          4       0       0       0       0       0       0       0       0       0       0       0       0       0       0       0       0
      Totals:        14       0       0       0       0       0       0       0       0       0       0       0       0       0       0       0       0
Total ram usage:       14 bytes
 Hardware stack levels used:    1
 This function calls:
		Nothing
 This function is called by:
		_measure_humidity_temp_HIH6021
		_measure_battery
 This function uses a non-reentrant model


 *************** function ___flmul *****************
 Defined at:
		line 8 in file "C:\Program Files (x86)\Microchip\xc8\v2.00\pic\sources\c99\common\sprcmul.c"
 Parameters:    Size  Location     Type
  b               4   20[COMRAM] unsigned char 
  a               4   24[COMRAM] unsigned char 
 Auto vars:     Size  Location     Type
  prod            4   39[COMRAM] struct .
  grs             4   33[COMRAM] unsigned long 
  temp            2   43[COMRAM] struct .
  bexp            1   38[COMRAM] unsigned char 
  aexp            1   37[COMRAM] unsigned char 
  sign            1   32[COMRAM] unsigned char 
 Return value:  Size  Location     Type
                  4   20[COMRAM] unsigned char 
 Registers used:
		wreg, status,2, status,0, prodl, prodh
 Tracked objects:
		On entry : 
		On exit  : 
		Unchanged: 
 Data sizes:     COMRAM   BANK0   BANK1   BANK2   BANK3   BANK4   BANK5   BANK6   BANK7   BANK8   BANK9  BANK10  BANK11  BANK12  BANK13  BANK14  BANK15
      Params:         8       0       0       0       0       0       0       0       0       0       0       0       0       0       0       0       0
      Locals:        13       0       0       0       0       0       0       0       0       0       0       0       0       0       0       0       0
      Temps:          4       0       0       0       0       0       0       0       0       0       0       0       0       0       0       0       0
      Totals:        25       0       0       0       0       0       0       0       0       0       0       0       0       0       0       0       0
Total ram usage:       25 bytes
 Hardware stack levels used:    1
 This function calls:
		Nothing
 This function is called by:
		_main
		_measure_humidity_temp_HIH6021
		_measure_battery
		_load_FIFO_with_temp_humidity_voltage
 This function uses a non-reentrant model


 *************** function ___fldiv *****************
 Defined at:
		line 11 in file "C:\Program Files (x86)\Microchip\xc8\v2.00\pic\sources\c99\common\sprcdiv.c"
 Parameters:    Size  Location     Type
  b               4   45[COMRAM] unsigned char 
  a               4   49[COMRAM] unsigned char 
 Auto vars:     Size  Location     Type
  grs             4   64[COMRAM] unsigned long 
  rem             4   57[COMRAM] unsigned long 
  new_exp         2   62[COMRAM] short 
  aexp            1   69[COMRAM] unsigned char 
  bexp            1   68[COMRAM] unsigned char 
  sign            1   61[COMRAM] unsigned char 
 Return value:  Size  Location     Type
                  4   45[COMRAM] unsigned char 
 Registers used:
		wreg, status,2, status,0
 Tracked objects:
		On entry : 
		On exit  : 
		Unchanged: 
 Data sizes:     COMRAM   BANK0   BANK1   BANK2   BANK3   BANK4   BANK5   BANK6   BANK7   BANK8   BANK9  BANK10  BANK11  BANK12  BANK13  BANK14  BANK15
      Params:         8       0       0       0       0       0       0       0       0       0       0       0       0       0       0       0       0
      Locals:        13       0       0       0       0       0       0       0       0       0       0       0       0       0       0       0       0
      Temps:          4       0       0       0       0       0       0       0       0       0       0       0       0       0       0       0       0
      Totals:        25       0       0       0       0       0       0       0       0       0       0       0       0       0       0       0       0
Total ram usage:       25 bytes
 Hardware stack levels used:    1
 This function calls:
		Nothing
 This function is called by:
		_main
		_measure_humidity_temp_HIH6021
		_load_FIFO_with_temp_humidity_voltage
 This function uses a non-reentrant model


 *************** function ___fladd *****************
 Defined at:
		line 10 in file "C:\Program Files (x86)\Microchip\xc8\v2.00\pic\sources\c99\common\sprcadd.c"
 Parameters:    Size  Location     Type
  b               4    0[COMRAM] unsigned char 
  a               4    4[COMRAM] unsigned char 
 Auto vars:     Size  Location     Type
  grs             1   19[COMRAM] unsigned char 
  bexp            1   18[COMRAM] unsigned char 
  aexp            1   17[COMRAM] unsigned char 
  signs           1   16[COMRAM] unsigned char 
 Return value:  Size  Location     Type
                  4    0[COMRAM] unsigned char 
 Registers used:
		wreg, status,2, status,0
 Tracked objects:
		On entry : 
		On exit  : 
		Unchanged: 
 Data sizes:     COMRAM   BANK0   BANK1   BANK2   BANK3   BANK4   BANK5   BANK6   BANK7   BANK8   BANK9  BANK10  BANK11  BANK12  BANK13  BANK14  BANK15
      Params:         8       0       0       0       0       0       0       0       0       0       0       0       0       0       0       0       0
      Locals:         4       0       0       0       0       0       0       0       0       0       0       0       0       0       0       0       0
      Temps:          8       0       0       0       0       0       0       0       0       0       0       0       0       0       0       0       0
      Totals:        20       0       0       0       0       0       0       0       0       0       0       0       0       0       0       0       0
Total ram usage:       20 bytes
 Hardware stack levels used:    1
 This function calls:
		Nothing
 This function is called by:
		_main
		_measure_humidity_temp_HIH6021
		_load_FIFO_with_temp_humidity_voltage
 This function uses a non-reentrant model


 *************** function _init_LORA_communication *****************
 Defined at:
		line 7 in file "LoRa_com.c"
 Parameters:    Size  Location     Type
  baud_rate       2   18[COMRAM] unsigned int 
 Auto vars:     Size  Location     Type
		None
 Return value:  Size  Location     Type
                  1    wreg      void 
 Registers used:
		wreg, status,2, status,0, tblptrl, tblptrh, tblptru, prodl, prodh, cstack
 Tracked objects:
		On entry : 
		On exit  : 
		Unchanged: 
 Data sizes:     COMRAM   BANK0   BANK1   BANK2   BANK3   BANK4   BANK5   BANK6   BANK7   BANK8   BANK9  BANK10  BANK11  BANK12  BANK13  BANK14  BANK15
      Params:         2       0       0       0       0       0       0       0       0       0       0       0       0       0       0       0       0
      Locals:         0       0       0       0       0       0       0       0       0       0       0       0       0       0       0       0       0
      Temps:          2       0       0       0       0       0       0       0       0       0       0       0       0       0       0       0       0
      Totals:         4       0       0       0       0       0       0       0       0       0       0       0       0       0       0       0       0
Total ram usage:        4 bytes
 Hardware stack levels used:    1
 Hardware stack levels required when called:    4
 This function calls:
		_AntennaTX
		_CheckConfiguration
		_GetMode
		_InitModule
		_InitRFLoRaPins
		_ResetRFModule
		_SPIInit
		_UARTInit
		_UARTWriteStrLn
		_WriteSXRegister
 This function is called by:
		_main
 This function uses a non-reentrant model


 *************** function _UARTInit *****************
 Defined at:
		line 16 in file "uart.c"
 Parameters:    Size  Location     Type
  baudRate        2    0[COMRAM] unsigned int 
 Auto vars:     Size  Location     Type
		None
 Return value:  Size  Location     Type
                  1    wreg      void 
 Registers used:
		wreg, status,2
 Tracked objects:
		On entry : 
		On exit  : 
		Unchanged: 
 Data sizes:     COMRAM   BANK0   BANK1   BANK2   BANK3   BANK4   BANK5   BANK6   BANK7   BANK8   BANK9  BANK10  BANK11  BANK12  BANK13  BANK14  BANK15
      Params:         2       0       0       0       0       0       0       0       0       0       0       0       0       0       0       0       0
      Locals:         0       0       0       0       0       0       0       0       0       0       0       0       0       0       0       0       0
      Temps:          0       0       0       0       0       0       0       0       0       0       0       0       0       0       0       0       0
      Totals:         2       0       0       0       0       0       0       0       0       0       0       0       0       0       0       0       0
Total ram usage:        2 bytes
 Hardware stack levels used:    1
 This function calls:
		Nothing
 This function is called by:
		_init_LORA_communication
 This function uses a non-reentrant model


 *************** function _SPIInit *****************
 Defined at:
		line 16 in file "spi.c"
 Parameters:    Size  Location     Type
		None
 Auto vars:     Size  Location     Type
		None
 Return value:  Size  Location     Type
                  1    wreg      void 
 Registers used:
		wreg, status,2
[...]
 Tracked objects:
		On entry : 
		On exit  : 
		Unchanged: 
 Data sizes:     COMRAM   BANK0   BANK1   BANK2   BANK3   BANK4   BANK5   BANK6   BANK7   BANK8   BANK9  BANK10  BANK11  BANK12  BANK13  BANK14  BANK15
      Params:         4       0       0       0       0       0       0       0       0       0       0       0       0       0       0       0       0
      Locals:         4       0       0       0       0       0       0       0       0       0       0       0       0       0       0       0       0
      Temps:          0       0       0       0       0       0       0       0       0       0       0       0       0       0       0       0       0
      Totals:         8       0       0       0       0       0       0       0       0       0       0       0       0       0       0       0       0
Total ram usage:        8 bytes
 Hardware stack levels used:    1
 This function calls:
		Nothing
 This function is called by:
		_UARTWriteByteHex
 This function uses a non-reentrant model


 *************** function _UARTWriteByte *****************
 Defined at:
		line 52 in file "uart.c"
 Parameters:    Size  Location     Type
  data            1    wreg     unsigned char 
 Auto vars:     Size  Location     Type
  data            1    0[COMRAM] unsigned char 
 Return value:  Size  Location     Type
                  1    wreg      void 
 Registers used:
		wreg
 Tracked objects:
		On entry : 
		On exit  : 
		Unchanged: 
 Data sizes:     COMRAM   BANK0   BANK1   BANK2   BANK3   BANK4   BANK5   BANK6   BANK7   BANK8   BANK9  BANK10  BANK11  BANK12  BANK13  BANK14  BANK15
      Params:         0       0       0       0       0       0       0       0       0       0       0       0       0       0       0       0       0
      Locals:         1       0       0       0       0       0       0       0       0       0       0       0       0       0       0       0       0
      Temps:          0       0       0       0       0       0       0       0       0       0       0       0       0       0       0       0       0
      Totals:         1       0       0       0       0       0       0       0       0       0       0       0       0       0       0       0       0
Total ram usage:        1 bytes
 Hardware stack levels used:    1
 This function calls:
		Nothing
 This function is called by:
		_UARTWriteStr
		_UARTWriteStrLn
		_UARTWriteByteHex
 This function uses a non-reentrant model


 *************** function _SPITransfer *****************
 Defined at:
		line 41 in file "spi.c"
 Parameters:    Size  Location     Type
  data_out        1    wreg     unsigned char 
 Auto vars:     Size  Location     Type
  data_out        1    1[COMRAM] unsigned char 
  dummy_byte      1    0[COMRAM] unsigned char 
 Return value:  Size  Location     Type
                  1    wreg      void 
 Registers used:
		wreg
 Tracked objects:
		On entry : 
		On exit  : 
		Unchanged: 
 Data sizes:     COMRAM   BANK0   BANK1   BANK2   BANK3   BANK4   BANK5   BANK6   BANK7   BANK8   BANK9  BANK10  BANK11  BANK12  BANK13  BANK14  BANK15
      Params:         0       0       0       0       0       0       0       0       0       0       0       0       0       0       0       0       0
      Locals:         2       0       0       0       0       0       0       0       0       0       0       0       0       0       0       0       0
      Temps:          0       0       0       0       0       0       0       0       0       0       0       0       0       0       0       0       0
      Totals:         2       0       0       0       0       0       0       0       0       0       0       0       0       0       0       0       0
Total ram usage:        2 bytes
 Hardware stack levels used:    1
 This function calls:
		Nothing
 This function is called by:
		_WriteSXRegister
		_ReadSXRegister
		_PrintSXRegContent
 This function uses a non-reentrant model


 *************** function _SPIReceive *****************
 Defined at:
		line 50 in file "spi.c"
 Parameters:    Size  Location     Type
  data_out        1    wreg     unsigned char 
 Auto vars:     Size  Location     Type
  data_out        1    1[COMRAM] unsigned char 
  data_in         1    2[COMRAM] unsigned char 
  dummy_byte      1    0[COMRAM] unsigned char 
 Return value:  Size  Location     Type
                  1    wreg      unsigned char 
 Registers used:
		wreg, status,2
 Tracked objects:
		On entry : 
		On exit  : 
		Unchanged: 
 Data sizes:     COMRAM   BANK0   BANK1   BANK2   BANK3   BANK4   BANK5   BANK6   BANK7   BANK8   BANK9  BANK10  BANK11  BANK12  BANK13  BANK14  BANK15
      Params:         0       0       0       0       0       0       0       0       0       0       0       0       0       0       0       0       0
      Locals:         3       0       0       0       0       0       0       0       0       0       0       0       0       0       0       0       0
      Temps:          0       0       0       0       0       0       0       0       0       0       0       0       0       0       0       0       0
      Totals:         3       0       0       0       0       0       0       0       0       0       0       0       0       0       0       0       0
Total ram usage:        3 bytes
 Hardware stack levels used:    1
 This function calls:
		Nothing
 This function is called by:
		_ReadSXRegister
		_PrintSXRegContent
 This function uses a non-reentrant model


 *************** function _AntennaTX *****************
 Defined at:
		line 34 in file "RF_LoRa_868_SO.c"
 Parameters:    Size  Location     Type
		None
 Auto vars:     Size  Location     Type
		None
 Return value:  Size  Location     Type
                  1    wreg      void 
 Registers used:
		wreg
 Tracked objects:
		On entry : 
		On exit  : 
		Unchanged: 
 Data sizes:     COMRAM   BANK0   BANK1   BANK2   BANK3   BANK4   BANK5   BANK6   BANK7   BANK8   BANK9  BANK10  BANK11  BANK12  BANK13  BANK14  BANK15
      Params:         0       0       0       0       0       0       0       0       0       0       0       0       0       0       0       0       0
      Locals:         0       0       0       0       0       0       0       0       0       0       0       0       0       0       0       0       0
      Temps:          1       0       0       0       0       0       0       0       0       0       0       0       0       0       0       0       0
      Totals:         1       0       0       0       0       0       0       0       0       0       0       0       0       0       0       0       0
Total ram usage:        1 bytes
 Hardware stack levels used:    1
 This function calls:
		Nothing
 This function is called by:
		_init_LORA_communication
 This function uses a non-reentrant model


 *************** function _init_F46K22_TMR *****************
 Defined at:
		line 433 in file "test_i2c.c"
 Parameters:    Size  Location     Type
		None
 Auto vars:     Size  Location     Type
		None
 Return value:  Size  Location     Type
                  1    wreg      void 
 Registers used:
		wreg, status,2
 Tracked objects:
		On entry : 
		On exit  : 
		Unchanged: 
 Data sizes:     COMRAM   BANK0   BANK1   BANK2   BANK3   BANK4   BANK5   BANK6   BANK7   BANK8   BANK9  BANK10  BANK11  BANK12  BANK13  BANK14  BANK15
      Params:         0       0       0       0       0       0       0       0       0       0       0       0       0       0       0       0       0
      Locals:         0       0       0       0       0       0       0       0       0       0       0       0       0       0       0       0       0
      Temps:          0       0       0       0       0       0       0       0       0       0       0       0       0       0       0       0       0
      Totals:         0       0       0       0       0       0       0       0       0       0       0       0       0       0       0       0       0
Total ram usage:        0 bytes
 Hardware stack levels used:    1
 This function calls:
		Nothing
 This function is called by:
		_main
 This function uses a non-reentrant model


 *************** function _init_F46K22_IO *****************
 Defined at:
		line 340 in file "test_i2c.c"
 Parameters:    Size  Location     Type
		None
 Auto vars:     Size  Location     Type
		None
 Return value:  Size  Location     Type
                  1    wreg      void 
 Registers used:
		None
 Tracked objects:
		On entry : 
		On exit  : 
		Unchanged: 
 Data sizes:     COMRAM   BANK0   BANK1   BANK2   BANK3   BANK4   BANK5   BANK6   BANK7   BANK8   BANK9  BANK10  BANK11  BANK12  BANK13  BANK14  BANK15
      Params:         0       0       0       0       0       0       0       0       0       0       0       0       0       0       0       0       0
      Locals:         0       0       0       0       0       0       0       0       0       0       0       0       0       0       0       0       0
      Temps:          0       0       0       0       0       0       0       0       0       0       0       0       0       0       0       0       0
      Totals:         0       0       0       0       0       0       0       0       0       0       0       0       0       0       0       0       0
Total ram usage:        0 bytes
 Hardware stack levels used:    1
 This function calls:
		Nothing
 This function is called by:
		_main
 This function uses a non-reentrant model


 *************** function _init_F46K22_CLK *****************
 Defined at:
		line 324 in file "test_i2c.c"
 Parameters:    Size  Location     Type
		None
 Auto vars:     Size  Location     Type
		None
 Return value:  Size  Location     Type
                  1    wreg      void 
 Registers used:
		wreg, status,2
 Tracked objects:
		On entry : 
		On exit  : 
		Unchanged: 
 Data sizes:     COMRAM   BANK0   BANK1   BANK2   BANK3   BANK4   BANK5   BANK6   BANK7   BANK8   BANK9  BANK10  BANK11  BANK12  BANK13  BANK14  BANK15
      Params:         0       0       0       0       0       0       0       0       0       0       0       0       0       0       0       0       0
      Locals:         0       0       0       0       0       0       0       0       0       0       0       0       0       0       0       0       0
      Temps:          0       0       0       0       0       0       0       0       0       0       0       0       0       0       0       0       0
      Totals:         0       0       0       0       0       0       0       0       0       0       0       0       0       0       0       0       0
Total ram usage:        0 bytes
 Hardware stack levels used:    1
 This function calls:
		Nothing
 This function is called by:
		_main
 This function uses a non-reentrant model


 *************** function _init_F46K22_AN *****************
 Defined at:
		line 411 in file "test_i2c.c"
 Parameters:    Size  Location     Type
		None
 Auto vars:     Size  Location     Type
		None
 Return value:  Size  Location     Type
                  1    wreg      void 
 Registers used:
		wreg, status,2
 Tracked objects:
		On entry : 
		On exit  : 
		Unchanged: 
 Data sizes:     COMRAM   BANK0   BANK1   BANK2   BANK3   BANK4   BANK5   BANK6   BANK7   BANK8   BANK9  BANK10  BANK11  BANK12  BANK13  BANK14  BANK15
      Params:         0       0       0       0       0       0       0       0       0       0       0       0       0       0       0       0       0
      Locals:         0       0       0       0       0       0       0       0       0       0       0       0       0       0       0       0       0
      Temps:          0       0       0       0       0       0       0       0       0       0       0       0       0       0       0       0       0
      Totals:         0       0       0       0       0       0       0       0       0       0       0       0       0       0       0       0       0
Total ram usage:        0 bytes
 Hardware stack levels used:    1
 This function calls:
		Nothing
 This function is called by:
		_main
 This function uses a non-reentrant model


 *************** function _init_F46K22_ADC *****************
 Defined at:
		line 371 in file "test_i2c.c"
 Parameters:    Size  Location     Type
		None
 Auto vars:     Size  Location     Type
		None
 Return value:  Size  Location     Type
                  1    wreg      void 
 Registers used:
		wreg, status,2
 Tracked objects:
		On entry : 
		On exit  : 
		Unchanged: 
 Data sizes:     COMRAM   BANK0   BANK1   BANK2   BANK3   BANK4   BANK5   BANK6   BANK7   BANK8   BANK9  BANK10  BANK11  BANK12  BANK13  BANK14  BANK15
      Params:         0       0       0       0       0       0       0       0       0       0       0       0       0       0       0       0       0
      Locals:         0       0       0       0       0       0       0       0       0       0       0       0       0       0       0       0       0
      Temps:          0       0       0       0       0       0       0       0       0       0       0       0       0       0       0       0       0
      Totals:         0       0       0       0       0       0       0       0       0       0       0       0       0       0       0       0       0
Total ram usage:        0 bytes
 Hardware stack levels used:    1
 This function calls:
		Nothing
 This function is called by:
		_main
 This function uses a non-reentrant model


 *************** function _i2c_init *****************
 Defined at:
		line 18 in file "i2c.c"
 Parameters:    Size  Location     Type
		None
 Auto vars:     Size  Location     Type
		None
 Return value:  Size  Location     Type
                  1    wreg      void 
 Registers used:
		wreg, status,2
 Tracked objects:
		On entry : 
		On exit  : 
		Unchanged: 
 Data sizes:     COMRAM   BANK0   BANK1   BANK2   BANK3   BANK4   BANK5   BANK6   BANK7   BANK8   BANK9  BANK10  BANK11  BANK12  BANK13  BANK14  BANK15
      Params:         0       0       0       0       0       0       0       0       0       0       0       0       0       0       0       0       0
      Locals:         0       0       0       0       0       0       0       0       0       0       0       0       0       0       0       0       0
      Temps:          0       0       0       0       0       0       0       0       0       0       0       0       0       0       0       0       0
      Totals:         0       0       0       0       0       0       0       0       0       0       0       0       0       0       0       0       0
Total ram usage:        0 bytes
 Hardware stack levels used:    1
 This function calls:
		Nothing
 This function is called by:
		_main
 This function uses a non-reentrant model


 *************** function ___fltol *****************
 Defined at:
		line 43 in file "C:\Program Files (x86)\Microchip\xc8\v2.00\pic\sources\c99\common\fltol.c"
 Parameters:    Size  Location     Type
  f1              4   70[COMRAM] void 
 Auto vars:     Size  Location     Type
  exp1            1   79[COMRAM] unsigned char 
  sign1           1   78[COMRAM] unsigned char 
 Return value:  Size  Location     Type
                  4   70[COMRAM] long 
 Registers used:
		wreg, status,2, status,0
 Tracked objects:
		On entry : 
		On exit  : 
		Unchanged: 
 Data sizes:     COMRAM   BANK0   BANK1   BANK2   BANK3   BANK4   BANK5   BANK6   BANK7   BANK8   BANK9  BANK10  BANK11  BANK12  BANK13  BANK14  BANK15
      Params:         4       0       0       0       0       0       0       0       0       0       0       0       0       0       0       0       0
      Locals:         2       0       0       0       0       0       0       0       0       0       0       0       0       0       0       0       0
      Temps:          4       0       0       0       0       0       0       0       0       0       0       0       0       0       0       0       0
      Totals:        10       0       0       0       0       0       0       0       0       0       0       0       0       0       0       0       0
Total ram usage:       10 bytes
 Hardware stack levels used:    1
 This function calls:
		Nothing
 This function is called by:
		_main
		_measure_battery
		_load_FIFO_with_temp_humidity_voltage
 This function uses a non-reentrant model



MODULE INFORMATION

Module		Function		Class		Link	Load	Size
C:\Program Files (x86)\Microchip\xc8\v2.00\pic\sources\c99\common\sprcmul.c
		___flmul       		CODE           	F250	0000	1135

C:\Program Files (x86)\Microchip\xc8\v2.00\pic\sources\c99\common\sprcmul.c estimated size: 1135

C:\Program Files (x86)\Microchip\xc8\v2.00\pic\sources\c99\common\sprcdiv.c
		___fldiv       		CODE           	EE30	0000	1057

C:\Program Files (x86)\Microchip\xc8\v2.00\pic\sources\c99\common\sprcdiv.c estimated size: 1057

uart.c
		_UARTWriteStr  		CODE           	DE9A	0000	105
		_UARTWriteByte 		CODE           	DBF2	0000	31
		_UARTWriteByteHex		CODE           	DF6A	0000	111
		_UARTInit      		CODE           	DDA2	0000	55
		_UARTWriteStrLn		CODE           	DFD8	0000	117

uart.c estimated size: 419

C:\Program Files (x86)\Microchip\xc8\v2.00\pic\sources\c99\common\xxtofl.c
		___xxtofl      		CODE           	E716	0000	477

C:\Program Files (x86)\Microchip\xc8\v2.00\pic\sources\c99\common\xxtofl.c estimated size: 477

i2c.c
		_i2c_NAK       		CODE           	DC2E	0000	31
		_i2c_start     		CODE           	DBD6	0000	29
		_i2c_waitForIdle		CODE           	DDD8	0000	57
		_i2c_ACK       		CODE           	DC10	0000	31
		_i2c_write     		CODE           	DCF8	0000	37
		_i2c_stop      		CODE           	DC4C	0000	33
		_i2c_read      		CODE           	DD42	0000	45
		_i2c_init      		CODE           	DD6E	0000	53

i2c.c estimated size: 316

test_i2c.c
		_main          		CODE           	EACE	0000	867
		_measure_humidity_temp_HIH6021		CODE           	E8F2	0000	477
		_init_F46K22_AN		CODE           	DBA2	0000	27
		_init_F46K22_IO		CODE           	DB66	0000	17
		_init_F46K22_ADC		CODE           	DE52	0000	73
		_init_F46K22_CLK		CODE           	DB76	0000	21
		_init_F46K22_TMR		CODE           	DB52	0000	11

test_i2c.c estimated size: 1493

C:\Program Files (x86)\Microchip\xc8\v2.00\pic\sources\c99\common\sprcadd.c
		___fladd       		CODE           	F6BE	0000	1413

C:\Program Files (x86)\Microchip\xc8\v2.00\pic\sources\c99\common\sprcadd.c estimated size: 1413

SX1272.c
		_ReadSXRegister		CODE           	DC8E	0000	35
		_CheckConfiguration		CODE           	E55E	0000	441
		_GetMode       		CODE           	E3FA	0000	357
		_PrintSXRegContent		CODE           	DC6C	0000	35
		_InitModule    		CODE           	E1B0	0000	249
		_WriteSXRegister		CODE           	DBBC	0000	27

SX1272.c estimated size: 1144

spi.c
		_SPITransfer   		CODE           	DCB0	0000	37
		_SPIReceive    		CODE           	DD1C	0000	39
		_SPIInit       		CODE           	DE10	0000	67

spi.c estimated size: 143

C:\Program Files (x86)\Microchip\xc8\v2.00\pic\sources\c99\common\awdiv.c
		___awdiv       		CODE           	E0C4	0000	237

C:\Program Files (x86)\Microchip\xc8\v2.00\pic\sources\c99\common\awdiv.c estimated size: 237

shared
		__initialization		CODE           	DF02	0000	95

shared estimated size: 95

C:\Program Files (x86)\Microchip\xc8\v2.00\pic\sources\c99\common\fltol.c
		___fltol       		CODE           	E2A8	0000	339

C:\Program Files (x86)\Microchip\xc8\v2.00\pic\sources\c99\common\fltol.c estimated size: 339

RF_LoRa_868_SO.c
		_ResetRFModule 		CODE           	DCD4	0000	37
		_AntennaTX     		CODE           	DB8A	0000	25
		_InitRFLoRaPins		CODE           	DB5C	0000	11

RF_LoRa_868_SO.c estimated size: 73

LoRa_com.c
		_init_LORA_communication		CODE           	E04C	0000	121

LoRa_com.c estimated size: 121

